Archive member included to satisfy reference by file (symbol)

c:/progra~1/gcc-ar~1.10/bin/../lib/gcc/arm-none-eabi/10.3.1/thumb/v7e-m+fp/hard\libgcc.a(_arm_muldf3.o)
                              CMakeFiles/clion_car_motor_hardware.elf.dir/Core/Src/contrl.c.obj (__aeabi_dmul)
c:/progra~1/gcc-ar~1.10/bin/../lib/gcc/arm-none-eabi/10.3.1/thumb/v7e-m+fp/hard\libgcc.a(_arm_addsubdf3.o)
                              CMakeFiles/clion_car_motor_hardware.elf.dir/Core/Src/contrl.c.obj (__aeabi_dadd)
c:/progra~1/gcc-ar~1.10/bin/../lib/gcc/arm-none-eabi/10.3.1/thumb/v7e-m+fp/hard\libgcc.a(_arm_fixunsdfsi.o)
                              CMakeFiles/clion_car_motor_hardware.elf.dir/Core/Src/contrl.c.obj (__aeabi_d2uiz)
c:/progra~1/gcc-ar~1.10/bin/../lib/gcc/arm-none-eabi/10.3.1/thumb/v7e-m+fp/hard\libgcc.a(_aeabi_uldivmod.o)
                              CMakeFiles/clion_car_motor_hardware.elf.dir/Drivers/STM32F4xx_HAL_Driver/Src/stm32f4xx_hal_rcc.c.obj (__aeabi_uldivmod)
c:/progra~1/gcc-ar~1.10/bin/../lib/gcc/arm-none-eabi/10.3.1/thumb/v7e-m+fp/hard\libgcc.a(_udivmoddi4.o)
                              c:/progra~1/gcc-ar~1.10/bin/../lib/gcc/arm-none-eabi/10.3.1/thumb/v7e-m+fp/hard\libgcc.a(_aeabi_uldivmod.o) (__udivmoddi4)
c:/progra~1/gcc-ar~1.10/bin/../lib/gcc/arm-none-eabi/10.3.1/thumb/v7e-m+fp/hard\libgcc.a(_dvmd_tls.o)
                              c:/progra~1/gcc-ar~1.10/bin/../lib/gcc/arm-none-eabi/10.3.1/thumb/v7e-m+fp/hard\libgcc.a(_aeabi_uldivmod.o) (__aeabi_ldiv0)
c:/progra~1/gcc-ar~1.10/bin/../lib/gcc/arm-none-eabi/10.3.1/../../../../arm-none-eabi/lib/thumb/v7e-m+fp/hard\libg.a(lib_a-errno.o)
                              CMakeFiles/clion_car_motor_hardware.elf.dir/Core/Src/retarget.c.obj (__errno)
c:/progra~1/gcc-ar~1.10/bin/../lib/gcc/arm-none-eabi/10.3.1/../../../../arm-none-eabi/lib/thumb/v7e-m+fp/hard\libg.a(lib_a-exit.o)
                              c:/progra~1/gcc-ar~1.10/bin/../lib/gcc/arm-none-eabi/10.3.1/../../../../arm-none-eabi/lib/thumb/v7e-m+fp/hard/crt0.o (exit)
c:/progra~1/gcc-ar~1.10/bin/../lib/gcc/arm-none-eabi/10.3.1/../../../../arm-none-eabi/lib/thumb/v7e-m+fp/hard\libg.a(lib_a-impure.o)
                              c:/progra~1/gcc-ar~1.10/bin/../lib/gcc/arm-none-eabi/10.3.1/../../../../arm-none-eabi/lib/thumb/v7e-m+fp/hard\libg.a(lib_a-exit.o) (_global_impure_ptr)
c:/progra~1/gcc-ar~1.10/bin/../lib/gcc/arm-none-eabi/10.3.1/../../../../arm-none-eabi/lib/thumb/v7e-m+fp/hard\libg.a(lib_a-init.o)
                              c:/progra~1/gcc-ar~1.10/bin/../lib/gcc/arm-none-eabi/10.3.1/../../../../arm-none-eabi/lib/thumb/v7e-m+fp/hard/crt0.o (__libc_init_array)
c:/progra~1/gcc-ar~1.10/bin/../lib/gcc/arm-none-eabi/10.3.1/../../../../arm-none-eabi/lib/thumb/v7e-m+fp/hard\libg.a(lib_a-memcpy.o)
                              CMakeFiles/clion_car_motor_hardware.elf.dir/Middlewares/Third_Party/FreeRTOS/Source/queue.c.obj (memcpy)
c:/progra~1/gcc-ar~1.10/bin/../lib/gcc/arm-none-eabi/10.3.1/../../../../arm-none-eabi/lib/thumb/v7e-m+fp/hard\libg.a(lib_a-memset.o)
                              c:/progra~1/gcc-ar~1.10/bin/../lib/gcc/arm-none-eabi/10.3.1/../../../../arm-none-eabi/lib/thumb/v7e-m+fp/hard/crt0.o (memset)
c:/progra~1/gcc-ar~1.10/bin/../lib/gcc/arm-none-eabi/10.3.1/../../../../arm-none-eabi/lib/thumb/v7e-m+fp/hard\libg.a(lib_a-printf.o)
                              CMakeFiles/clion_car_motor_hardware.elf.dir/Core/Src/car_task.c.obj (printf)
c:/progra~1/gcc-ar~1.10/bin/../lib/gcc/arm-none-eabi/10.3.1/../../../../arm-none-eabi/lib/thumb/v7e-m+fp/hard\libg.a(lib_a-puts.o)
                              CMakeFiles/clion_car_motor_hardware.elf.dir/Core/Src/car_task.c.obj (puts)
c:/progra~1/gcc-ar~1.10/bin/../lib/gcc/arm-none-eabi/10.3.1/../../../../arm-none-eabi/lib/thumb/v7e-m+fp/hard\libg.a(lib_a-reent.o)
                              CMakeFiles/clion_car_motor_hardware.elf.dir/Middlewares/Third_Party/FreeRTOS/Source/tasks.c.obj (_reclaim_reent)
c:/progra~1/gcc-ar~1.10/bin/../lib/gcc/arm-none-eabi/10.3.1/../../../../arm-none-eabi/lib/thumb/v7e-m+fp/hard\libg.a(lib_a-setvbuf.o)
                              CMakeFiles/clion_car_motor_hardware.elf.dir/Core/Src/retarget.c.obj (setvbuf)
c:/progra~1/gcc-ar~1.10/bin/../lib/gcc/arm-none-eabi/10.3.1/../../../../arm-none-eabi/lib/thumb/v7e-m+fp/hard\libg.a(lib_a-strlen.o)
                              c:/progra~1/gcc-ar~1.10/bin/../lib/gcc/arm-none-eabi/10.3.1/../../../../arm-none-eabi/lib/thumb/v7e-m+fp/hard\libg.a(lib_a-puts.o) (strlen)
c:/progra~1/gcc-ar~1.10/bin/../lib/gcc/arm-none-eabi/10.3.1/../../../../arm-none-eabi/lib/thumb/v7e-m+fp/hard\libg.a(lib_a-vfprintf.o)
                              c:/progra~1/gcc-ar~1.10/bin/../lib/gcc/arm-none-eabi/10.3.1/../../../../arm-none-eabi/lib/thumb/v7e-m+fp/hard\libg.a(lib_a-printf.o) (_vfprintf_r)
c:/progra~1/gcc-ar~1.10/bin/../lib/gcc/arm-none-eabi/10.3.1/../../../../arm-none-eabi/lib/thumb/v7e-m+fp/hard\libg.a(lib_a-wsetup.o)
[...]
Memory Configuration

Name             Origin             Length             Attributes
CCMRAM           0x10000000         0x00010000         xrw
RAM              0x20000000         0x00020000         xrw
FLASH            0x08000000         0x00100000         xr
*default*        0x00000000         0xffffffff

Linker script and memory map

LOAD c:/progra~1/gcc-ar~1.10/bin/../lib/gcc/arm-none-eabi/10.3.1/thumb/v7e-m+fp/hard/crti.o
LOAD c:/progra~1/gcc-ar~1.10/bin/../lib/gcc/arm-none-eabi/10.3.1/thumb/v7e-m+fp/hard/crtbegin.o
LOAD c:/progra~1/gcc-ar~1.10/bin/../lib/gcc/arm-none-eabi/10.3.1/../../../../arm-none-eabi/lib/thumb/v7e-m+fp/hard/crt0.o
LOAD CMakeFiles/clion_car_motor_hardware.elf.dir/Core/Src/bsp_bldc.c.obj
LOAD CMakeFiles/clion_car_motor_hardware.elf.dir/Core/Src/bsp_hall.c.obj
LOAD CMakeFiles/clion_car_motor_hardware.elf.dir/Core/Src/car_task.c.obj
LOAD CMakeFiles/clion_car_motor_hardware.elf.dir/Core/Src/comminicate.c.obj
LOAD CMakeFiles/clion_car_motor_hardware.elf.dir/Core/Src/contrl.c.obj
LOAD CMakeFiles/clion_car_motor_hardware.elf.dir/Core/Src/freertos.c.obj
LOAD CMakeFiles/clion_car_motor_hardware.elf.dir/Core/Src/gpio.c.obj
LOAD CMakeFiles/clion_car_motor_hardware.elf.dir/Core/Src/main.c.obj
LOAD CMakeFiles/clion_car_motor_hardware.elf.dir/Core/Src/retarget.c.obj
LOAD CMakeFiles/clion_car_motor_hardware.elf.dir/Core/Src/stm32f4xx_hal_msp.c.obj
LOAD CMakeFiles/clion_car_motor_hardware.elf.dir/Core/Src/stm32f4xx_hal_timebase_tim.c.obj
LOAD CMakeFiles/clion_car_motor_hardware.elf.dir/Core/Src/stm32f4xx_it.c.obj
LOAD CMakeFiles/clion_car_motor_hardware.elf.dir/Core/Src/syscalls.c.obj
LOAD CMakeFiles/clion_car_motor_hardware.elf.dir/Core/Src/sysmem.c.obj
LOAD CMakeFiles/clion_car_motor_hardware.elf.dir/Core/Src/system_stm32f4xx.c.obj
LOAD CMakeFiles/clion_car_motor_hardware.elf.dir/Core/Src/tim.c.obj
LOAD CMakeFiles/clion_car_motor_hardware.elf.dir/Core/Src/usart.c.obj
LOAD CMakeFiles/clion_car_motor_hardware.elf.dir/Core/Startup/startup_stm32f407igtx.s.obj
LOAD CMakeFiles/clion_car_motor_hardware.elf.dir/Drivers/STM32F4xx_HAL_Driver/Src/stm32f4xx_hal.c.obj
LOAD CMakeFiles/clion_car_motor_hardware.elf.dir/Drivers/STM32F4xx_HAL_Driver/Src/stm32f4xx_hal_cortex.c.obj
LOAD CMakeFiles/clion_car_motor_hardware.elf.dir/Drivers/STM32F4xx_HAL_Driver/Src/stm32f4xx_hal_dma.c.obj
LOAD CMakeFiles/clion_car_motor_hardware.elf.dir/Drivers/STM32F4xx_HAL_Driver/Src/stm32f4xx_hal_dma_ex.c.obj
LOAD CMakeFiles/clion_car_motor_hardware.elf.dir/Drivers/STM32F4xx_HAL_Driver/Src/stm32f4xx_hal_exti.c.obj
LOAD CMakeFiles/clion_car_motor_hardware.elf.dir/Drivers/STM32F4xx_HAL_Driver/Src/stm32f4xx_hal_flash.c.obj
LOAD CMakeFiles/clion_car_motor_hardware.elf.dir/Drivers/STM32F4xx_HAL_Driver/Src/stm32f4xx_hal_flash_ex.c.obj
LOAD CMakeFiles/clion_car_motor_hardware.elf.dir/Drivers/STM32F4xx_HAL_Driver/Src/stm32f4xx_hal_flash_ramfunc.c.obj
LOAD CMakeFiles/clion_car_motor_hardware.elf.dir/Drivers/STM32F4xx_HAL_Driver/Src/stm32f4xx_hal_gpio.c.obj
LOAD CMakeFiles/clion_car_motor_hardware.elf.dir/Drivers/STM32F4xx_HAL_Driver/Src/stm32f4xx_hal_pwr.c.obj
LOAD CMakeFiles/clion_car_motor_hardware.elf.dir/Drivers/STM32F4xx_HAL_Driver/Src/stm32f4xx_hal_pwr_ex.c.obj
LOAD CMakeFiles/clion_car_motor_hardware.elf.dir/Drivers/STM32F4xx_HAL_Driver/Src/stm32f4xx_hal_rcc.c.obj
LOAD CMakeFiles/clion_car_motor_hardware.elf.dir/Drivers/STM32F4xx_HAL_Driver/Src/stm32f4xx_hal_rcc_ex.c.obj
LOAD CMakeFiles/clion_car_motor_hardware.elf.dir/Drivers/STM32F4xx_HAL_Driver/Src/stm32f4xx_hal_tim.c.obj
LOAD CMakeFiles/clion_car_motor_hardware.elf.dir/Drivers/STM32F4xx_HAL_Driver/Src/stm32f4xx_hal_tim_ex.c.obj
LOAD CMakeFiles/clion_car_motor_hardware.elf.dir/Drivers/STM32F4xx_HAL_Driver/Src/stm32f4xx_hal_uart.c.obj
LOAD CMakeFiles/clion_car_motor_hardware.elf.dir/Middlewares/Third_Party/FreeRTOS/Source/CMSIS_RTOS/cmsis_os.c.obj
LOAD CMakeFiles/clion_car_motor_hardware.elf.dir/Middlewares/Third_Party/FreeRTOS/Source/croutine.c.obj
LOAD CMakeFiles/clion_car_motor_hardware.elf.dir/Middlewares/Third_Party/FreeRTOS/Source/event_groups.c.obj
LOAD CMakeFiles/clion_car_motor_hardware.elf.dir/Middlewares/Third_Party/FreeRTOS/Source/list.c.obj
LOAD CMakeFiles/clion_car_motor_hardware.elf.dir/Middlewares/Third_Party/FreeRTOS/Source/portable/GCC/ARM_CM4F/port.c.obj
LOAD CMakeFiles/clion_car_motor_hardware.elf.dir/Middlewares/Third_Party/FreeRTOS/Source/portable/MemMang/heap_4.c.obj
LOAD CMakeFiles/clion_car_motor_hardware.elf.dir/Middlewares/Third_Party/FreeRTOS/Source/queue.c.obj
LOAD CMakeFiles/clion_car_motor_hardware.elf.dir/Middlewares/Third_Party/FreeRTOS/Source/stream_buffer.c.obj
LOAD CMakeFiles/clion_car_motor_hardware.elf.dir/Middlewares/Third_Party/FreeRTOS/Source/tasks.c.obj
LOAD CMakeFiles/clion_car_motor_hardware.elf.dir/Middlewares/Third_Party/FreeRTOS/Source/timers.c.obj
START GROUP
LOAD c:/progra~1/gcc-ar~1.10/bin/../lib/gcc/arm-none-eabi/10.3.1/thumb/v7e-m+fp/hard\libgcc.a
LOAD c:/progra~1/gcc-ar~1.10/bin/../lib/gcc/arm-none-eabi/10.3.1/../../../../arm-none-eabi/lib/thumb/v7e-m+fp/hard\libg.a
LOAD c:/progra~1/gcc-ar~1.10/bin/../lib/gcc/arm-none-eabi/10.3.1/../../../../arm-none-eabi/lib/thumb/v7e-m+fp/hard\libc.a
END GROUP
LOAD c:/progra~1/gcc-ar~1.10/bin/../lib/gcc/arm-none-eabi/10.3.1/thumb/v7e-m+fp/hard/crtend.o
LOAD c:/progra~1/gcc-ar~1.10/bin/../lib/gcc/arm-none-eabi/10.3.1/thumb/v7e-m+fp/hard/crtn.o
                0x20020000                _estack = (ORIGIN (RAM) + LENGTH (RAM))
                0x00000200                _Min_Heap_Size = 0x200
                0x00000400                _Min_Stack_Size = 0x400

.isr_vector     0x08000000      0x188
                0x08000000                . = ALIGN (0x4)
 *(.isr_vector)
 .isr_vector    0x08000000      0x188 CMakeFiles/clion_car_motor_hardware.elf.dir/Core/Startup/startup_stm32f407igtx.s.obj
                0x08000000                g_pfnVectors
                0x08000188                . = ALIGN (0x4)

.text           0x080001c0     0xb060
                0x080001c0                . = ALIGN (0x4)
 *(.text)
 .text          0x080001c0       0x40 c:/progra~1/gcc-ar~1.10/bin/../lib/gcc/arm-none-eabi/10.3.1/thumb/v7e-m+fp/hard/crtbegin.o
 .text          0x08000200      0x378 c:/progra~1/gcc-ar~1.10/bin/../lib/gcc/arm-none-eabi/10.3.1/thumb/v7e-m+fp/hard\libgcc.a(_arm_addsubdf3.o)
                0x08000200                __aeabi_drsub
                0x08000208                __aeabi_dsub
                0x08000208                __subdf3
                0x0800020c                __aeabi_dadd
                0x0800020c                __adddf3
                0x08000484                __floatunsidf
                0x08000484                __aeabi_ui2d
                0x080004a4                __floatsidf
                0x080004a4                __aeabi_i2d
                0x080004c8                __aeabi_f2d
                0x080004c8                __extendsfdf2
                0x0800050c                __floatundidf
                0x0800050c                __aeabi_ul2d
                0x0800051c                __floatdidf
                0x0800051c                __aeabi_l2d
 .text          0x08000578       0x40 c:/progra~1/gcc-ar~1.10/bin/../lib/gcc/arm-none-eabi/10.3.1/thumb/v7e-m+fp/hard\libgcc.a(_arm_fixunsdfsi.o)
                0x08000578                __aeabi_d2uiz
                0x08000578                __fixunsdfsi
 .text          0x080005b8       0x30 c:/progra~1/gcc-ar~1.10/bin/../lib/gcc/arm-none-eabi/10.3.1/thumb/v7e-m+fp/hard\libgcc.a(_aeabi_uldivmod.o)
                0x080005b8                __aeabi_uldivmod
 .text          0x080005e8      0x2d0 c:/progra~1/gcc-ar~1.10/bin/../lib/gcc/arm-none-eabi/10.3.1/thumb/v7e-m+fp/hard\libgcc.a(_udivmoddi4.o)
                0x080005e8                __udivmoddi4
 .text          0x080008b8        0x4 c:/progra~1/gcc-ar~1.10/bin/../lib/gcc/arm-none-eabi/10.3.1/thumb/v7e-m+fp/hard\libgcc.a(_dvmd_tls.o)
                0x080008b8                __aeabi_idiv0
                0x080008b8                __aeabi_ldiv0
 .text          0x080008bc      0x134 c:/progra~1/gcc-ar~1.10/bin/../lib/gcc/arm-none-eabi/10.3.1/../../../../arm-none-eabi/lib/thumb/v7e-m+fp/hard\libg.a(lib_a-memcpy.o)
                0x080008bc                memcpy
 *fill*         0x080009f0       0x10 
 .text          0x08000a00       0xdc c:/progra~1/gcc-ar~1.10/bin/../lib/gcc/arm-none-eabi/10.3.1/../../../../arm-none-eabi/lib/thumb/v7e-m+fp/hard\libg.a(lib_a-strlen.o)
                0x08000a00                strlen
 *fill*         0x08000adc        0x4 
 .text          0x08000ae0       0xa0 c:/progra~1/gcc-ar~1.10/bin/../lib/gcc/arm-none-eabi/10.3.1/../../../../arm-none-eabi/lib/thumb/v7e-m+fp/hard\libg.a(lib_a-memchr.o)
                0x08000ae0                memchr
 .text          0x08000b80      0x424 c:/progra~1/gcc-ar~1.10/bin/../lib/gcc/arm-none-eabi/10.3.1/thumb/v7e-m+fp/hard\libgcc.a(_arm_muldivdf3.o)
                0x08000b80                __aeabi_dmul
                0x08000b80                __muldf3
                0x08000dd4                __divdf3
                0x08000dd4                __aeabi_ddiv
 .text          0x08000fa4      0x110 c:/progra~1/gcc-ar~1.10/bin/../lib/gcc/arm-none-eabi/10.3.1/thumb/v7e-m+fp/hard\libgcc.a(_arm_cmpdf2.o)
                0x08000fa4                __gtdf2
                0x08000fa4                __gedf2
                0x08000fac                __ltdf2
                0x08000fac                __ledf2
                0x08000fb4                __nedf2
                0x08000fb4                __eqdf2
                0x08000fb4                __cmpdf2
                0x08001030                __aeabi_cdrcmple
                0x08001040                __aeabi_cdcmpeq
                0x08001040                __aeabi_cdcmple
                0x08001050                __aeabi_dcmpeq
                0x08001064                __aeabi_dcmplt
                0x08001078                __aeabi_dcmple
                0x0800108c                __aeabi_dcmpge
                0x080010a0                __aeabi_dcmpgt
 .text          0x080010b4       0x2c c:/progra~1/gcc-ar~1.10/bin/../lib/gcc/arm-none-eabi/10.3.1/thumb/v7e-m+fp/hard\libgcc.a(_arm_unorddf2.o)
                0x080010b4                __unorddf2
                0x080010b4                __aeabi_dcmpun
 .text          0x080010e0       0x50 c:/progra~1/gcc-ar~1.10/bin/../lib/gcc/arm-none-eabi/10.3.1/thumb/v7e-m+fp/hard\libgcc.a(_arm_fixdfsi.o)
                0x080010e0                __aeabi_d2iz
                0x080010e0                __fixdfsi
 *(.text*)
 .text.BLDCMotor_PhaseCtrl
                0x08001130      0x228 CMakeFiles/clion_car_motor_hardware.elf.dir/Core/Src/bsp_bldc.c.obj
                0x08001130                BLDCMotor_PhaseCtrl
 .text.HALL_GetPhase
                0x08001358       0x34 CMakeFiles/clion_car_motor_hardware.elf.dir/Core/Src/bsp_hall.c.obj
                0x08001358                HALL_GetPhase
 .text.HAL_TIM_IC_CaptureCallback
                0x0800138c       0x58 CMakeFiles/clion_car_motor_hardware.elf.dir/Core/Src/bsp_hall.c.obj
                0x0800138c                HAL_TIM_IC_CaptureCallback
 .text.Car_Task_100HZ
                0x080013e4       0x5c CMakeFiles/clion_car_motor_hardware.elf.dir/Core/Src/car_task.c.obj
                0x080013e4                Car_Task_100HZ
 .text.Kinematics_Positive
                0x08001440       0x78 CMakeFiles/clion_car_motor_hardware.elf.dir/Core/Src/comminicate.c.obj
                0x08001440                Kinematics_Positive
 .text.USART1_SendChar
                0x080014b8       0x14 CMakeFiles/clion_car_motor_hardware.elf.dir/Core/Src/comminicate.c.obj
                0x080014b8                USART1_SendChar
 .text.SendTo_UbuntuPC
                0x080014cc       0x70 CMakeFiles/clion_car_motor_hardware.elf.dir/Core/Src/comminicate.c.obj
                0x080014cc                SendTo_UbuntuPC
 .text.Read_Encoder
                0x0800153c       0x2c CMakeFiles/clion_car_motor_hardware.elf.dir/Core/Src/contrl.c.obj
                0x0800153c                Read_Encoder
 .text.PWM_Limiting
                0x08001568       0x34 CMakeFiles/clion_car_motor_hardware.elf.dir/Core/Src/contrl.c.obj
                0x08001568                PWM_Limiting
 *fill*         0x0800159c        0x4 
 .text.Set_PWM  0x080015a0      0x110 CMakeFiles/clion_car_motor_hardware.elf.dir/Core/Src/contrl.c.obj
                0x080015a0                Set_PWM
 .text.StartTask_uart2
                0x080016b0        0xc CMakeFiles/clion_car_motor_hardware.elf.dir/Core/Src/freertos.c.obj
                0x080016b0                StartTask_uart2
 .text.StartTask_IMU
                0x080016bc        0xc CMakeFiles/clion_car_motor_hardware.elf.dir/Core/Src/freertos.c.obj
                0x080016bc                StartTask_IMU
 .text.StartTask_uart1
                0x080016c8       0x10 CMakeFiles/clion_car_motor_hardware.elf.dir/Core/Src/freertos.c.obj
                0x080016c8                StartTask_uart1
 .text.StartTask_PID
                0x080016d8       0x10 CMakeFiles/clion_car_motor_hardware.elf.dir/Core/Src/freertos.c.obj
                0x080016d8                StartTask_PID
 .text.vApplicationGetIdleTaskMemory
                0x080016e8       0x18 CMakeFiles/clion_car_motor_hardware.elf.dir/Core/Src/freertos.c.obj
                0x080016e8                vApplicationGetIdleTaskMemory
 .text.MX_FREERTOS_Init
                0x08001700       0xac CMakeFiles/clion_car_motor_hardware.elf.dir/Core/Src/freertos.c.obj
                0x08001700                MX_FREERTOS_Init
 .text.MX_GPIO_Init
                0x080017ac       0xb4 CMakeFiles/clion_car_motor_hardware.elf.dir/Core/Src/gpio.c.obj
                0x080017ac                MX_GPIO_Init
 .text.HAL_TIM_PeriodElapsedCallback
                0x08001860       0x18 CMakeFiles/clion_car_motor_hardware.elf.dir/Core/Src/main.c.obj
                0x08001860                HAL_TIM_PeriodElapsedCallback
 .text.Error_Handler
                0x08001878        0x4 CMakeFiles/clion_car_motor_hardware.elf.dir/Core/Src/main.c.obj
                0x08001878                Error_Handler
 .text.SystemClock_Config
                0x0800187c       0xac CMakeFiles/clion_car_motor_hardware.elf.dir/Core/Src/main.c.obj
                0x0800187c                SystemClock_Config
 .text.main     0x08001928       0x58 CMakeFiles/clion_car_motor_hardware.elf.dir/Core/Src/main.c.obj
                0x08001928                main
 .text.RetargetInit
                0x08001980       0x20 CMakeFiles/clion_car_motor_hardware.elf.dir/Core/Src/retarget.c.obj
                0x08001980                RetargetInit
 .text._isatty  0x080019a0       0x16 CMakeFiles/clion_car_motor_hardware.elf.dir/Core/Src/retarget.c.obj
                0x080019a0                _isatty
 *fill*         0x080019b6        0x2 
 .text._write   0x080019b8       0x34 CMakeFiles/clion_car_motor_hardware.elf.dir/Core/Src/retarget.c.obj
                0x080019b8                _write
 .text._close   0x080019ec       0x18 CMakeFiles/clion_car_motor_hardware.elf.dir/Core/Src/retarget.c.obj
                0x080019ec                _close
 .text._lseek   0x08001a04       0x10 CMakeFiles/clion_car_motor_hardware.elf.dir/Core/Src/retarget.c.obj
                0x08001a04                _lseek
 .text._read    0x08001a14       0x30 CMakeFiles/clion_car_motor_hardware.elf.dir/Core/Src/retarget.c.obj
                0x08001a14                _read
 .text._fstat   0x08001a44       0x1a CMakeFiles/clion_car_motor_hardware.elf.dir/Core/Src/retarget.c.obj
                0x08001a44                _fstat
 *fill*         0x08001a5e        0x2 
 .text.HAL_MspInit
                0x08001a60       0x44 CMakeFiles/clion_car_motor_hardware.elf.dir/Core/Src/stm32f4xx_hal_msp.c.obj
                0x08001a60                HAL_MspInit
 .text.HAL_InitTick
                0x08001aa4       0xa4 CMakeFiles/clion_car_motor_hardware.elf.dir/Core/Src/stm32f4xx_hal_timebase_tim.c.obj
                0x08001aa4                HAL_InitTick
 .text.NMI_Handler
                0x08001b48        0x2 CMakeFiles/clion_car_motor_hardware.elf.dir/Core/Src/stm32f4xx_it.c.obj
                0x08001b48                NMI_Handler
 .text.HardFault_Handler
                0x08001b4a        0x2 CMakeFiles/clion_car_motor_hardware.elf.dir/Core/Src/stm32f4xx_it.c.obj
                0x08001b4a                HardFault_Handler
 .text.MemManage_Handler
                0x08001b4c        0x2 CMakeFiles/clion_car_motor_hardware.elf.dir/Core/Src/stm32f4xx_it.c.obj
                0x08001b4c                MemManage_Handler
 .text.BusFault_Handler
                0x08001b4e        0x2 CMakeFiles/clion_car_motor_hardware.elf.dir/Core/Src/stm32f4xx_it.c.obj
                0x08001b4e                BusFault_Handler
 .text.UsageFault_Handler
                0x08001b50        0x2 CMakeFiles/clion_car_motor_hardware.elf.dir/Core/Src/stm32f4xx_it.c.obj
                0x08001b50                UsageFault_Handler
 .text.DebugMon_Handler
                0x08001b52        0x2 CMakeFiles/clion_car_motor_hardware.elf.dir/Core/Src/stm32f4xx_it.c.obj
                0x08001b52                DebugMon_Handler
 .text.TIM4_IRQHandler
                0x08001b54       0x10 CMakeFiles/clion_car_motor_hardware.elf.dir/Core/Src/stm32f4xx_it.c.obj
                0x08001b54                TIM4_IRQHandler
 .text.USART1_IRQHandler
                0x08001b64       0x20 CMakeFiles/clion_car_motor_hardware.elf.dir/Core/Src/stm32f4xx_it.c.obj
                0x08001b64                USART1_IRQHandler
 .text.USART2_IRQHandler
                0x08001b84       0x10 CMakeFiles/clion_car_motor_hardware.elf.dir/Core/Src/stm32f4xx_it.c.obj
                0x08001b84                USART2_IRQHandler
 .text.TIM5_IRQHandler
                0x08001b94       0x10 CMakeFiles/clion_car_motor_hardware.elf.dir/Core/Src/stm32f4xx_it.c.obj
                0x08001b94                TIM5_IRQHandler
 .text.TIM6_DAC_IRQHandler
                0x08001ba4       0x10 CMakeFiles/clion_car_motor_hardware.elf.dir/Core/Src/stm32f4xx_it.c.obj
                0x08001ba4                TIM6_DAC_IRQHandler
 .text.HAL_UART_RxCpltCallback
                0x08001bb4       0x84 CMakeFiles/clion_car_motor_hardware.elf.dir/Core/Src/stm32f4xx_it.c.obj
                0x08001bb4                HAL_UART_RxCpltCallback
 .text._getpid  0x08001c38        0x4 CMakeFiles/clion_car_motor_hardware.elf.dir/Core/Src/syscalls.c.obj
                0x08001c38                _getpid
 .text._kill    0x08001c3c       0x10 CMakeFiles/clion_car_motor_hardware.elf.dir/Core/Src/syscalls.c.obj
                0x08001c3c                _kill
 .text._exit    0x08001c4c        0xc CMakeFiles/clion_car_motor_hardware.elf.dir/Core/Src/syscalls.c.obj
                0x08001c4c                _exit
 .text._sbrk    0x08001c58       0x48 CMakeFiles/clion_car_motor_hardware.elf.dir/Core/Src/sysmem.c.obj
                0x08001c58                _sbrk
 .text.SystemInit
                0x08001ca0       0x14 CMakeFiles/clion_car_motor_hardware.elf.dir/Core/Src/system_stm32f4xx.c.obj
                0x08001ca0                SystemInit
 .text.MX_TIM4_Init
                0x08001cb4       0x5c CMakeFiles/clion_car_motor_hardware.elf.dir/Core/Src/tim.c.obj
                0x08001cb4                MX_TIM4_Init
 .text.MX_TIM5_Init
                0x08001d10       0x5c CMakeFiles/clion_car_motor_hardware.elf.dir/Core/Src/tim.c.obj
                0x08001d10                MX_TIM5_Init
 .text.HAL_TIM_PWM_MspInit
                0x08001d6c       0x30 CMakeFiles/clion_car_motor_hardware.elf.dir/Core/Src/tim.c.obj
                0x08001d6c                HAL_TIM_PWM_MspInit
 .text.HAL_TIMEx_HallSensor_MspInit
                0x08001d9c      0x108 CMakeFiles/clion_car_motor_hardware.elf.dir/Core/Src/tim.c.obj
                0x08001d9c                HAL_TIMEx_HallSensor_MspInit
 .text.HAL_TIM_MspPostInit
                0x08001ea4       0x58 CMakeFiles/clion_car_motor_hardware.elf.dir/Core/Src/tim.c.obj
                0x08001ea4                HAL_TIM_MspPostInit
 .text.MX_TIM3_Init
                0x08001efc       0x94 CMakeFiles/clion_car_motor_hardware.elf.dir/Core/Src/tim.c.obj
                0x08001efc                MX_TIM3_Init
 .text.MX_USART1_UART_Init
                0x08001f90       0x34 CMakeFiles/clion_car_motor_hardware.elf.dir/Core/Src/usart.c.obj
                0x08001f90                MX_USART1_UART_Init
 .text.MX_USART2_UART_Init
                0x08001fc4       0x34 CMakeFiles/clion_car_motor_hardware.elf.dir/Core/Src/usart.c.obj
                0x08001fc4                MX_USART2_UART_Init
 .text.HAL_UART_MspInit
                0x08001ff8       0xec CMakeFiles/clion_car_motor_hardware.elf.dir/Core/Src/usart.c.obj
                0x08001ff8                HAL_UART_MspInit
 .text.Reset_Handler
                0x080020e4       0x50 CMakeFiles/clion_car_motor_hardware.elf.dir/Core/Startup/startup_stm32f407igtx.s.obj
                0x080020e4                Reset_Handler
 .text.Default_Handler
                0x08002134        0x2 CMakeFiles/clion_car_motor_hardware.elf.dir/Core/Startup/startup_stm32f407igtx.s.obj
                0x08002134                RTC_Alarm_IRQHandler
                0x08002134                HASH_RNG_IRQHandler
                0x08002134                EXTI2_IRQHandler
                0x08002134                TIM8_CC_IRQHandler
                0x08002134                TIM1_CC_IRQHandler
                0x08002134                DMA2_Stream5_IRQHandler
                0x08002134                DMA1_Stream5_IRQHandler
                0x08002134                PVD_IRQHandler
                0x08002134                SDIO_IRQHandler
                0x08002134                TAMP_STAMP_IRQHandler
                0x08002134                CAN2_RX1_IRQHandler
                0x08002134                EXTI3_IRQHandler
                0x08002134                TIM8_TRG_COM_TIM14_IRQHandler
                0x08002134                TIM1_UP_TIM10_IRQHandler
                0x08002134                TIM8_UP_TIM13_IRQHandler
                0x08002134                I2C3_ER_IRQHandler
                0x08002134                EXTI0_IRQHandler
                0x08002134                I2C2_EV_IRQHandler
                0x08002134                DMA1_Stream2_IRQHandler
                0x08002134                CAN1_RX0_IRQHandler
                0x08002134                FPU_IRQHandler
                0x08002134                OTG_HS_WKUP_IRQHandler
                0x08002134                CAN2_SCE_IRQHandler
                0x08002134                DMA2_Stream2_IRQHandler
                0x08002134                SPI1_IRQHandler
                0x08002134                TIM1_BRK_TIM9_IRQHandler
                0x08002134                DCMI_IRQHandler
                0x08002134                CAN2_RX0_IRQHandler
                0x08002134                DMA2_Stream3_IRQHandler
                0x08002134                USART6_IRQHandler
                0x08002134                USART3_IRQHandler
                0x08002134                CAN1_RX1_IRQHandler
                0x08002134                UART5_IRQHandler
                0x08002134                DMA2_Stream0_IRQHandler
                0x08002134                I2C1_EV_IRQHandler
                0x08002134                DMA1_Stream6_IRQHandler
                0x08002134                DMA1_Stream1_IRQHandler
                0x08002134                UART4_IRQHandler
                0x08002134                TIM3_IRQHandler
                0x08002134                RCC_IRQHandler
                0x08002134                TIM8_BRK_TIM12_IRQHandler
                0x08002134                Default_Handler
                0x08002134                EXTI15_10_IRQHandler
                0x08002134                ADC_IRQHandler
                0x08002134                DMA1_Stream7_IRQHandler
                0x08002134                TIM7_IRQHandler
                0x08002134                CAN2_TX_IRQHandler
                0x08002134                DMA2_Stream7_IRQHandler
                0x08002134                I2C3_EV_IRQHandler
                0x08002134                EXTI9_5_IRQHandler
                0x08002134                RTC_WKUP_IRQHandler
                0x08002134                ETH_WKUP_IRQHandler
                0x08002134                SPI2_IRQHandler
                0x08002134                OTG_HS_EP1_IN_IRQHandler
                0x08002134                DMA1_Stream0_IRQHandler
                0x08002134                CAN1_TX_IRQHandler
                0x08002134                EXTI4_IRQHandler
                0x08002134                FSMC_IRQHandler
                0x08002134                ETH_IRQHandler
                0x08002134                OTG_HS_EP1_OUT_IRQHandler
                0x08002134                WWDG_IRQHandler
                0x08002134                TIM2_IRQHandler
                0x08002134                OTG_FS_WKUP_IRQHandler
                0x08002134                TIM1_TRG_COM_TIM11_IRQHandler
                0x08002134                OTG_HS_IRQHandler
                0x08002134                EXTI1_IRQHandler
                0x08002134                I2C2_ER_IRQHandler
                0x08002134                DMA2_Stream1_IRQHandler
                0x08002134                CAN1_SCE_IRQHandler
                0x08002134                FLASH_IRQHandler
                0x08002134                DMA2_Stream4_IRQHandler
                0x08002134                OTG_FS_IRQHandler
                0x08002134                SPI3_IRQHandler
                0x08002134                DMA1_Stream4_IRQHandler
                0x08002134                I2C1_ER_IRQHandler
                0x08002134                DMA2_Stream6_IRQHandler
                0x08002134                DMA1_Stream3_IRQHandler
 *fill*         0x08002136        0x2 
 .text.HAL_Init
                0x08002138       0x34 CMakeFiles/clion_car_motor_hardware.elf.dir/Drivers/STM32F4xx_HAL_Driver/Src/stm32f4xx_hal.c.obj
                0x08002138                HAL_Init
 .text.HAL_IncTick
                0x0800216c       0x18 CMakeFiles/clion_car_motor_hardware.elf.dir/Drivers/STM32F4xx_HAL_Driver/Src/stm32f4xx_hal.c.obj
                0x0800216c                HAL_IncTick
 .text.HAL_GetTick
                0x08002184        0xc CMakeFiles/clion_car_motor_hardware.elf.dir/Drivers/STM32F4xx_HAL_Driver/Src/stm32f4xx_hal.c.obj
                0x08002184                HAL_GetTick
 .text.HAL_NVIC_SetPriorityGrouping
                0x08002190       0x24 CMakeFiles/clion_car_motor_hardware.elf.dir/Drivers/STM32F4xx_HAL_Driver/Src/stm32f4xx_hal_cortex.c.obj
                0x08002190                HAL_NVIC_SetPriorityGrouping
 .text.HAL_NVIC_SetPriority
                0x080021b4       0x70 CMakeFiles/clion_car_motor_hardware.elf.dir/Drivers/STM32F4xx_HAL_Driver/Src/stm32f4xx_hal_cortex.c.obj
                0x080021b4                HAL_NVIC_SetPriority
 .text.HAL_NVIC_EnableIRQ
                0x08002224       0x1c CMakeFiles/clion_car_motor_hardware.elf.dir/Drivers/STM32F4xx_HAL_Driver/Src/stm32f4xx_hal_cortex.c.obj
                0x08002224                HAL_NVIC_EnableIRQ
 .text.HAL_DMA_Abort
                0x08002240       0x94 CMakeFiles/clion_car_motor_hardware.elf.dir/Drivers/STM32F4xx_HAL_Driver/Src/stm32f4xx_hal_dma.c.obj
                0x08002240                HAL_DMA_Abort
 .text.HAL_DMA_Abort_IT
                0x080022d4       0x26 CMakeFiles/clion_car_motor_hardware.elf.dir/Drivers/STM32F4xx_HAL_Driver/Src/stm32f4xx_hal_dma.c.obj
                0x080022d4                HAL_DMA_Abort_IT
 *fill*         0x080022fa        0x2 
 .text.HAL_GPIO_Init
                0x080022fc      0x1e4 CMakeFiles/clion_car_motor_hardware.elf.dir/Drivers/STM32F4xx_HAL_Driver/Src/stm32f4xx_hal_gpio.c.obj
                0x080022fc                HAL_GPIO_Init
 .text.HAL_GPIO_ReadPin
                0x080024e0        0xe CMakeFiles/clion_car_motor_hardware.elf.dir/Drivers/STM32F4xx_HAL_Driver/Src/stm32f4xx_hal_gpio.c.obj
                0x080024e0                HAL_GPIO_ReadPin
 .text.HAL_GPIO_WritePin
                0x080024ee        0xc CMakeFiles/clion_car_motor_hardware.elf.dir/Drivers/STM32F4xx_HAL_Driver/Src/stm32f4xx_hal_gpio.c.obj
                0x080024ee                HAL_GPIO_WritePin
 *fill*         0x080024fa        0x2 
 .text.HAL_RCC_OscConfig
                0x080024fc      0x3f8 CMakeFiles/clion_car_motor_hardware.elf.dir/Drivers/STM32F4xx_HAL_Driver/Src/stm32f4xx_hal_rcc.c.obj
                0x080024fc                HAL_RCC_OscConfig
 .text.HAL_RCC_GetSysClockFreq
                0x080028f4       0xd4 CMakeFiles/clion_car_motor_hardware.elf.dir/Drivers/STM32F4xx_HAL_Driver/Src/stm32f4xx_hal_rcc.c.obj
                0x080028f4                HAL_RCC_GetSysClockFreq
 .text.HAL_RCC_ClockConfig
                0x080029c8      0x160 CMakeFiles/clion_car_motor_hardware.elf.dir/Drivers/STM32F4xx_HAL_Driver/Src/stm32f4xx_hal_rcc.c.obj
                0x080029c8                HAL_RCC_ClockConfig
 .text.HAL_RCC_GetHCLKFreq
                0x08002b28        0xc CMakeFiles/clion_car_motor_hardware.elf.dir/Drivers/STM32F4xx_HAL_Driver/Src/stm32f4xx_hal_rcc.c.obj
                0x08002b28                HAL_RCC_GetHCLKFreq
 .text.HAL_RCC_GetPCLK1Freq
                0x08002b34       0x20 CMakeFiles/clion_car_motor_hardware.elf.dir/Drivers/STM32F4xx_HAL_Driver/Src/stm32f4xx_hal_rcc.c.obj
                0x08002b34                HAL_RCC_GetPCLK1Freq
 .text.HAL_RCC_GetPCLK2Freq
                0x08002b54       0x20 CMakeFiles/clion_car_motor_hardware.elf.dir/Drivers/STM32F4xx_HAL_Driver/Src/stm32f4xx_hal_rcc.c.obj
                0x08002b54                HAL_RCC_GetPCLK2Freq
 .text.HAL_RCC_GetClockConfig
                0x08002b74       0x3c CMakeFiles/clion_car_motor_hardware.elf.dir/Drivers/STM32F4xx_HAL_Driver/Src/stm32f4xx_hal_rcc.c.obj
                0x08002b74                HAL_RCC_GetClockConfig
 .text.TIM_OC1_SetConfig
                0x08002bb0       0x68 CMakeFiles/clion_car_motor_hardware.elf.dir/Drivers/STM32F4xx_HAL_Driver/Src/stm32f4xx_hal_tim.c.obj
 .text.TIM_OC3_SetConfig
                0x08002c18       0x70 CMakeFiles/clion_car_motor_hardware.elf.dir/Drivers/STM32F4xx_HAL_Driver/Src/stm32f4xx_hal_tim.c.obj
 .text.TIM_OC4_SetConfig
                0x08002c88       0x50 CMakeFiles/clion_car_motor_hardware.elf.dir/Drivers/STM32F4xx_HAL_Driver/Src/stm32f4xx_hal_tim.c.obj
 .text.HAL_TIM_Base_MspInit
                0x08002cd8        0x2 CMakeFiles/clion_car_motor_hardware.elf.dir/Drivers/STM32F4xx_HAL_Driver/Src/stm32f4xx_hal_tim.c.obj
                0x08002cd8                HAL_TIM_Base_MspInit
 *fill*         0x08002cda        0x2 
 .text.HAL_TIM_Base_Start_IT
                0x08002cdc       0x88 CMakeFiles/clion_car_motor_hardware.elf.dir/Drivers/STM32F4xx_HAL_Driver/Src/stm32f4xx_hal_tim.c.obj
                0x08002cdc                HAL_TIM_Base_Start_IT
 .text.HAL_TIM_OC_DelayElapsedCallback
                0x08002d64        0x2 CMakeFiles/clion_car_motor_hardware.elf.dir/Drivers/STM32F4xx_HAL_Driver/Src/stm32f4xx_hal_tim.c.obj
                0x08002d64                HAL_TIM_OC_DelayElapsedCallback
 .text.HAL_TIM_PWM_PulseFinishedCallback
                0x08002d66        0x2 CMakeFiles/clion_car_motor_hardware.elf.dir/Drivers/STM32F4xx_HAL_Driver/Src/stm32f4xx_hal_tim.c.obj
                0x08002d66                HAL_TIM_PWM_PulseFinishedCallback
 .text.HAL_TIM_TriggerCallback
                0x08002d68        0x2 CMakeFiles/clion_car_motor_hardware.elf.dir/Drivers/STM32F4xx_HAL_Driver/Src/stm32f4xx_hal_tim.c.obj
                0x08002d68                HAL_TIM_TriggerCallback
 .text.HAL_TIM_IRQHandler
                0x08002d6a      0x17a CMakeFiles/clion_car_motor_hardware.elf.dir/Drivers/STM32F4xx_HAL_Driver/Src/stm32f4xx_hal_tim.c.obj
                0x08002d6a                HAL_TIM_IRQHandler
 .text.TIM_Base_SetConfig
                0x08002ee4       0xc8 CMakeFiles/clion_car_motor_hardware.elf.dir/Drivers/STM32F4xx_HAL_Driver/Src/stm32f4xx_hal_tim.c.obj
                0x08002ee4                TIM_Base_SetConfig
 .text.HAL_TIM_Base_Init
                0x08002fac       0x58 CMakeFiles/clion_car_motor_hardware.elf.dir/Drivers/STM32F4xx_HAL_Driver/Src/stm32f4xx_hal_tim.c.obj
                0x08002fac                HAL_TIM_Base_Init
 .text.HAL_TIM_PWM_Init
                0x08003004       0x58 CMakeFiles/clion_car_motor_hardware.elf.dir/Drivers/STM32F4xx_HAL_Driver/Src/stm32f4xx_hal_tim.c.obj
                0x08003004                HAL_TIM_PWM_Init
 .text.TIM_OC2_SetConfig
                0x0800305c       0x70 CMakeFiles/clion_car_motor_hardware.elf.dir/Drivers/STM32F4xx_HAL_Driver/Src/stm32f4xx_hal_tim.c.obj
                0x0800305c                TIM_OC2_SetConfig
 .text.HAL_TIM_PWM_ConfigChannel
                0x080030cc       0xdc CMakeFiles/clion_car_motor_hardware.elf.dir/Drivers/STM32F4xx_HAL_Driver/Src/stm32f4xx_hal_tim.c.obj
                0x080030cc                HAL_TIM_PWM_ConfigChannel
 .text.TIM_TI1_SetConfig
                0x080031a8       0x7c CMakeFiles/clion_car_motor_hardware.elf.dir/Drivers/STM32F4xx_HAL_Driver/Src/stm32f4xx_hal_tim.c.obj
                0x080031a8                TIM_TI1_SetConfig
 .text.TIM_CCxChannelCmd
                0x08003224       0x1e CMakeFiles/clion_car_motor_hardware.elf.dir/Drivers/STM32F4xx_HAL_Driver/Src/stm32f4xx_hal_tim.c.obj
                0x08003224                TIM_CCxChannelCmd
 *fill*         0x08003242        0x2 
 .text.HAL_TIM_PWM_Start
                0x08003244      0x104 CMakeFiles/clion_car_motor_hardware.elf.dir/Drivers/STM32F4xx_HAL_Driver/Src/stm32f4xx_hal_tim.c.obj
                0x08003244                HAL_TIM_PWM_Start
 .text.HAL_TIM_PWM_Stop
                0x08003348       0x8c CMakeFiles/clion_car_motor_hardware.elf.dir/Drivers/STM32F4xx_HAL_Driver/Src/stm32f4xx_hal_tim.c.obj
                0x08003348                HAL_TIM_PWM_Stop
 .text.TIM_CCxNChannelCmd
                0x080033d4       0x1e CMakeFiles/clion_car_motor_hardware.elf.dir/Drivers/STM32F4xx_HAL_Driver/Src/stm32f4xx_hal_tim_ex.c.obj
 .text.HAL_TIMEx_HallSensor_Init
                0x080033f2       0xd4 CMakeFiles/clion_car_motor_hardware.elf.dir/Drivers/STM32F4xx_HAL_Driver/Src/stm32f4xx_hal_tim_ex.c.obj
                0x080033f2                HAL_TIMEx_HallSensor_Init
 *fill*         0x080034c6        0x2 
 .text.HAL_TIMEx_PWMN_Start
                0x080034c8       0xf8 CMakeFiles/clion_car_motor_hardware.elf.dir/Drivers/STM32F4xx_HAL_Driver/Src/stm32f4xx_hal_tim_ex.c.obj
                0x080034c8                HAL_TIMEx_PWMN_Start
 .text.HAL_TIMEx_PWMN_Stop
                0x080035c0       0x76 CMakeFiles/clion_car_motor_hardware.elf.dir/Drivers/STM32F4xx_HAL_Driver/Src/stm32f4xx_hal_tim_ex.c.obj
                0x080035c0                HAL_TIMEx_PWMN_Stop
 *fill*         0x08003636        0x2 
 .text.HAL_TIMEx_MasterConfigSynchronization
                0x08003638       0x8c CMakeFiles/clion_car_motor_hardware.elf.dir/Drivers/STM32F4xx_HAL_Driver/Src/stm32f4xx_hal_tim_ex.c.obj
                0x08003638                HAL_TIMEx_MasterConfigSynchronization
 .text.HAL_TIMEx_CommutCallback
                0x080036c4        0x2 CMakeFiles/clion_car_motor_hardware.elf.dir/Drivers/STM32F4xx_HAL_Driver/Src/stm32f4xx_hal_tim_ex.c.obj
                0x080036c4                HAL_TIMEx_CommutCallback
 .text.HAL_TIMEx_BreakCallback
                0x080036c6        0x2 CMakeFiles/clion_car_motor_hardware.elf.dir/Drivers/STM32F4xx_HAL_Driver/Src/stm32f4xx_hal_tim_ex.c.obj
                0x080036c6                HAL_TIMEx_BreakCallback
 .text.UART_EndRxTransfer
                0x080036c8       0x5c CMakeFiles/clion_car_motor_hardware.elf.dir/Drivers/STM32F4xx_HAL_Driver/Src/stm32f4xx_hal_uart.c.obj
 .text.UART_Transmit_IT
                0x08003724       0x60 CMakeFiles/clion_car_motor_hardware.elf.dir/Drivers/STM32F4xx_HAL_Driver/Src/stm32f4xx_hal_uart.c.obj
 .text.UART_SetConfig
                0x08003784      0x110 CMakeFiles/clion_car_motor_hardware.elf.dir/Drivers/STM32F4xx_HAL_Driver/Src/stm32f4xx_hal_uart.c.obj
 .text.UART_WaitOnFlagUntilTimeout
                0x08003894       0x88 CMakeFiles/clion_car_motor_hardware.elf.dir/Drivers/STM32F4xx_HAL_Driver/Src/stm32f4xx_hal_uart.c.obj
 .text.HAL_UART_Init
                0x0800391c       0x5e CMakeFiles/clion_car_motor_hardware.elf.dir/Drivers/STM32F4xx_HAL_Driver/Src/stm32f4xx_hal_uart.c.obj
                0x0800391c                HAL_UART_Init
 .text.HAL_UART_Transmit
                0x0800397a       0xd8 CMakeFiles/clion_car_motor_hardware.elf.dir/Drivers/STM32F4xx_HAL_Driver/Src/stm32f4xx_hal_uart.c.obj
                0x0800397a                HAL_UART_Transmit
 .text.HAL_UART_Receive
                0x08003a52       0xe4 CMakeFiles/clion_car_motor_hardware.elf.dir/Drivers/STM32F4xx_HAL_Driver/Src/stm32f4xx_hal_uart.c.obj
                0x08003a52                HAL_UART_Receive
 .text.HAL_UART_TxCpltCallback
                0x08003b36        0x2 CMakeFiles/clion_car_motor_hardware.elf.dir/Drivers/STM32F4xx_HAL_Driver/Src/stm32f4xx_hal_uart.c.obj
                0x08003b36                HAL_UART_TxCpltCallback
 .text.UART_EndTransmit_IT
                0x08003b38       0x1a CMakeFiles/clion_car_motor_hardware.elf.dir/Drivers/STM32F4xx_HAL_Driver/Src/stm32f4xx_hal_uart.c.obj
 .text.HAL_UART_ErrorCallback
                0x08003b52        0x2 CMakeFiles/clion_car_motor_hardware.elf.dir/Drivers/STM32F4xx_HAL_Driver/Src/stm32f4xx_hal_uart.c.obj
                0x08003b52                HAL_UART_ErrorCallback
 .text.UART_DMAAbortOnError
                0x08003b54       0x10 CMakeFiles/clion_car_motor_hardware.elf.dir/Drivers/STM32F4xx_HAL_Driver/Src/stm32f4xx_hal_uart.c.obj
 .text.HAL_UARTEx_RxEventCallback
                0x08003b64        0x2 CMakeFiles/clion_car_motor_hardware.elf.dir/Drivers/STM32F4xx_HAL_Driver/Src/stm32f4xx_hal_uart.c.obj
                0x08003b64                HAL_UARTEx_RxEventCallback
 .text.UART_Receive_IT
                0x08003b66       0xe2 CMakeFiles/clion_car_motor_hardware.elf.dir/Drivers/STM32F4xx_HAL_Driver/Src/stm32f4xx_hal_uart.c.obj
 .text.HAL_UART_IRQHandler
                0x08003c48      0x280 CMakeFiles/clion_car_motor_hardware.elf.dir/Drivers/STM32F4xx_HAL_Driver/Src/stm32f4xx_hal_uart.c.obj
                0x08003c48                HAL_UART_IRQHandler
 .text.UART_Start_Receive_IT
                0x08003ec8       0x3a CMakeFiles/clion_car_motor_hardware.elf.dir/Drivers/STM32F4xx_HAL_Driver/Src/stm32f4xx_hal_uart.c.obj
                0x08003ec8                UART_Start_Receive_IT
 .text.HAL_UART_Receive_IT
                0x08003f02       0x38 CMakeFiles/clion_car_motor_hardware.elf.dir/Drivers/STM32F4xx_HAL_Driver/Src/stm32f4xx_hal_uart.c.obj
                0x08003f02                HAL_UART_Receive_IT
 .text.makeFreeRtosPriority
                0x08003f3a        0xc CMakeFiles/clion_car_motor_hardware.elf.dir/Middlewares/Third_Party/FreeRTOS/Source/CMSIS_RTOS/cmsis_os.c.obj
 .text.osKernelStart
                0x08003f46        0xa CMakeFiles/clion_car_motor_hardware.elf.dir/Middlewares/Third_Party/FreeRTOS/Source/CMSIS_RTOS/cmsis_os.c.obj
                0x08003f46                osKernelStart
 .text.osThreadCreate
                0x08003f50       0x6a CMakeFiles/clion_car_motor_hardware.elf.dir/Middlewares/Third_Party/FreeRTOS/Source/CMSIS_RTOS/cmsis_os.c.obj
                0x08003f50                osThreadCreate
 .text.osDelay  0x08003fba        0xe CMakeFiles/clion_car_motor_hardware.elf.dir/Middlewares/Third_Party/FreeRTOS/Source/CMSIS_RTOS/cmsis_os.c.obj
                0x08003fba                osDelay
 .text.vListInitialise
                0x08003fc8       0x16 CMakeFiles/clion_car_motor_hardware.elf.dir/Middlewares/Third_Party/FreeRTOS/Source/list.c.obj
                0x08003fc8                vListInitialise
 .text.vListInitialiseItem
                0x08003fde        0x6 CMakeFiles/clion_car_motor_hardware.elf.dir/Middlewares/Third_Party/FreeRTOS/Source/list.c.obj
                0x08003fde                vListInitialiseItem
 .text.vListInsertEnd
                0x08003fe4       0x16 CMakeFiles/clion_car_motor_hardware.elf.dir/Middlewares/Third_Party/FreeRTOS/Source/list.c.obj
                0x08003fe4                vListInsertEnd
 .text.vListInsert
                0x08003ffa       0x32 CMakeFiles/clion_car_motor_hardware.elf.dir/Middlewares/Third_Party/FreeRTOS/Source/list.c.obj
                0x08003ffa                vListInsert
 .text.uxListRemove
                0x0800402c       0x26 CMakeFiles/clion_car_motor_hardware.elf.dir/Middlewares/Third_Party/FreeRTOS/Source/list.c.obj
                0x0800402c                uxListRemove
 *fill*         0x08004052        0x2 
 .text.prvTaskExitError
                0x08004054       0x40 CMakeFiles/clion_car_motor_hardware.elf.dir/Middlewares/Third_Party/FreeRTOS/Source/portable/GCC/ARM_CM4F/port.c.obj
 .text.prvPortStartFirstTask
                0x08004094       0x28 CMakeFiles/clion_car_motor_hardware.elf.dir/Middlewares/Third_Party/FreeRTOS/Source/portable/GCC/ARM_CM4F/port.c.obj
 .text.vPortEnableVFP
                0x080040bc       0x14 CMakeFiles/clion_car_motor_hardware.elf.dir/Middlewares/Third_Party/FreeRTOS/Source/portable/GCC/ARM_CM4F/port.c.obj
 .text.pxPortInitialiseStack
                0x080040d0       0x2c CMakeFiles/clion_car_motor_hardware.elf.dir/Middlewares/Third_Party/FreeRTOS/Source/portable/GCC/ARM_CM4F/port.c.obj
                0x080040d0                pxPortInitialiseStack
 *fill*         0x080040fc        0x4 
 .text.SVC_Handler
                0x08004100       0x24 CMakeFiles/clion_car_motor_hardware.elf.dir/Middlewares/Third_Party/FreeRTOS/Source/portable/GCC/ARM_CM4F/port.c.obj
                0x08004100                SVC_Handler
 .text.vPortEnterCritical
                0x08004124       0x44 CMakeFiles/clion_car_motor_hardware.elf.dir/Middlewares/Third_Party/FreeRTOS/Source/portable/GCC/ARM_CM4F/port.c.obj
                0x08004124                vPortEnterCritical
 .text.vPortExitCritical
                0x08004168       0x2c CMakeFiles/clion_car_motor_hardware.elf.dir/Middlewares/Third_Party/FreeRTOS/Source/portable/GCC/ARM_CM4F/port.c.obj
                0x08004168                vPortExitCritical
 *fill*         0x08004194        0xc 
 .text.PendSV_Handler
                0x080041a0       0x64 CMakeFiles/clion_car_motor_hardware.elf.dir/Middlewares/Third_Party/FreeRTOS/Source/portable/GCC/ARM_CM4F/port.c.obj
                0x080041a0                PendSV_Handler
 .text.SysTick_Handler
                0x08004204       0x2c CMakeFiles/clion_car_motor_hardware.elf.dir/Middlewares/Third_Party/FreeRTOS/Source/portable/GCC/ARM_CM4F/port.c.obj
                0x08004204                SysTick_Handler
 .text.vPortSetupTimerInterrupt
                0x08004230       0x28 CMakeFiles/clion_car_motor_hardware.elf.dir/Middlewares/Third_Party/FreeRTOS/Source/portable/GCC/ARM_CM4F/port.c.obj
                0x08004230                vPortSetupTimerInterrupt
 .text.xPortStartScheduler
                0x08004258      0x118 CMakeFiles/clion_car_motor_hardware.elf.dir/Middlewares/Third_Party/FreeRTOS/Source/portable/GCC/ARM_CM4F/port.c.obj
                0x08004258                xPortStartScheduler
 .text.prvHeapInit
                0x08004370       0x64 CMakeFiles/clion_car_motor_hardware.elf.dir/Middlewares/Third_Party/FreeRTOS/Source/portable/MemMang/heap_4.c.obj
 .text.prvInsertBlockIntoFreeList
                0x080043d4       0x64 CMakeFiles/clion_car_motor_hardware.elf.dir/Middlewares/Third_Party/FreeRTOS/Source/portable/MemMang/heap_4.c.obj
 .text.pvPortMalloc
                0x08004438       0xfc CMakeFiles/clion_car_motor_hardware.elf.dir/Middlewares/Third_Party/FreeRTOS/Source/portable/MemMang/heap_4.c.obj
                0x08004438                pvPortMalloc
 .text.vPortFree
                0x08004534       0x7c CMakeFiles/clion_car_motor_hardware.elf.dir/Middlewares/Third_Party/FreeRTOS/Source/portable/MemMang/heap_4.c.obj
                0x08004534                vPortFree
 .text.prvResetNextTaskUnblockTime
                0x080045b0       0x2c CMakeFiles/clion_car_motor_hardware.elf.dir/Middlewares/Third_Party/FreeRTOS/Source/tasks.c.obj
 .text.prvInitialiseNewTask
                0x080045dc       0xfe CMakeFiles/clion_car_motor_hardware.elf.dir/Middlewares/Third_Party/FreeRTOS/Source/tasks.c.obj
 *fill*         0x080046da        0x2 
 .text.prvInitialiseTaskLists
                0x080046dc       0x68 CMakeFiles/clion_car_motor_hardware.elf.dir/Middlewares/Third_Party/FreeRTOS/Source/tasks.c.obj
 .text.prvAddNewTaskToReadyList
                0x08004744       0xa8 CMakeFiles/clion_car_motor_hardware.elf.dir/Middlewares/Third_Party/FreeRTOS/Source/tasks.c.obj
 .text.prvDeleteTCB
                0x080047ec       0x40 CMakeFiles/clion_car_motor_hardware.elf.dir/Middlewares/Third_Party/FreeRTOS/Source/tasks.c.obj
 .text.prvCheckTasksWaitingTermination
                0x0800482c       0x4c CMakeFiles/clion_car_motor_hardware.elf.dir/Middlewares/Third_Party/FreeRTOS/Source/tasks.c.obj
 .text.prvIdleTask
                0x08004878       0x28 CMakeFiles/clion_car_motor_hardware.elf.dir/Middlewares/Third_Party/FreeRTOS/Source/tasks.c.obj
 .text.prvAddCurrentTaskToDelayedList
                0x080048a0       0x98 CMakeFiles/clion_car_motor_hardware.elf.dir/Middlewares/Third_Party/FreeRTOS/Source/tasks.c.obj
 .text.xTaskCreateStatic
                0x08004938       0x7a CMakeFiles/clion_car_motor_hardware.elf.dir/Middlewares/Third_Party/FreeRTOS/Source/tasks.c.obj
                0x08004938                xTaskCreateStatic
 .text.xTaskCreate
                0x080049b2       0x6a CMakeFiles/clion_car_motor_hardware.elf.dir/Middlewares/Third_Party/FreeRTOS/Source/tasks.c.obj
                0x080049b2                xTaskCreate
 .text.vTaskStartScheduler
                0x08004a1c       0x84 CMakeFiles/clion_car_motor_hardware.elf.dir/Middlewares/Third_Party/FreeRTOS/Source/tasks.c.obj
                0x08004a1c                vTaskStartScheduler
 .text.vTaskSuspendAll
                0x08004aa0       0x10 CMakeFiles/clion_car_motor_hardware.elf.dir/Middlewares/Third_Party/FreeRTOS/Source/tasks.c.obj
                0x08004aa0                vTaskSuspendAll
 .text.xTaskIncrementTick
                0x08004ab0      0x118 CMakeFiles/clion_car_motor_hardware.elf.dir/Middlewares/Third_Party/FreeRTOS/Source/tasks.c.obj
                0x08004ab0                xTaskIncrementTick
 .text.xTaskResumeAll
                0x08004bc8       0xf8 CMakeFiles/clion_car_motor_hardware.elf.dir/Middlewares/Third_Party/FreeRTOS/Source/tasks.c.obj
                0x08004bc8                xTaskResumeAll
 .text.vTaskDelay
                0x08004cc0       0x4c CMakeFiles/clion_car_motor_hardware.elf.dir/Middlewares/Third_Party/FreeRTOS/Source/tasks.c.obj
                0x08004cc0                vTaskDelay
 .text.vTaskSwitchContext
                0x08004d0c       0xa4 CMakeFiles/clion_car_motor_hardware.elf.dir/Middlewares/Third_Party/FreeRTOS/Source/tasks.c.obj
                0x08004d0c                vTaskSwitchContext
 .text.__errno  0x08004db0        0xc c:/progra~1/gcc-ar~1.10/bin/../lib/gcc/arm-none-eabi/10.3.1/../../../../arm-none-eabi/lib/thumb/v7e-m+fp/hard\libg.a(lib_a-errno.o)
                0x08004db0                __errno
 .text.__libc_init_array
                0x08004dbc       0x48 c:/progra~1/gcc-ar~1.10/bin/../lib/gcc/arm-none-eabi/10.3.1/../../../../arm-none-eabi/lib/thumb/v7e-m+fp/hard\libg.a(lib_a-init.o)
                0x08004dbc                __libc_init_array
 .text.memset   0x08004e04       0xa4 c:/progra~1/gcc-ar~1.10/bin/../lib/gcc/arm-none-eabi/10.3.1/../../../../arm-none-eabi/lib/thumb/v7e-m+fp/hard\libg.a(lib_a-memset.o)
                0x08004e04                memset
 .text.printf   0x08004ea8       0x28 c:/progra~1/gcc-ar~1.10/bin/../lib/gcc/arm-none-eabi/10.3.1/../../../../arm-none-eabi/lib/thumb/v7e-m+fp/hard\libg.a(lib_a-printf.o)
                0x08004ea8                printf
 .text._puts_r  0x08004ed0       0x9c c:/progra~1/gcc-ar~1.10/bin/../lib/gcc/arm-none-eabi/10.3.1/../../../../arm-none-eabi/lib/thumb/v7e-m+fp/hard\libg.a(lib_a-puts.o)
                0x08004ed0                _puts_r
 .text.puts     0x08004f6c       0x10 c:/progra~1/gcc-ar~1.10/bin/../lib/gcc/arm-none-eabi/10.3.1/../../../../arm-none-eabi/lib/thumb/v7e-m+fp/hard\libg.a(lib_a-puts.o)
                0x08004f6c                puts
 .text.cleanup_glue
                0x08004f7c       0x48 c:/progra~1/gcc-ar~1.10/bin/../lib/gcc/arm-none-eabi/10.3.1/../../../../arm-none-eabi/lib/thumb/v7e-m+fp/hard\libg.a(lib_a-reent.o)
                0x08004f7c                cleanup_glue
 .text._reclaim_reent
                0x08004fc4       0x90 c:/progra~1/gcc-ar~1.10/bin/../lib/gcc/arm-none-eabi/10.3.1/../../../../arm-none-eabi/lib/thumb/v7e-m+fp/hard\libg.a(lib_a-reent.o)
                0x08004fc4                _reclaim_reent
 .text.setvbuf  0x08005054      0x1b0 c:/progra~1/gcc-ar~1.10/bin/../lib/gcc/arm-none-eabi/10.3.1/../../../../arm-none-eabi/lib/thumb/v7e-m+fp/hard\libg.a(lib_a-setvbuf.o)
                0x08005054                setvbuf
 *fill*         0x08005204        0x4 
 .text._vfprintf_r
                0x08005208     0x1b90 c:/progra~1/gcc-ar~1.10/bin/../lib/gcc/arm-none-eabi/10.3.1/../../../../arm-none-eabi/lib/thumb/v7e-m+fp/hard\libg.a(lib_a-vfprintf.o)
                0x08005208                _vfprintf_r
 .text.__sbprintf
                0x08006d98       0x80 c:/progra~1/gcc-ar~1.10/bin/../lib/gcc/arm-none-eabi/10.3.1/../../../../arm-none-eabi/lib/thumb/v7e-m+fp/hard\libg.a(lib_a-vfprintf.o)
 .text.__swsetup_r
                0x08006e18       0xd4 c:/progra~1/gcc-ar~1.10/bin/../lib/gcc/arm-none-eabi/10.3.1/../../../../arm-none-eabi/lib/thumb/v7e-m+fp/hard\libg.a(lib_a-wsetup.o)
                0x08006e18                __swsetup_r
 .text.startup.register_fini
                0x08006eec       0x14 c:/progra~1/gcc-ar~1.10/bin/../lib/gcc/arm-none-eabi/10.3.1/../../../../arm-none-eabi/lib/thumb/v7e-m+fp/hard\libg.a(lib_a-__call_atexit.o)
 .text.atexit   0x08006f00        0xc c:/progra~1/gcc-ar~1.10/bin/../lib/gcc/arm-none-eabi/10.3.1/../../../../arm-none-eabi/lib/thumb/v7e-m+fp/hard\libg.a(lib_a-atexit.o)
                0x08006f00                atexit
 .text.quorem   0x08006f0c      0x128 c:/progra~1/gcc-ar~1.10/bin/../lib/gcc/arm-none-eabi/10.3.1/../../../../arm-none-eabi/lib/thumb/v7e-m+fp/hard\libg.a(lib_a-dtoa.o)
 *fill*         0x08007034        0x4 
 .text._dtoa_r  0x08007038      0xf3c c:/progra~1/gcc-ar~1.10/bin/../lib/gcc/arm-none-eabi/10.3.1/../../../../arm-none-eabi/lib/thumb/v7e-m+fp/hard\libg.a(lib_a-dtoa.o)
                0x08007038                _dtoa_r
 .text.__sflush_r
                0x08007f74      0x130 c:/progra~1/gcc-ar~1.10/bin/../lib/gcc/arm-none-eabi/10.3.1/../../../../arm-none-eabi/lib/thumb/v7e-m+fp/hard\libg.a(lib_a-fflush.o)
                0x08007f74                __sflush_r
 .text._fflush_r
                0x080080a4       0x5c c:/progra~1/gcc-ar~1.10/bin/../lib/gcc/arm-none-eabi/10.3.1/../../../../arm-none-eabi/lib/thumb/v7e-m+fp/hard\libg.a(lib_a-fflush.o)
                0x080080a4                _fflush_r
 .text._cleanup_r
                0x08008100        0xc c:/progra~1/gcc-ar~1.10/bin/../lib/gcc/arm-none-eabi/10.3.1/../../../../arm-none-eabi/lib/thumb/v7e-m+fp/hard\libg.a(lib_a-findfp.o)
                0x08008100                _cleanup_r
 .text.__sinit  0x0800810c      0x10c c:/progra~1/gcc-ar~1.10/bin/../lib/gcc/arm-none-eabi/10.3.1/../../../../arm-none-eabi/lib/thumb/v7e-m+fp/hard\libg.a(lib_a-findfp.o)
                0x0800810c                __sinit
 .text.__sfp_lock_acquire
                0x08008218        0xc c:/progra~1/gcc-ar~1.10/bin/../lib/gcc/arm-none-eabi/10.3.1/../../../../arm-none-eabi/lib/thumb/v7e-m+fp/hard\libg.a(lib_a-findfp.o)
                0x08008218                __sfp_lock_acquire
 .text.__sfp_lock_release
                0x08008224        0xc c:/progra~1/gcc-ar~1.10/bin/../lib/gcc/arm-none-eabi/10.3.1/../../../../arm-none-eabi/lib/thumb/v7e-m+fp/hard\libg.a(lib_a-findfp.o)
                0x08008224                __sfp_lock_release
 .text.__libc_fini_array
                0x08008230       0x2c c:/progra~1/gcc-ar~1.10/bin/../lib/gcc/arm-none-eabi/10.3.1/../../../../arm-none-eabi/lib/thumb/v7e-m+fp/hard\libg.a(lib_a-fini.o)
                0x08008230                __libc_fini_array
 .text._malloc_trim_r
                0x0800825c       0xa0 c:/progra~1/gcc-ar~1.10/bin/../lib/gcc/arm-none-eabi/10.3.1/../../../../arm-none-eabi/lib/thumb/v7e-m+fp/hard\libg.a(lib_a-freer.o)
                0x0800825c                _malloc_trim_r
 .text._free_r  0x080082fc      0x20c c:/progra~1/gcc-ar~1.10/bin/../lib/gcc/arm-none-eabi/10.3.1/../../../../arm-none-eabi/lib/thumb/v7e-m+fp/hard\libg.a(lib_a-freer.o)
                0x080082fc                _free_r
 .text.__sfvwrite_r
                0x08008508      0x2f0 c:/progra~1/gcc-ar~1.10/bin/../lib/gcc/arm-none-eabi/10.3.1/../../../../arm-none-eabi/lib/thumb/v7e-m+fp/hard\libg.a(lib_a-fvwrite.o)
                0x08008508                __sfvwrite_r
 .text._fwalk_reent
                0x080087f8       0x48 c:/progra~1/gcc-ar~1.10/bin/../lib/gcc/arm-none-eabi/10.3.1/../../../../arm-none-eabi/lib/thumb/v7e-m+fp/hard\libg.a(lib_a-fwalk.o)
                0x080087f8                _fwalk_reent
 .text._localeconv_r
                0x08008840        0x8 c:/progra~1/gcc-ar~1.10/bin/../lib/gcc/arm-none-eabi/10.3.1/../../../../arm-none-eabi/lib/thumb/v7e-m+fp/hard\libg.a(lib_a-localeconv.o)
                0x08008840                _localeconv_r
 .text.__retarget_lock_init_recursive
                0x08008848        0x4 c:/progra~1/gcc-ar~1.10/bin/../lib/gcc/arm-none-eabi/10.3.1/../../../../arm-none-eabi/lib/thumb/v7e-m+fp/hard\libg.a(lib_a-lock.o)
                0x08008848                __retarget_lock_init_recursive
 .text.__retarget_lock_close_recursive
                0x0800884c        0x4 c:/progra~1/gcc-ar~1.10/bin/../lib/gcc/arm-none-eabi/10.3.1/../../../../arm-none-eabi/lib/thumb/v7e-m+fp/hard\libg.a(lib_a-lock.o)
                0x0800884c                __retarget_lock_close_recursive
 .text.__retarget_lock_acquire_recursive
                0x08008850        0x4 c:/progra~1/gcc-ar~1.10/bin/../lib/gcc/arm-none-eabi/10.3.1/../../../../arm-none-eabi/lib/thumb/v7e-m+fp/hard\libg.a(lib_a-lock.o)
                0x08008850                __retarget_lock_acquire_recursive
 .text.__retarget_lock_release_recursive
                0x08008854        0x4 c:/progra~1/gcc-ar~1.10/bin/../lib/gcc/arm-none-eabi/10.3.1/../../../../arm-none-eabi/lib/thumb/v7e-m+fp/hard\libg.a(lib_a-lock.o)
                0x08008854                __retarget_lock_release_recursive
 .text.__smakebuf_r
                0x08008858       0xe0 c:/progra~1/gcc-ar~1.10/bin/../lib/gcc/arm-none-eabi/10.3.1/../../../../arm-none-eabi/lib/thumb/v7e-m+fp/hard\libg.a(lib_a-makebuf.o)
                0x08008858                __smakebuf_r
 .text.__swhatbuf_r
                0x08008938       0x60 c:/progra~1/gcc-ar~1.10/bin/../lib/gcc/arm-none-eabi/10.3.1/../../../../arm-none-eabi/lib/thumb/v7e-m+fp/hard\libg.a(lib_a-makebuf.o)
                0x08008938                __swhatbuf_r
 .text.malloc   0x08008998       0x10 c:/progra~1/gcc-ar~1.10/bin/../lib/gcc/arm-none-eabi/10.3.1/../../../../arm-none-eabi/lib/thumb/v7e-m+fp/hard\libg.a(lib_a-malloc.o)
                0x08008998                malloc
 .text._malloc_r
                0x080089a8      0x560 c:/progra~1/gcc-ar~1.10/bin/../lib/gcc/arm-none-eabi/10.3.1/../../../../arm-none-eabi/lib/thumb/v7e-m+fp/hard\libg.a(lib_a-mallocr.o)
                0x080089a8                _malloc_r
 .text.memmove  0x08008f08       0xf8 c:/progra~1/gcc-ar~1.10/bin/../lib/gcc/arm-none-eabi/10.3.1/../../../../arm-none-eabi/lib/thumb/v7e-m+fp/hard\libg.a(lib_a-memmove.o)
                0x08008f08                memmove
 .text.__malloc_lock
                0x08009000        0xc c:/progra~1/gcc-ar~1.10/bin/../lib/gcc/arm-none-eabi/10.3.1/../../../../arm-none-eabi/lib/thumb/v7e-m+fp/hard\libg.a(lib_a-mlock.o)
                0x08009000                __malloc_lock
 .text.__malloc_unlock
                0x0800900c        0xc c:/progra~1/gcc-ar~1.10/bin/../lib/gcc/arm-none-eabi/10.3.1/../../../../arm-none-eabi/lib/thumb/v7e-m+fp/hard\libg.a(lib_a-mlock.o)
                0x0800900c                __malloc_unlock
 .text._Balloc  0x08009018       0x4c c:/progra~1/gcc-ar~1.10/bin/../lib/gcc/arm-none-eabi/10.3.1/../../../../arm-none-eabi/lib/thumb/v7e-m+fp/hard\libg.a(lib_a-mprec.o)
                0x08009018                _Balloc
 .text._Bfree   0x08009064       0x14 c:/progra~1/gcc-ar~1.10/bin/../lib/gcc/arm-none-eabi/10.3.1/../../../../arm-none-eabi/lib/thumb/v7e-m+fp/hard\libg.a(lib_a-mprec.o)
                0x08009064                _Bfree
 .text.__multadd
                0x08009078       0xa8 c:/progra~1/gcc-ar~1.10/bin/../lib/gcc/arm-none-eabi/10.3.1/../../../../arm-none-eabi/lib/thumb/v7e-m+fp/hard\libg.a(lib_a-mprec.o)
                0x08009078                __multadd
 .text.__hi0bits
                0x08009120       0x40 c:/progra~1/gcc-ar~1.10/bin/../lib/gcc/arm-none-eabi/10.3.1/../../../../arm-none-eabi/lib/thumb/v7e-m+fp/hard\libg.a(lib_a-mprec.o)
                0x08009120                __hi0bits
 .text.__lo0bits
                0x08009160       0x60 c:/progra~1/gcc-ar~1.10/bin/../lib/gcc/arm-none-eabi/10.3.1/../../../../arm-none-eabi/lib/thumb/v7e-m+fp/hard\libg.a(lib_a-mprec.o)
                0x08009160                __lo0bits
 .text.__i2b    0x080091c0       0x5c c:/progra~1/gcc-ar~1.10/bin/../lib/gcc/arm-none-eabi/10.3.1/../../../../arm-none-eabi/lib/thumb/v7e-m+fp/hard\libg.a(lib_a-mprec.o)
                0x080091c0                __i2b
 .text.__multiply
                0x0800921c      0x15c c:/progra~1/gcc-ar~1.10/bin/../lib/gcc/arm-none-eabi/10.3.1/../../../../arm-none-eabi/lib/thumb/v7e-m+fp/hard\libg.a(lib_a-mprec.o)
                0x0800921c                __multiply
 .text.__pow5mult
                0x08009378       0xc0 c:/progra~1/gcc-ar~1.10/bin/../lib/gcc/arm-none-eabi/10.3.1/../../../../arm-none-eabi/lib/thumb/v7e-m+fp/hard\libg.a(lib_a-mprec.o)
                0x08009378                __pow5mult
 .text.__lshift
                0x08009438       0xf0 c:/progra~1/gcc-ar~1.10/bin/../lib/gcc/arm-none-eabi/10.3.1/../../../../arm-none-eabi/lib/thumb/v7e-m+fp/hard\libg.a(lib_a-mprec.o)
                0x08009438                __lshift
 .text.__mcmp   0x08009528       0x44 c:/progra~1/gcc-ar~1.10/bin/../lib/gcc/arm-none-eabi/10.3.1/../../../../arm-none-eabi/lib/thumb/v7e-m+fp/hard\libg.a(lib_a-mprec.o)
                0x08009528                __mcmp
 .text.__mdiff  0x0800956c      0x14c c:/progra~1/gcc-ar~1.10/bin/../lib/gcc/arm-none-eabi/10.3.1/../../../../arm-none-eabi/lib/thumb/v7e-m+fp/hard\libg.a(lib_a-mprec.o)
                0x0800956c                __mdiff
 .text.__d2b    0x080096b8       0xd0 c:/progra~1/gcc-ar~1.10/bin/../lib/gcc/arm-none-eabi/10.3.1/../../../../arm-none-eabi/lib/thumb/v7e-m+fp/hard\libg.a(lib_a-mprec.o)
                0x080096b8                __d2b
 .text._realloc_r
                0x08009788      0x3d8 c:/progra~1/gcc-ar~1.10/bin/../lib/gcc/arm-none-eabi/10.3.1/../../../../arm-none-eabi/lib/thumb/v7e-m+fp/hard\libg.a(lib_a-reallocr.o)
                0x08009788                _realloc_r
 .text.frexp    0x08009b60       0x6c c:/progra~1/gcc-ar~1.10/bin/../lib/gcc/arm-none-eabi/10.3.1/../../../../arm-none-eabi/lib/thumb/v7e-m+fp/hard\libg.a(lib_a-s_frexp.o)
                0x08009b60                frexp
 .text._sbrk_r  0x08009bcc       0x24 c:/progra~1/gcc-ar~1.10/bin/../lib/gcc/arm-none-eabi/10.3.1/../../../../arm-none-eabi/lib/thumb/v7e-m+fp/hard\libg.a(lib_a-sbrkr.o)
                0x08009bcc                _sbrk_r
 .text.__sread  0x08009bf0       0x24 c:/progra~1/gcc-ar~1.10/bin/../lib/gcc/arm-none-eabi/10.3.1/../../../../arm-none-eabi/lib/thumb/v7e-m+fp/hard\libg.a(lib_a-stdio.o)
                0x08009bf0                __sread
 .text.__swrite
                0x08009c14       0x40 c:/progra~1/gcc-ar~1.10/bin/../lib/gcc/arm-none-eabi/10.3.1/../../../../arm-none-eabi/lib/thumb/v7e-m+fp/hard\libg.a(lib_a-stdio.o)
                0x08009c14                __swrite
 .text.__sseek  0x08009c54       0x20 c:/progra~1/gcc-ar~1.10/bin/../lib/gcc/arm-none-eabi/10.3.1/../../../../arm-none-eabi/lib/thumb/v7e-m+fp/hard\libg.a(lib_a-stdio.o)
                0x08009c54                __sseek
 .text.__sclose
                0x08009c74        0x8 c:/progra~1/gcc-ar~1.10/bin/../lib/gcc/arm-none-eabi/10.3.1/../../../../arm-none-eabi/lib/thumb/v7e-m+fp/hard\libg.a(lib_a-stdio.o)
                0x08009c74                __sclose
 .text.strncpy  0x08009c7c       0x64 c:/progra~1/gcc-ar~1.10/bin/../lib/gcc/arm-none-eabi/10.3.1/../../../../arm-none-eabi/lib/thumb/v7e-m+fp/hard\libg.a(lib_a-strncpy.o)
                0x08009c7c                strncpy
 .text.__sprint_r.part.0
                0x08009ce0       0x78 c:/progra~1/gcc-ar~1.10/bin/../lib/gcc/arm-none-eabi/10.3.1/../../../../arm-none-eabi/lib/thumb/v7e-m+fp/hard\libg.a(lib_a-vfiprintf.o)
 .text.__sprint_r
                0x08009d58       0x18 c:/progra~1/gcc-ar~1.10/bin/../lib/gcc/arm-none-eabi/10.3.1/../../../../arm-none-eabi/lib/thumb/v7e-m+fp/hard\libg.a(lib_a-vfiprintf.o)
                0x08009d58                __sprint_r
 .text._vfiprintf_r
                0x08009d70      0xdfc c:/progra~1/gcc-ar~1.10/bin/../lib/gcc/arm-none-eabi/10.3.1/../../../../arm-none-eabi/lib/thumb/v7e-m+fp/hard\libg.a(lib_a-vfiprintf.o)
                0x08009d70                _vfiprintf_r
 .text.__sbprintf
                0x0800ab6c       0x80 c:/progra~1/gcc-ar~1.10/bin/../lib/gcc/arm-none-eabi/10.3.1/../../../../arm-none-eabi/lib/thumb/v7e-m+fp/hard\libg.a(lib_a-vfiprintf.o)
 .text._write_r
                0x0800abec       0x2c c:/progra~1/gcc-ar~1.10/bin/../lib/gcc/arm-none-eabi/10.3.1/../../../../arm-none-eabi/lib/thumb/v7e-m+fp/hard\libg.a(lib_a-writer.o)
                0x0800abec                _write_r
 .text.__register_exitproc
                0x0800ac18       0x8c c:/progra~1/gcc-ar~1.10/bin/../lib/gcc/arm-none-eabi/10.3.1/../../../../arm-none-eabi/lib/thumb/v7e-m+fp/hard\libg.a(lib_a-__atexit.o)
                0x0800ac18                __register_exitproc
 .text.__assert_func
                0x0800aca4       0x40 c:/progra~1/gcc-ar~1.10/bin/../lib/gcc/arm-none-eabi/10.3.1/../../../../arm-none-eabi/lib/thumb/v7e-m+fp/hard\libg.a(lib_a-assert.o)
                0x0800aca4                __assert_func
 .text._calloc_r
                0x0800ace4       0x78 c:/progra~1/gcc-ar~1.10/bin/../lib/gcc/arm-none-eabi/10.3.1/../../../../arm-none-eabi/lib/thumb/v7e-m+fp/hard\libg.a(lib_a-callocr.o)
                0x0800ace4                _calloc_r
 .text._close_r
                0x0800ad5c       0x24 c:/progra~1/gcc-ar~1.10/bin/../lib/gcc/arm-none-eabi/10.3.1/../../../../arm-none-eabi/lib/thumb/v7e-m+fp/hard\libg.a(lib_a-closer.o)
                0x0800ad5c                _close_r
 .text._fclose_r
                0x0800ad80       0xcc c:/progra~1/gcc-ar~1.10/bin/../lib/gcc/arm-none-eabi/10.3.1/../../../../arm-none-eabi/lib/thumb/v7e-m+fp/hard\libg.a(lib_a-fclose.o)
                0x0800ad80                _fclose_r
 .text.fiprintf
                0x0800ae4c       0x28 c:/progra~1/gcc-ar~1.10/bin/../lib/gcc/arm-none-eabi/10.3.1/../../../../arm-none-eabi/lib/thumb/v7e-m+fp/hard\libg.a(lib_a-fiprintf.o)
                0x0800ae4c                fiprintf
 .text.__fputwc
                0x0800ae74       0xa8 c:/progra~1/gcc-ar~1.10/bin/../lib/gcc/arm-none-eabi/10.3.1/../../../../arm-none-eabi/lib/thumb/v7e-m+fp/hard\libg.a(lib_a-fputwc.o)
                0x0800ae74                __fputwc
 .text._fputwc_r
                0x0800af1c       0x68 c:/progra~1/gcc-ar~1.10/bin/../lib/gcc/arm-none-eabi/10.3.1/../../../../arm-none-eabi/lib/thumb/v7e-m+fp/hard\libg.a(lib_a-fputwc.o)
                0x0800af1c                _fputwc_r
 .text._fstat_r
                0x0800af84       0x2c c:/progra~1/gcc-ar~1.10/bin/../lib/gcc/arm-none-eabi/10.3.1/../../../../arm-none-eabi/lib/thumb/v7e-m+fp/hard\libg.a(lib_a-fstatr.o)
                0x0800af84                _fstat_r
 .text._isatty_r
                0x0800afb0       0x24 c:/progra~1/gcc-ar~1.10/bin/../lib/gcc/arm-none-eabi/10.3.1/../../../../arm-none-eabi/lib/thumb/v7e-m+fp/hard\libg.a(lib_a-isattyr.o)
                0x0800afb0                _isatty_r
 .text.__locale_mb_cur_max
                0x0800afd4        0xc c:/progra~1/gcc-ar~1.10/bin/../lib/gcc/arm-none-eabi/10.3.1/../../../../arm-none-eabi/lib/thumb/v7e-m+fp/hard\libg.a(lib_a-locale.o)
                0x0800afd4                __locale_mb_cur_max
 .text._lseek_r
                0x0800afe0       0x2c c:/progra~1/gcc-ar~1.10/bin/../lib/gcc/arm-none-eabi/10.3.1/../../../../arm-none-eabi/lib/thumb/v7e-m+fp/hard\libg.a(lib_a-lseekr.o)
                0x0800afe0                _lseek_r
 .text.__ascii_mbtowc
                0x0800b00c       0x2c c:/progra~1/gcc-ar~1.10/bin/../lib/gcc/arm-none-eabi/10.3.1/../../../../arm-none-eabi/lib/thumb/v7e-m+fp/hard\libg.a(lib_a-mbtowc_r.o)
                0x0800b00c                __ascii_mbtowc
 .text._read_r  0x0800b038       0x2c c:/progra~1/gcc-ar~1.10/bin/../lib/gcc/arm-none-eabi/10.3.1/../../../../arm-none-eabi/lib/thumb/v7e-m+fp/hard\libg.a(lib_a-readr.o)
                0x0800b038                _read_r
 .text.__swbuf_r
                0x0800b064       0xb0 c:/progra~1/gcc-ar~1.10/bin/../lib/gcc/arm-none-eabi/10.3.1/../../../../arm-none-eabi/lib/thumb/v7e-m+fp/hard\libg.a(lib_a-wbuf.o)
                0x0800b064                __swbuf_r
 .text._wcrtomb_r
                0x0800b114       0x3c c:/progra~1/gcc-ar~1.10/bin/../lib/gcc/arm-none-eabi/10.3.1/../../../../arm-none-eabi/lib/thumb/v7e-m+fp/hard\libg.a(lib_a-wcrtomb.o)
                0x0800b114                _wcrtomb_r
 .text.__ascii_wctomb
                0x0800b150       0x1c c:/progra~1/gcc-ar~1.10/bin/../lib/gcc/arm-none-eabi/10.3.1/../../../../arm-none-eabi/lib/thumb/v7e-m+fp/hard\libg.a(lib_a-wctomb_r.o)
                0x0800b150                __ascii_wctomb
 .text.abort    0x0800b16c       0x10 c:/progra~1/gcc-ar~1.10/bin/../lib/gcc/arm-none-eabi/10.3.1/../../../../arm-none-eabi/lib/thumb/v7e-m+fp/hard\libg.a(lib_a-abort.o)
                0x0800b16c                abort
 .text.raise    0x0800b17c       0x5c c:/progra~1/gcc-ar~1.10/bin/../lib/gcc/arm-none-eabi/10.3.1/../../../../arm-none-eabi/lib/thumb/v7e-m+fp/hard\libg.a(lib_a-signal.o)
                0x0800b17c                raise
 .text._kill_r  0x0800b1d8       0x2c c:/progra~1/gcc-ar~1.10/bin/../lib/gcc/arm-none-eabi/10.3.1/../../../../arm-none-eabi/lib/thumb/v7e-m+fp/hard\libg.a(lib_a-signalr.o)
                0x0800b1d8                _kill_r
 .text._getpid_r
                0x0800b204        0x4 c:/progra~1/gcc-ar~1.10/bin/../lib/gcc/arm-none-eabi/10.3.1/../../../../arm-none-eabi/lib/thumb/v7e-m+fp/hard\libg.a(lib_a-signalr.o)
                0x0800b204                _getpid_r
 *(.glue_7)
 .glue_7        0x0800b208        0x0 linker stubs
 *(.glue_7t)
 .glue_7t       0x0800b208        0x0 linker stubs
 *(.eh_frame)
 .eh_frame      0x0800b208        0x0 c:/progra~1/gcc-ar~1.10/bin/../lib/gcc/arm-none-eabi/10.3.1/thumb/v7e-m+fp/hard/crtbegin.o
 *(.init)
 .init          0x0800b208        0x4 c:/progra~1/gcc-ar~1.10/bin/../lib/gcc/arm-none-eabi/10.3.1/thumb/v7e-m+fp/hard/crti.o
                0x0800b208                _init
 .init          0x0800b20c        0x8 c:/progra~1/gcc-ar~1.10/bin/../lib/gcc/arm-none-eabi/10.3.1/thumb/v7e-m+fp/hard/crtn.o
 *(.fini)
 .fini          0x0800b214        0x4 c:/progra~1/gcc-ar~1.10/bin/../lib/gcc/arm-none-eabi/10.3.1/thumb/v7e-m+fp/hard/crti.o
                0x0800b214                _fini
 .fini          0x0800b218        0x8 c:/progra~1/gcc-ar~1.10/bin/../lib/gcc/arm-none-eabi/10.3.1/thumb/v7e-m+fp/hard/crtn.o
                0x0800b220                . = ALIGN (0x4)
                0x0800b220                _etext = .

.vfp11_veneer   0x0800b220        0x0
 .vfp11_veneer  0x0800b220        0x0 linker stubs

.v4_bx          0x0800b220        0x0
 .v4_bx         0x0800b220        0x0 linker stubs

.iplt           0x0800b220        0x0
 .iplt          0x0800b220        0x0 c:/progra~1/gcc-ar~1.10/bin/../lib/gcc/arm-none-eabi/10.3.1/thumb/v7e-m+fp/hard/crtbegin.o

.rodata         0x0800b220      0x4f8
                0x0800b220                . = ALIGN (0x4)
 *(.rodata)
 .rodata        0x0800b220       0x70 CMakeFiles/clion_car_motor_hardware.elf.dir/Core/Src/freertos.c.obj
 *(.rodata*)
 .rodata.HallDirCcw
                0x0800b290        0x7 CMakeFiles/clion_car_motor_hardware.elf.dir/Core/Src/bsp_hall.c.obj
                0x0800b290                HallDirCcw
 *fill*         0x0800b297        0x1 
 .rodata.Set_PWM.str1.4
                0x0800b298       0x17 CMakeFiles/clion_car_motor_hardware.elf.dir/Core/Src/contrl.c.obj
 *fill*         0x0800b2af        0x1 
 .rodata.str1.4
                0x0800b2b0       0x2d CMakeFiles/clion_car_motor_hardware.elf.dir/Core/Src/freertos.c.obj
 *fill*         0x0800b2dd        0x3 
 .rodata.main.str1.4
                0x0800b2e0       0x13 CMakeFiles/clion_car_motor_hardware.elf.dir/Core/Src/main.c.obj
 *fill*         0x0800b2f3        0x1 
 .rodata.AHBPrescTable
                0x0800b2f4       0x10 CMakeFiles/clion_car_motor_hardware.elf.dir/Core/Src/system_stm32f4xx.c.obj
                0x0800b2f4                AHBPrescTable
 .rodata.APBPrescTable
                0x0800b304        0x8 CMakeFiles/clion_car_motor_hardware.elf.dir/Core/Src/system_stm32f4xx.c.obj
                0x0800b304                APBPrescTable
 .rodata.vTaskStartScheduler.str1.4
                0x0800b30c        0x5 CMakeFiles/clion_car_motor_hardware.elf.dir/Middlewares/Third_Party/FreeRTOS/Source/tasks.c.obj
 *fill*         0x0800b311        0x3 
 .rodata._global_impure_ptr
                0x0800b314        0x4 c:/progra~1/gcc-ar~1.10/bin/../lib/gcc/arm-none-eabi/10.3.1/../../../../arm-none-eabi/lib/thumb/v7e-m+fp/hard\libg.a(lib_a-impure.o)
                0x0800b314                _global_impure_ptr
 .rodata._puts_r.str1.4
                0x0800b318        0x2 c:/progra~1/gcc-ar~1.10/bin/../lib/gcc/arm-none-eabi/10.3.1/../../../../arm-none-eabi/lib/thumb/v7e-m+fp/hard\libg.a(lib_a-puts.o)
 *fill*         0x0800b31a        0x2 
 .rodata._vfprintf_r.str1.4
                0x0800b31c       0x42 c:/progra~1/gcc-ar~1.10/bin/../lib/gcc/arm-none-eabi/10.3.1/../../../../arm-none-eabi/lib/thumb/v7e-m+fp/hard\libg.a(lib_a-vfprintf.o)
 *fill*         0x0800b35e        0x2 
 .rodata.blanks.1
                0x0800b360       0x10 c:/progra~1/gcc-ar~1.10/bin/../lib/gcc/arm-none-eabi/10.3.1/../../../../arm-none-eabi/lib/thumb/v7e-m+fp/hard\libg.a(lib_a-vfprintf.o)
 .rodata.zeroes.0
                0x0800b370       0x10 c:/progra~1/gcc-ar~1.10/bin/../lib/gcc/arm-none-eabi/10.3.1/../../../../arm-none-eabi/lib/thumb/v7e-m+fp/hard\libg.a(lib_a-vfprintf.o)
 .rodata._dtoa_r.str1.4
                0x0800b380       0xa2 c:/progra~1/gcc-ar~1.10/bin/../lib/gcc/arm-none-eabi/10.3.1/../../../../arm-none-eabi/lib/thumb/v7e-m+fp/hard\libg.a(lib_a-dtoa.o)
                                 0xa6 (size before relaxing)
 *fill*         0x0800b422        0x2 
 .rodata.__multadd.str1.4
                0x0800b424       0x7f c:/progra~1/gcc-ar~1.10/bin/../lib/gcc/arm-none-eabi/10.3.1/../../../../arm-none-eabi/lib/thumb/v7e-m+fp/hard\libg.a(lib_a-mprec.o)
                                 0x93 (size before relaxing)
 *fill*         0x0800b4a3        0x5 
 .rodata.__mprec_bigtens
                0x0800b4a8       0x28 c:/progra~1/gcc-ar~1.10/bin/../lib/gcc/arm-none-eabi/10.3.1/../../../../arm-none-eabi/lib/thumb/v7e-m+fp/hard\libg.a(lib_a-mprec.o)
                0x0800b4a8                __mprec_bigtens
 .rodata.__mprec_tens
                0x0800b4d0       0xc8 c:/progra~1/gcc-ar~1.10/bin/../lib/gcc/arm-none-eabi/10.3.1/../../../../arm-none-eabi/lib/thumb/v7e-m+fp/hard\libg.a(lib_a-mprec.o)
                0x0800b4d0                __mprec_tens
 .rodata.p05.0  0x0800b598        0xc c:/progra~1/gcc-ar~1.10/bin/../lib/gcc/arm-none-eabi/10.3.1/../../../../arm-none-eabi/lib/thumb/v7e-m+fp/hard\libg.a(lib_a-mprec.o)
 .rodata._vfiprintf_r.str1.4
                0x0800b5a4       0x2f c:/progra~1/gcc-ar~1.10/bin/../lib/gcc/arm-none-eabi/10.3.1/../../../../arm-none-eabi/lib/thumb/v7e-m+fp/hard\libg.a(lib_a-vfiprintf.o)
 .rodata.blanks.1
                0x0800b5a4       0x10 c:/progra~1/gcc-ar~1.10/bin/../lib/gcc/arm-none-eabi/10.3.1/../../../../arm-none-eabi/lib/thumb/v7e-m+fp/hard\libg.a(lib_a-vfiprintf.o)
 .rodata.zeroes.0
                0x0800b5b4       0x10 c:/progra~1/gcc-ar~1.10/bin/../lib/gcc/arm-none-eabi/10.3.1/../../../../arm-none-eabi/lib/thumb/v7e-m+fp/hard\libg.a(lib_a-vfiprintf.o)
 .rodata.__assert_func.str1.4
                0x0800b5c4       0x3f c:/progra~1/gcc-ar~1.10/bin/../lib/gcc/arm-none-eabi/10.3.1/../../../../arm-none-eabi/lib/thumb/v7e-m+fp/hard\libg.a(lib_a-assert.o)
                                 0x43 (size before relaxing)
 *fill*         0x0800b603        0x1 
 .rodata._setlocale_r.str1.4
                0x0800b604        0xa c:/progra~1/gcc-ar~1.10/bin/../lib/gcc/arm-none-eabi/10.3.1/../../../../arm-none-eabi/lib/thumb/v7e-m+fp/hard\libg.a(lib_a-locale.o)
                                  0xd (size before relaxing)
 *fill*         0x0800b60e        0x2 
 .rodata.str1.4
                0x0800b610        0x2 c:/progra~1/gcc-ar~1.10/bin/../lib/gcc/arm-none-eabi/10.3.1/../../../../arm-none-eabi/lib/thumb/v7e-m+fp/hard\libg.a(lib_a-locale.o)
 *fill*         0x0800b612        0x2 
 .rodata._ctype_
                0x0800b614      0x101 c:/progra~1/gcc-ar~1.10/bin/../lib/gcc/arm-none-eabi/10.3.1/../../../../arm-none-eabi/lib/thumb/v7e-m+fp/hard\libg.a(lib_a-ctype_.o)
                0x0800b614                _ctype_
                0x0800b718                . = ALIGN (0x4)
 *fill*         0x0800b715        0x3 

.ARM.extab      0x0800b718        0x0
                0x0800b718                . = ALIGN (0x4)
 *(.ARM.extab* .gnu.linkonce.armextab.*)
                0x0800b718                . = ALIGN (0x4)

.ARM            0x0800b718        0x8
                0x0800b718                . = ALIGN (0x4)
                0x0800b718                __exidx_start = .
 *(.ARM.exidx*)
 .ARM.exidx     0x0800b718        0x8 c:/progra~1/gcc-ar~1.10/bin/../lib/gcc/arm-none-eabi/10.3.1/thumb/v7e-m+fp/hard\libgcc.a(_udivmoddi4.o)
                0x0800b720                __exidx_end = .
                0x0800b720                . = ALIGN (0x4)

.rel.dyn        0x0800b720        0x0
 .rel.iplt      0x0800b720        0x0 c:/progra~1/gcc-ar~1.10/bin/../lib/gcc/arm-none-eabi/10.3.1/thumb/v7e-m+fp/hard/crtbegin.o

.preinit_array  0x0800b720        0x0
                0x0800b720                . = ALIGN (0x4)
                0x0800b720                PROVIDE (__preinit_array_start = .)
 *(.preinit_array*)
                0x0800b720                PROVIDE (__preinit_array_end = .)
                0x0800b720                . = ALIGN (0x4)

.init_array     0x0800b720        0x8
                0x0800b720                . = ALIGN (0x4)
                0x0800b720                PROVIDE (__init_array_start = .)
 *(SORT_BY_NAME(.init_array.*))
 .init_array.00000
                0x0800b720        0x4 c:/progra~1/gcc-ar~1.10/bin/../lib/gcc/arm-none-eabi/10.3.1/../../../../arm-none-eabi/lib/thumb/v7e-m+fp/hard\libg.a(lib_a-__call_atexit.o)
 *(.init_array*)
 .init_array    0x0800b724        0x4 c:/progra~1/gcc-ar~1.10/bin/../lib/gcc/arm-none-eabi/10.3.1/thumb/v7e-m+fp/hard/crtbegin.o
                0x0800b728                PROVIDE (__init_array_end = .)
                0x0800b728                . = ALIGN (0x4)

.fini_array     0x0800b728        0x4
                0x0800b728                . = ALIGN (0x4)
                0x0800b728                PROVIDE (__fini_array_start = .)
 *(SORT_BY_NAME(.fini_array.*))
 *(.fini_array*)
 .fini_array    0x0800b728        0x4 c:/progra~1/gcc-ar~1.10/bin/../lib/gcc/arm-none-eabi/10.3.1/thumb/v7e-m+fp/hard/crtbegin.o
                0x0800b72c                PROVIDE (__fini_array_end = .)
                0x0800b72c                . = ALIGN (0x4)
                0x0800b72c                _sidata = LOADADDR (.data)

.data           0x20000000      0x9c8 load address 0x0800b72c
                0x20000000                . = ALIGN (0x4)
                0x20000000                _sdata = .
 *(.data)
 *(.data*)
 .data.Motor_Dir
                0x20000000        0x1 CMakeFiles/clion_car_motor_hardware.elf.dir/Core/Src/bsp_bldc.c.obj
                0x20000000                Motor_Dir
 *fill*         0x20000001        0x3 
 .data.PWM_Duty
                0x20000004        0x4 CMakeFiles/clion_car_motor_hardware.elf.dir/Core/Src/bsp_bldc.c.obj
                0x20000004                PWM_Duty
 .data.Dead_Zone
                0x20000008        0x4 CMakeFiles/clion_car_motor_hardware.elf.dir/Core/Src/contrl.c.obj
                0x20000008                Dead_Zone
 .data.SystemCoreClock
                0x2000000c        0x4 CMakeFiles/clion_car_motor_hardware.elf.dir/Core/Src/system_stm32f4xx.c.obj
                0x2000000c                SystemCoreClock
 .data.uwTickFreq
                0x20000010        0x1 CMakeFiles/clion_car_motor_hardware.elf.dir/Drivers/STM32F4xx_HAL_Driver/Src/stm32f4xx_hal.c.obj
                0x20000010                uwTickFreq
 *fill*         0x20000011        0x3 
 .data.uwTickPrio
                0x20000014        0x4 CMakeFiles/clion_car_motor_hardware.elf.dir/Drivers/STM32F4xx_HAL_Driver/Src/stm32f4xx_hal.c.obj
                0x20000014                uwTickPrio
 .data.uxCriticalNesting
                0x20000018        0x4 CMakeFiles/clion_car_motor_hardware.elf.dir/Middlewares/Third_Party/FreeRTOS/Source/portable/GCC/ARM_CM4F/port.c.obj
 .data._impure_ptr
                0x2000001c        0x4 c:/progra~1/gcc-ar~1.10/bin/../lib/gcc/arm-none-eabi/10.3.1/../../../../arm-none-eabi/lib/thumb/v7e-m+fp/hard\libg.a(lib_a-impure.o)
                0x2000001c                _impure_ptr
 .data.impure_data
                0x20000020      0x428 c:/progra~1/gcc-ar~1.10/bin/../lib/gcc/arm-none-eabi/10.3.1/../../../../arm-none-eabi/lib/thumb/v7e-m+fp/hard\libg.a(lib_a-impure.o)
 .data.__atexit_recursive_mutex
                0x20000448        0x4 c:/progra~1/gcc-ar~1.10/bin/../lib/gcc/arm-none-eabi/10.3.1/../../../../arm-none-eabi/lib/thumb/v7e-m+fp/hard\libg.a(lib_a-__call_atexit.o)
                0x20000448                __atexit_recursive_mutex
 .data.__malloc_av_
                0x2000044c      0x408 c:/progra~1/gcc-ar~1.10/bin/../lib/gcc/arm-none-eabi/10.3.1/../../../../arm-none-eabi/lib/thumb/v7e-m+fp/hard\libg.a(lib_a-mallocr.o)
                0x2000044c                __malloc_av_
 .data.__malloc_sbrk_base
                0x20000854        0x4 c:/progra~1/gcc-ar~1.10/bin/../lib/gcc/arm-none-eabi/10.3.1/../../../../arm-none-eabi/lib/thumb/v7e-m+fp/hard\libg.a(lib_a-mallocr.o)
                0x20000854                __malloc_sbrk_base
 .data.__malloc_trim_threshold
                0x20000858        0x4 c:/progra~1/gcc-ar~1.10/bin/../lib/gcc/arm-none-eabi/10.3.1/../../../../arm-none-eabi/lib/thumb/v7e-m+fp/hard\libg.a(lib_a-mallocr.o)
                0x20000858                __malloc_trim_threshold
 .data.__global_locale
                0x2000085c      0x16c c:/progra~1/gcc-ar~1.10/bin/../lib/gcc/arm-none-eabi/10.3.1/../../../../arm-none-eabi/lib/thumb/v7e-m+fp/hard\libg.a(lib_a-locale.o)
                0x2000085c                __global_locale
 *(.RamFunc)
 *(.RamFunc*)
                0x200009c8                . = ALIGN (0x4)
                0x200009c8                _edata = .
                0x0800c0f4                _siccmram = LOADADDR (.ccmram)

.igot.plt       0x200009c8        0x0 load address 0x0800c0f4
 .igot.plt      0x200009c8        0x0 c:/progra~1/gcc-ar~1.10/bin/../lib/gcc/arm-none-eabi/10.3.1/thumb/v7e-m+fp/hard/crtbegin.o

.ccmram         0x10000000        0x0 load address 0x0800c0f4
                0x10000000                . = ALIGN (0x4)
                0x10000000                _sccmram = .
 *(.ccmram)
 *(.ccmram*)
                0x10000000                . = ALIGN (0x4)
                0x10000000                _eccmram = .
                0x10000000                . = ALIGN (0x4)

.bss            0x200009c8     0x46ec
                0x200009c8                _sbss = .
                0x200009c8                __bss_start__ = _sbss
 *(.bss)
 .bss           0x200009c8       0x1c c:/progra~1/gcc-ar~1.10/bin/../lib/gcc/arm-none-eabi/10.3.1/thumb/v7e-m+fp/hard/crtbegin.o
 *(.bss*)
 .bss.htimx_BLDCM
                0x200009e4       0x48 CMakeFiles/clion_car_motor_hardware.elf.dir/Core/Src/bsp_bldc.c.obj
                0x200009e4                htimx_BLDCM
 .bss.LS_hallPhase
                0x20000a2c        0x4 CMakeFiles/clion_car_motor_hardware.elf.dir/Core/Src/bsp_hall.c.obj
                0x20000a2c                LS_hallPhase
 .bss.RT_hallDir
                0x20000a30        0x1 CMakeFiles/clion_car_motor_hardware.elf.dir/Core/Src/bsp_hall.c.obj
                0x20000a30                RT_hallDir
 *fill*         0x20000a31        0x3 
 .bss.RT_hallcnt
                0x20000a34        0x4 CMakeFiles/clion_car_motor_hardware.elf.dir/Core/Src/bsp_hall.c.obj
                0x20000a34                RT_hallcnt
 .bss.RT_hallcomp
                0x20000a38        0x4 CMakeFiles/clion_car_motor_hardware.elf.dir/Core/Src/bsp_hall.c.obj
                0x20000a38                RT_hallcomp
 .bss.Balance_Pwm
                0x20000a3c        0x4 CMakeFiles/clion_car_motor_hardware.elf.dir/Core/Src/car_task.c.obj
                0x20000a3c                Balance_Pwm
 .bss.Encoder_left
                0x20000a40        0x4 CMakeFiles/clion_car_motor_hardware.elf.dir/Core/Src/car_task.c.obj
                0x20000a40                Encoder_left
 .bss.Encoder_right
                0x20000a44        0x4 CMakeFiles/clion_car_motor_hardware.elf.dir/Core/Src/car_task.c.obj
                0x20000a44                Encoder_right
 .bss.Motor1    0x20000a48        0x4 CMakeFiles/clion_car_motor_hardware.elf.dir/Core/Src/car_task.c.obj
                0x20000a48                Motor1
 .bss.Motor2    0x20000a4c        0x4 CMakeFiles/clion_car_motor_hardware.elf.dir/Core/Src/car_task.c.obj
                0x20000a4c                Motor2
 .bss.Turn_Pwm  0x20000a50        0x4 CMakeFiles/clion_car_motor_hardware.elf.dir/Core/Src/car_task.c.obj
                0x20000a50                Turn_Pwm
 .bss.Velocity_Pwm
                0x20000a54        0x4 CMakeFiles/clion_car_motor_hardware.elf.dir/Core/Src/car_task.c.obj
                0x20000a54                Velocity_Pwm
 .bss.Recive_Data
                0x20000a58       0x21 CMakeFiles/clion_car_motor_hardware.elf.dir/Core/Src/comminicate.c.obj
                0x20000a58                Recive_Data
 *fill*         0x20000a79        0x3 
 .bss.Send_Data
                0x20000a7c       0x21 CMakeFiles/clion_car_motor_hardware.elf.dir/Core/Src/comminicate.c.obj
                0x20000a7c                Send_Data
 *fill*         0x20000a9d        0x3 
 .bss.Left_moto
                0x20000aa0       0x18 CMakeFiles/clion_car_motor_hardware.elf.dir/Core/Src/contrl.c.obj
                0x20000aa0                Left_moto
 .bss.Right_moto
                0x20000ab8       0x18 CMakeFiles/clion_car_motor_hardware.elf.dir/Core/Src/contrl.c.obj
                0x20000ab8                Right_moto
 .bss.Task_IMUHandle
                0x20000ad0        0x4 CMakeFiles/clion_car_motor_hardware.elf.dir/Core/Src/freertos.c.obj
                0x20000ad0                Task_IMUHandle
 .bss.Task_PIDHandle
                0x20000ad4        0x4 CMakeFiles/clion_car_motor_hardware.elf.dir/Core/Src/freertos.c.obj
                0x20000ad4                Task_PIDHandle
 .bss.Task_uart1Handle
                0x20000ad8        0x4 CMakeFiles/clion_car_motor_hardware.elf.dir/Core/Src/freertos.c.obj
                0x20000ad8                Task_uart1Handle
 .bss.Task_uart2Handle
                0x20000adc        0x4 CMakeFiles/clion_car_motor_hardware.elf.dir/Core/Src/freertos.c.obj
                0x20000adc                Task_uart2Handle
 .bss.xIdleStack
                0x20000ae0      0x200 CMakeFiles/clion_car_motor_hardware.elf.dir/Core/Src/freertos.c.obj
 .bss.xIdleTaskTCBBuffer
                0x20000ce0      0x480 CMakeFiles/clion_car_motor_hardware.elf.dir/Core/Src/freertos.c.obj
 .bss.gHuart    0x20001160        0x4 CMakeFiles/clion_car_motor_hardware.elf.dir/Core/Src/retarget.c.obj
                0x20001160                gHuart
 .bss.htim6     0x20001164       0x48 CMakeFiles/clion_car_motor_hardware.elf.dir/Core/Src/stm32f4xx_hal_timebase_tim.c.obj
                0x20001164                htim6
 .bss.Rcount    0x200011ac        0x1 CMakeFiles/clion_car_motor_hardware.elf.dir/Core/Src/stm32f4xx_it.c.obj
                0x200011ac                Rcount
 *fill*         0x200011ad        0x3 
 .bss.__sbrk_heap_end
                0x200011b0        0x4 CMakeFiles/clion_car_motor_hardware.elf.dir/Core/Src/sysmem.c.obj
 .bss.htim3     0x200011b4       0x48 CMakeFiles/clion_car_motor_hardware.elf.dir/Core/Src/tim.c.obj
                0x200011b4                htim3
 .bss.htim4     0x200011fc       0x48 CMakeFiles/clion_car_motor_hardware.elf.dir/Core/Src/tim.c.obj
                0x200011fc                htim4
 .bss.htim5     0x20001244       0x48 CMakeFiles/clion_car_motor_hardware.elf.dir/Core/Src/tim.c.obj
                0x20001244                htim5
 .bss.huart1    0x2000128c       0x44 CMakeFiles/clion_car_motor_hardware.elf.dir/Core/Src/usart.c.obj
                0x2000128c                huart1
 .bss.huart2    0x200012d0       0x44 CMakeFiles/clion_car_motor_hardware.elf.dir/Core/Src/usart.c.obj
                0x200012d0                huart2
 .bss.uwTick    0x20001314        0x4 CMakeFiles/clion_car_motor_hardware.elf.dir/Drivers/STM32F4xx_HAL_Driver/Src/stm32f4xx_hal.c.obj
                0x20001314                uwTick
 .bss.ucMaxSysCallPriority
                0x20001318        0x1 CMakeFiles/clion_car_motor_hardware.elf.dir/Middlewares/Third_Party/FreeRTOS/Source/portable/GCC/ARM_CM4F/port.c.obj
 *fill*         0x20001319        0x3 
 .bss.ulMaxPRIGROUPValue
                0x2000131c        0x4 CMakeFiles/clion_car_motor_hardware.elf.dir/Middlewares/Third_Party/FreeRTOS/Source/portable/GCC/ARM_CM4F/port.c.obj
 .bss.pxEnd     0x20001320        0x4 CMakeFiles/clion_car_motor_hardware.elf.dir/Middlewares/Third_Party/FreeRTOS/Source/portable/MemMang/heap_4.c.obj
 .bss.ucHeap    0x20001324     0x3c00 CMakeFiles/clion_car_motor_hardware.elf.dir/Middlewares/Third_Party/FreeRTOS/Source/portable/MemMang/heap_4.c.obj
 .bss.xBlockAllocatedBit
                0x20004f24        0x4 CMakeFiles/clion_car_motor_hardware.elf.dir/Middlewares/Third_Party/FreeRTOS/Source/portable/MemMang/heap_4.c.obj
 .bss.xFreeBytesRemaining
                0x20004f28        0x4 CMakeFiles/clion_car_motor_hardware.elf.dir/Middlewares/Third_Party/FreeRTOS/Source/portable/MemMang/heap_4.c.obj
 .bss.xMinimumEverFreeBytesRemaining
                0x20004f2c        0x4 CMakeFiles/clion_car_motor_hardware.elf.dir/Middlewares/Third_Party/FreeRTOS/Source/portable/MemMang/heap_4.c.obj
 .bss.xNumberOfSuccessfulAllocations
                0x20004f30        0x4 CMakeFiles/clion_car_motor_hardware.elf.dir/Middlewares/Third_Party/FreeRTOS/Source/portable/MemMang/heap_4.c.obj
 .bss.xNumberOfSuccessfulFrees
                0x20004f34        0x4 CMakeFiles/clion_car_motor_hardware.elf.dir/Middlewares/Third_Party/FreeRTOS/Source/portable/MemMang/heap_4.c.obj
 .bss.xStart    0x20004f38        0x8 CMakeFiles/clion_car_motor_hardware.elf.dir/Middlewares/Third_Party/FreeRTOS/Source/portable/MemMang/heap_4.c.obj
 .bss.pxCurrentTCB
                0x20004f40        0x4 CMakeFiles/clion_car_motor_hardware.elf.dir/Middlewares/Third_Party/FreeRTOS/Source/tasks.c.obj
                0x20004f40                pxCurrentTCB
 .bss.pxDelayedTaskList
                0x20004f44        0x4 CMakeFiles/clion_car_motor_hardware.elf.dir/Middlewares/Third_Party/FreeRTOS/Source/tasks.c.obj
 .bss.pxOverflowDelayedTaskList
                0x20004f48        0x4 CMakeFiles/clion_car_motor_hardware.elf.dir/Middlewares/Third_Party/FreeRTOS/Source/tasks.c.obj
 .bss.pxReadyTasksLists
                0x20004f4c       0x8c CMakeFiles/clion_car_motor_hardware.elf.dir/Middlewares/Third_Party/FreeRTOS/Source/tasks.c.obj
 .bss.uxCurrentNumberOfTasks
                0x20004fd8        0x4 CMakeFiles/clion_car_motor_hardware.elf.dir/Middlewares/Third_Party/FreeRTOS/Source/tasks.c.obj
 .bss.uxDeletedTasksWaitingCleanUp
                0x20004fdc        0x4 CMakeFiles/clion_car_motor_hardware.elf.dir/Middlewares/Third_Party/FreeRTOS/Source/tasks.c.obj
 .bss.uxSchedulerSuspended
                0x20004fe0        0x4 CMakeFiles/clion_car_motor_hardware.elf.dir/Middlewares/Third_Party/FreeRTOS/Source/tasks.c.obj
 .bss.uxTaskNumber
                0x20004fe4        0x4 CMakeFiles/clion_car_motor_hardware.elf.dir/Middlewares/Third_Party/FreeRTOS/Source/tasks.c.obj
 .bss.uxTopReadyPriority
                0x20004fe8        0x4 CMakeFiles/clion_car_motor_hardware.elf.dir/Middlewares/Third_Party/FreeRTOS/Source/tasks.c.obj
 .bss.xDelayedTaskList1
                0x20004fec       0x14 CMakeFiles/clion_car_motor_hardware.elf.dir/Middlewares/Third_Party/FreeRTOS/Source/tasks.c.obj
 .bss.xDelayedTaskList2
                0x20005000       0x14 CMakeFiles/clion_car_motor_hardware.elf.dir/Middlewares/Third_Party/FreeRTOS/Source/tasks.c.obj
 .bss.xIdleTaskHandle
                0x20005014        0x4 CMakeFiles/clion_car_motor_hardware.elf.dir/Middlewares/Third_Party/FreeRTOS/Source/tasks.c.obj
 .bss.xNextTaskUnblockTime
                0x20005018        0x4 CMakeFiles/clion_car_motor_hardware.elf.dir/Middlewares/Third_Party/FreeRTOS/Source/tasks.c.obj
 .bss.xNumOfOverflows
                0x2000501c        0x4 CMakeFiles/clion_car_motor_hardware.elf.dir/Middlewares/Third_Party/FreeRTOS/Source/tasks.c.obj
 .bss.xPendedTicks
                0x20005020        0x4 CMakeFiles/clion_car_motor_hardware.elf.dir/Middlewares/Third_Party/FreeRTOS/Source/tasks.c.obj
 .bss.xPendingReadyList
                0x20005024       0x14 CMakeFiles/clion_car_motor_hardware.elf.dir/Middlewares/Third_Party/FreeRTOS/Source/tasks.c.obj
 .bss.xSchedulerRunning
                0x20005038        0x4 CMakeFiles/clion_car_motor_hardware.elf.dir/Middlewares/Third_Party/FreeRTOS/Source/tasks.c.obj
 .bss.xSuspendedTaskList
                0x2000503c       0x14 CMakeFiles/clion_car_motor_hardware.elf.dir/Middlewares/Third_Party/FreeRTOS/Source/tasks.c.obj
 .bss.xTasksWaitingTermination
                0x20005050       0x14 CMakeFiles/clion_car_motor_hardware.elf.dir/Middlewares/Third_Party/FreeRTOS/Source/tasks.c.obj
 .bss.xTickCount
                0x20005064        0x4 CMakeFiles/clion_car_motor_hardware.elf.dir/Middlewares/Third_Party/FreeRTOS/Source/tasks.c.obj
 .bss.xYieldPending
                0x20005068        0x4 CMakeFiles/clion_car_motor_hardware.elf.dir/Middlewares/Third_Party/FreeRTOS/Source/tasks.c.obj
 .bss.errno     0x2000506c        0x4 c:/progra~1/gcc-ar~1.10/bin/../lib/gcc/arm-none-eabi/10.3.1/../../../../arm-none-eabi/lib/thumb/v7e-m+fp/hard\libg.a(lib_a-reent.o)
                0x2000506c                errno
 .bss.__lock___atexit_recursive_mutex
                0x20005070        0x1 c:/progra~1/gcc-ar~1.10/bin/../lib/gcc/arm-none-eabi/10.3.1/../../../../arm-none-eabi/lib/thumb/v7e-m+fp/hard\libg.a(lib_a-lock.o)
                0x20005070                __lock___atexit_recursive_mutex
 *fill*         0x20005071        0x3 
 .bss.__lock___malloc_recursive_mutex
                0x20005074        0x1 c:/progra~1/gcc-ar~1.10/bin/../lib/gcc/arm-none-eabi/10.3.1/../../../../arm-none-eabi/lib/thumb/v7e-m+fp/hard\libg.a(lib_a-lock.o)
                0x20005074                __lock___malloc_recursive_mutex
 *fill*         0x20005075        0x3 
 .bss.__lock___sfp_recursive_mutex
                0x20005078        0x1 c:/progra~1/gcc-ar~1.10/bin/../lib/gcc/arm-none-eabi/10.3.1/../../../../arm-none-eabi/lib/thumb/v7e-m+fp/hard\libg.a(lib_a-lock.o)
                0x20005078                __lock___sfp_recursive_mutex
 *fill*         0x20005079        0x3 
 .bss.__lock___sinit_recursive_mutex
                0x2000507c        0x1 c:/progra~1/gcc-ar~1.10/bin/../lib/gcc/arm-none-eabi/10.3.1/../../../../arm-none-eabi/lib/thumb/v7e-m+fp/hard\libg.a(lib_a-lock.o)
                0x2000507c                __lock___sinit_recursive_mutex
 *fill*         0x2000507d        0x3 
 .bss.__malloc_current_mallinfo
                0x20005080       0x28 c:/progra~1/gcc-ar~1.10/bin/../lib/gcc/arm-none-eabi/10.3.1/../../../../arm-none-eabi/lib/thumb/v7e-m+fp/hard\libg.a(lib_a-mallocr.o)
                0x20005080                __malloc_current_mallinfo
 .bss.__malloc_max_sbrked_mem
                0x200050a8        0x4 c:/progra~1/gcc-ar~1.10/bin/../lib/gcc/arm-none-eabi/10.3.1/../../../../arm-none-eabi/lib/thumb/v7e-m+fp/hard\libg.a(lib_a-mallocr.o)
                0x200050a8                __malloc_max_sbrked_mem
 .bss.__malloc_max_total_mem
                0x200050ac        0x4 c:/progra~1/gcc-ar~1.10/bin/../lib/gcc/arm-none-eabi/10.3.1/../../../../arm-none-eabi/lib/thumb/v7e-m+fp/hard\libg.a(lib_a-mallocr.o)
                0x200050ac                __malloc_max_total_mem
 .bss.__malloc_top_pad
                0x200050b0        0x4 c:/progra~1/gcc-ar~1.10/bin/../lib/gcc/arm-none-eabi/10.3.1/../../../../arm-none-eabi/lib/thumb/v7e-m+fp/hard\libg.a(lib_a-mallocr.o)
                0x200050b0                __malloc_top_pad
 *(COMMON)
                0x200050b4                . = ALIGN (0x4)
                0x200050b4                _ebss = .
                0x200050b4                __bss_end__ = _ebss

._user_heap_stack
                0x200050b4      0x604
                0x200050b8                . = ALIGN (0x8)
 *fill*         0x200050b4        0x4 
                [!provide]                PROVIDE (end = .)