Archive member included to satisfy reference by file (symbol)

c:/progra~1/gcc-ar~1.10/bin/../lib/gcc/arm-none-eabi/10.3.1/thumb/v7e-m+fp/hard\libgcc.a(_aeabi_uldivmod.o)
                              CMakeFiles/clion_car_motor_hardware.elf.dir/Drivers/STM32F4xx_HAL_Driver/Src/stm32f4xx_hal_rcc.c.obj (__aeabi_uldivmod)
c:/progra~1/gcc-ar~1.10/bin/../lib/gcc/arm-none-eabi/10.3.1/thumb/v7e-m+fp/hard\libgcc.a(_udivmoddi4.o)
                              c:/progra~1/gcc-ar~1.10/bin/../lib/gcc/arm-none-eabi/10.3.1/thumb/v7e-m+fp/hard\libgcc.a(_aeabi_uldivmod.o) (__udivmoddi4)
c:/progra~1/gcc-ar~1.10/bin/../lib/gcc/arm-none-eabi/10.3.1/thumb/v7e-m+fp/hard\libgcc.a(_dvmd_tls.o)
                              c:/progra~1/gcc-ar~1.10/bin/../lib/gcc/arm-none-eabi/10.3.1/thumb/v7e-m+fp/hard\libgcc.a(_aeabi_uldivmod.o) (__aeabi_ldiv0)
c:/progra~1/gcc-ar~1.10/bin/../lib/gcc/arm-none-eabi/10.3.1/../../../../arm-none-eabi/lib/thumb/v7e-m+fp/hard\libg.a(lib_a-errno.o)
                              CMakeFiles/clion_car_motor_hardware.elf.dir/Core/Src/retarget.c.obj (__errno)
c:/progra~1/gcc-ar~1.10/bin/../lib/gcc/arm-none-eabi/10.3.1/../../../../arm-none-eabi/lib/thumb/v7e-m+fp/hard\libg.a(lib_a-exit.o)
                              c:/progra~1/gcc-ar~1.10/bin/../lib/gcc/arm-none-eabi/10.3.1/../../../../arm-none-eabi/lib/thumb/v7e-m+fp/hard/crt0.o (exit)
c:/progra~1/gcc-ar~1.10/bin/../lib/gcc/arm-none-eabi/10.3.1/../../../../arm-none-eabi/lib/thumb/v7e-m+fp/hard\libg.a(lib_a-impure.o)
                              c:/progra~1/gcc-ar~1.10/bin/../lib/gcc/arm-none-eabi/10.3.1/../../../../arm-none-eabi/lib/thumb/v7e-m+fp/hard\libg.a(lib_a-exit.o) (_global_impure_ptr)
c:/progra~1/gcc-ar~1.10/bin/../lib/gcc/arm-none-eabi/10.3.1/../../../../arm-none-eabi/lib/thumb/v7e-m+fp/hard\libg.a(lib_a-init.o)
                              c:/progra~1/gcc-ar~1.10/bin/../lib/gcc/arm-none-eabi/10.3.1/../../../../arm-none-eabi/lib/thumb/v7e-m+fp/hard/crt0.o (__libc_init_array)
c:/progra~1/gcc-ar~1.10/bin/../lib/gcc/arm-none-eabi/10.3.1/../../../../arm-none-eabi/lib/thumb/v7e-m+fp/hard\libg.a(lib_a-memcpy.o)
                              CMakeFiles/clion_car_motor_hardware.elf.dir/Middlewares/Third_Party/FreeRTOS/Source/queue.c.obj (memcpy)
c:/progra~1/gcc-ar~1.10/bin/../lib/gcc/arm-none-eabi/10.3.1/../../../../arm-none-eabi/lib/thumb/v7e-m+fp/hard\libg.a(lib_a-memset.o)
                              c:/progra~1/gcc-ar~1.10/bin/../lib/gcc/arm-none-eabi/10.3.1/../../../../arm-none-eabi/lib/thumb/v7e-m+fp/hard/crt0.o (memset)
c:/progra~1/gcc-ar~1.10/bin/../lib/gcc/arm-none-eabi/10.3.1/../../../../arm-none-eabi/lib/thumb/v7e-m+fp/hard\libg.a(lib_a-printf.o)
                              CMakeFiles/clion_car_motor_hardware.elf.dir/Core/Src/freertos.c.obj (printf)
c:/progra~1/gcc-ar~1.10/bin/../lib/gcc/arm-none-eabi/10.3.1/../../../../arm-none-eabi/lib/thumb/v7e-m+fp/hard\libg.a(lib_a-puts.o)
                              CMakeFiles/clion_car_motor_hardware.elf.dir/Core/Src/main.c.obj (puts)
c:/progra~1/gcc-ar~1.10/bin/../lib/gcc/arm-none-eabi/10.3.1/../../../../arm-none-eabi/lib/thumb/v7e-m+fp/hard\libg.a(lib_a-reent.o)
                              CMakeFiles/clion_car_motor_hardware.elf.dir/Middlewares/Third_Party/FreeRTOS/Source/tasks.c.obj (_reclaim_reent)
c:/progra~1/gcc-ar~1.10/bin/../lib/gcc/arm-none-eabi/10.3.1/../../../../arm-none-eabi/lib/thumb/v7e-m+fp/hard\libg.a(lib_a-setvbuf.o)
                              CMakeFiles/clion_car_motor_hardware.elf.dir/Core/Src/retarget.c.obj (setvbuf)
c:/progra~1/gcc-ar~1.10/bin/../lib/gcc/arm-none-eabi/10.3.1/../../../../arm-none-eabi/lib/thumb/v7e-m+fp/hard\libg.a(lib_a-strlen.o)
                              c:/progra~1/gcc-ar~1.10/bin/../lib/gcc/arm-none-eabi/10.3.1/../../../../arm-none-eabi/lib/thumb/v7e-m+fp/hard\libg.a(lib_a-puts.o) (strlen)
c:/progra~1/gcc-ar~1.10/bin/../lib/gcc/arm-none-eabi/10.3.1/../../../../arm-none-eabi/lib/thumb/v7e-m+fp/hard\libg.a(lib_a-vfprintf.o)
                              c:/progra~1/gcc-ar~1.10/bin/../lib/gcc/arm-none-eabi/10.3.1/../../../../arm-none-eabi/lib/thumb/v7e-m+fp/hard\libg.a(lib_a-printf.o) (_vfprintf_r)
c:/progra~1/gcc-ar~1.10/bin/../lib/gcc/arm-none-eabi/10.3.1/../../../../arm-none-eabi/lib/thumb/v7e-m+fp/hard\libg.a(lib_a-wsetup.o)
                              c:/progra~1/gcc-ar~1.10/bin/../lib/gcc/arm-none-eabi/10.3.1/../../../../arm-none-eabi/lib/thumb/v7e-m+fp/hard\libg.a(lib_a-vfprintf.o) (__swsetup_r)
c:/progra~1/gcc-ar~1.10/bin/../lib/gcc/arm-none-eabi/10.3.1/../../../../arm-none-eabi/lib/thumb/v7e-m+fp/hard\libg.a(lib_a-__call_atexit.o)
                              c:/progra~1/gcc-ar~1.10/bin/../lib/gcc/arm-none-eabi/10.3.1/../../../../arm-none-eabi/lib/thumb/v7e-m+fp/hard\libg.a(lib_a-exit.o) (__call_exitprocs)
c:/progra~1/gcc-ar~1.10/bin/../lib/gcc/arm-none-eabi/10.3.1/../../../../arm-none-eabi/lib/thumb/v7e-m+fp/hard\libg.a(lib_a-atexit.o)
[...]
Memory Configuration

Name             Origin             Length             Attributes
CCMRAM           0x10000000         0x00010000         xrw
RAM              0x20000000         0x00020000         xrw
FLASH            0x08000000         0x00100000         xr
*default*        0x00000000         0xffffffff

Linker script and memory map

LOAD c:/progra~1/gcc-ar~1.10/bin/../lib/gcc/arm-none-eabi/10.3.1/thumb/v7e-m+fp/hard/crti.o
LOAD c:/progra~1/gcc-ar~1.10/bin/../lib/gcc/arm-none-eabi/10.3.1/thumb/v7e-m+fp/hard/crtbegin.o
LOAD c:/progra~1/gcc-ar~1.10/bin/../lib/gcc/arm-none-eabi/10.3.1/../../../../arm-none-eabi/lib/thumb/v7e-m+fp/hard/crt0.o
LOAD CMakeFiles/clion_car_motor_hardware.elf.dir/Core/Src/freertos.c.obj
LOAD CMakeFiles/clion_car_motor_hardware.elf.dir/Core/Src/gpio.c.obj
LOAD CMakeFiles/clion_car_motor_hardware.elf.dir/Core/Src/main.c.obj
LOAD CMakeFiles/clion_car_motor_hardware.elf.dir/Core/Src/retarget.c.obj
LOAD CMakeFiles/clion_car_motor_hardware.elf.dir/Core/Src/stm32f4xx_hal_msp.c.obj
LOAD CMakeFiles/clion_car_motor_hardware.elf.dir/Core/Src/stm32f4xx_hal_timebase_tim.c.obj
LOAD CMakeFiles/clion_car_motor_hardware.elf.dir/Core/Src/stm32f4xx_it.c.obj
LOAD CMakeFiles/clion_car_motor_hardware.elf.dir/Core/Src/syscalls.c.obj
LOAD CMakeFiles/clion_car_motor_hardware.elf.dir/Core/Src/sysmem.c.obj
LOAD CMakeFiles/clion_car_motor_hardware.elf.dir/Core/Src/system_stm32f4xx.c.obj
LOAD CMakeFiles/clion_car_motor_hardware.elf.dir/Core/Src/tim.c.obj
LOAD CMakeFiles/clion_car_motor_hardware.elf.dir/Core/Src/usart.c.obj
LOAD CMakeFiles/clion_car_motor_hardware.elf.dir/Core/Startup/startup_stm32f407igtx.s.obj
LOAD CMakeFiles/clion_car_motor_hardware.elf.dir/Drivers/STM32F4xx_HAL_Driver/Src/stm32f4xx_hal.c.obj
LOAD CMakeFiles/clion_car_motor_hardware.elf.dir/Drivers/STM32F4xx_HAL_Driver/Src/stm32f4xx_hal_cortex.c.obj
LOAD CMakeFiles/clion_car_motor_hardware.elf.dir/Drivers/STM32F4xx_HAL_Driver/Src/stm32f4xx_hal_dma.c.obj
LOAD CMakeFiles/clion_car_motor_hardware.elf.dir/Drivers/STM32F4xx_HAL_Driver/Src/stm32f4xx_hal_dma_ex.c.obj
LOAD CMakeFiles/clion_car_motor_hardware.elf.dir/Drivers/STM32F4xx_HAL_Driver/Src/stm32f4xx_hal_exti.c.obj
LOAD CMakeFiles/clion_car_motor_hardware.elf.dir/Drivers/STM32F4xx_HAL_Driver/Src/stm32f4xx_hal_flash.c.obj
LOAD CMakeFiles/clion_car_motor_hardware.elf.dir/Drivers/STM32F4xx_HAL_Driver/Src/stm32f4xx_hal_flash_ex.c.obj
LOAD CMakeFiles/clion_car_motor_hardware.elf.dir/Drivers/STM32F4xx_HAL_Driver/Src/stm32f4xx_hal_flash_ramfunc.c.obj
LOAD CMakeFiles/clion_car_motor_hardware.elf.dir/Drivers/STM32F4xx_HAL_Driver/Src/stm32f4xx_hal_gpio.c.obj
LOAD CMakeFiles/clion_car_motor_hardware.elf.dir/Drivers/STM32F4xx_HAL_Driver/Src/stm32f4xx_hal_pwr.c.obj
LOAD CMakeFiles/clion_car_motor_hardware.elf.dir/Drivers/STM32F4xx_HAL_Driver/Src/stm32f4xx_hal_pwr_ex.c.obj
LOAD CMakeFiles/clion_car_motor_hardware.elf.dir/Drivers/STM32F4xx_HAL_Driver/Src/stm32f4xx_hal_rcc.c.obj
LOAD CMakeFiles/clion_car_motor_hardware.elf.dir/Drivers/STM32F4xx_HAL_Driver/Src/stm32f4xx_hal_rcc_ex.c.obj
LOAD CMakeFiles/clion_car_motor_hardware.elf.dir/Drivers/STM32F4xx_HAL_Driver/Src/stm32f4xx_hal_tim.c.obj
LOAD CMakeFiles/clion_car_motor_hardware.elf.dir/Drivers/STM32F4xx_HAL_Driver/Src/stm32f4xx_hal_tim_ex.c.obj
LOAD CMakeFiles/clion_car_motor_hardware.elf.dir/Drivers/STM32F4xx_HAL_Driver/Src/stm32f4xx_hal_uart.c.obj
LOAD CMakeFiles/clion_car_motor_hardware.elf.dir/Middlewares/Third_Party/FreeRTOS/Source/CMSIS_RTOS/cmsis_os.c.obj
LOAD CMakeFiles/clion_car_motor_hardware.elf.dir/Middlewares/Third_Party/FreeRTOS/Source/croutine.c.obj
LOAD CMakeFiles/clion_car_motor_hardware.elf.dir/Middlewares/Third_Party/FreeRTOS/Source/event_groups.c.obj
LOAD CMakeFiles/clion_car_motor_hardware.elf.dir/Middlewares/Third_Party/FreeRTOS/Source/list.c.obj
LOAD CMakeFiles/clion_car_motor_hardware.elf.dir/Middlewares/Third_Party/FreeRTOS/Source/portable/GCC/ARM_CM4F/port.c.obj
LOAD CMakeFiles/clion_car_motor_hardware.elf.dir/Middlewares/Third_Party/FreeRTOS/Source/portable/MemMang/heap_4.c.obj
LOAD CMakeFiles/clion_car_motor_hardware.elf.dir/Middlewares/Third_Party/FreeRTOS/Source/queue.c.obj
LOAD CMakeFiles/clion_car_motor_hardware.elf.dir/Middlewares/Third_Party/FreeRTOS/Source/stream_buffer.c.obj
LOAD CMakeFiles/clion_car_motor_hardware.elf.dir/Middlewares/Third_Party/FreeRTOS/Source/tasks.c.obj
LOAD CMakeFiles/clion_car_motor_hardware.elf.dir/Middlewares/Third_Party/FreeRTOS/Source/timers.c.obj
START GROUP
LOAD c:/progra~1/gcc-ar~1.10/bin/../lib/gcc/arm-none-eabi/10.3.1/thumb/v7e-m+fp/hard\libgcc.a
LOAD c:/progra~1/gcc-ar~1.10/bin/../lib/gcc/arm-none-eabi/10.3.1/../../../../arm-none-eabi/lib/thumb/v7e-m+fp/hard\libg.a
LOAD c:/progra~1/gcc-ar~1.10/bin/../lib/gcc/arm-none-eabi/10.3.1/../../../../arm-none-eabi/lib/thumb/v7e-m+fp/hard\libc.a
END GROUP
LOAD c:/progra~1/gcc-ar~1.10/bin/../lib/gcc/arm-none-eabi/10.3.1/thumb/v7e-m+fp/hard/crtend.o
LOAD c:/progra~1/gcc-ar~1.10/bin/../lib/gcc/arm-none-eabi/10.3.1/thumb/v7e-m+fp/hard/crtn.o
                0x20020000                _estack = (ORIGIN (RAM) + LENGTH (RAM))
                0x00000200                _Min_Heap_Size = 0x200
                0x00000400                _Min_Stack_Size = 0x400

.isr_vector     0x08000000      0x188
                0x08000000                . = ALIGN (0x4)
 *(.isr_vector)
 .isr_vector    0x08000000      0x188 CMakeFiles/clion_car_motor_hardware.elf.dir/Core/Startup/startup_stm32f407igtx.s.obj
                0x08000000                g_pfnVectors
                0x08000188                . = ALIGN (0x4)

.text           0x080001c0     0xa760
                0x080001c0                . = ALIGN (0x4)
 *(.text)
 .text          0x080001c0       0x40 c:/progra~1/gcc-ar~1.10/bin/../lib/gcc/arm-none-eabi/10.3.1/thumb/v7e-m+fp/hard/crtbegin.o
 .text          0x08000200       0x30 c:/progra~1/gcc-ar~1.10/bin/../lib/gcc/arm-none-eabi/10.3.1/thumb/v7e-m+fp/hard\libgcc.a(_aeabi_uldivmod.o)
                0x08000200                __aeabi_uldivmod
 .text          0x08000230      0x2d0 c:/progra~1/gcc-ar~1.10/bin/../lib/gcc/arm-none-eabi/10.3.1/thumb/v7e-m+fp/hard\libgcc.a(_udivmoddi4.o)
                0x08000230                __udivmoddi4
 .text          0x08000500        0x4 c:/progra~1/gcc-ar~1.10/bin/../lib/gcc/arm-none-eabi/10.3.1/thumb/v7e-m+fp/hard\libgcc.a(_dvmd_tls.o)
                0x08000500                __aeabi_idiv0
                0x08000500                __aeabi_ldiv0
 .text          0x08000504      0x134 c:/progra~1/gcc-ar~1.10/bin/../lib/gcc/arm-none-eabi/10.3.1/../../../../arm-none-eabi/lib/thumb/v7e-m+fp/hard\libg.a(lib_a-memcpy.o)
                0x08000504                memcpy
 *fill*         0x08000638        0x8 
 .text          0x08000640       0xdc c:/progra~1/gcc-ar~1.10/bin/../lib/gcc/arm-none-eabi/10.3.1/../../../../arm-none-eabi/lib/thumb/v7e-m+fp/hard\libg.a(lib_a-strlen.o)
                0x08000640                strlen
 *fill*         0x0800071c        0x4 
 .text          0x08000720       0xa0 c:/progra~1/gcc-ar~1.10/bin/../lib/gcc/arm-none-eabi/10.3.1/../../../../arm-none-eabi/lib/thumb/v7e-m+fp/hard\libg.a(lib_a-memchr.o)
                0x08000720                memchr
 .text          0x080007c0      0x378 c:/progra~1/gcc-ar~1.10/bin/../lib/gcc/arm-none-eabi/10.3.1/thumb/v7e-m+fp/hard\libgcc.a(_arm_addsubdf3.o)
                0x080007c0                __aeabi_drsub
                0x080007c8                __aeabi_dsub
                0x080007c8                __subdf3
                0x080007cc                __aeabi_dadd
                0x080007cc                __adddf3
                0x08000a44                __floatunsidf
                0x08000a44                __aeabi_ui2d
                0x08000a64                __floatsidf
                0x08000a64                __aeabi_i2d
                0x08000a88                __aeabi_f2d
                0x08000a88                __extendsfdf2
                0x08000acc                __floatundidf
                0x08000acc                __aeabi_ul2d
                0x08000adc                __floatdidf
                0x08000adc                __aeabi_l2d
 .text          0x08000b38      0x424 c:/progra~1/gcc-ar~1.10/bin/../lib/gcc/arm-none-eabi/10.3.1/thumb/v7e-m+fp/hard\libgcc.a(_arm_muldivdf3.o)
                0x08000b38                __aeabi_dmul
                0x08000b38                __muldf3
                0x08000d8c                __divdf3
                0x08000d8c                __aeabi_ddiv
 .text          0x08000f5c      0x110 c:/progra~1/gcc-ar~1.10/bin/../lib/gcc/arm-none-eabi/10.3.1/thumb/v7e-m+fp/hard\libgcc.a(_arm_cmpdf2.o)
                0x08000f5c                __gtdf2
                0x08000f5c                __gedf2
                0x08000f64                __ltdf2
                0x08000f64                __ledf2
                0x08000f6c                __nedf2
                0x08000f6c                __eqdf2
                0x08000f6c                __cmpdf2
                0x08000fe8                __aeabi_cdrcmple
                0x08000ff8                __aeabi_cdcmpeq
                0x08000ff8                __aeabi_cdcmple
                0x08001008                __aeabi_dcmpeq
                0x0800101c                __aeabi_dcmplt
                0x08001030                __aeabi_dcmple
                0x08001044                __aeabi_dcmpge
                0x08001058                __aeabi_dcmpgt
 .text          0x0800106c       0x2c c:/progra~1/gcc-ar~1.10/bin/../lib/gcc/arm-none-eabi/10.3.1/thumb/v7e-m+fp/hard\libgcc.a(_arm_unorddf2.o)
                0x0800106c                __unorddf2
                0x0800106c                __aeabi_dcmpun
 .text          0x08001098       0x50 c:/progra~1/gcc-ar~1.10/bin/../lib/gcc/arm-none-eabi/10.3.1/thumb/v7e-m+fp/hard\libgcc.a(_arm_fixdfsi.o)
                0x08001098                __aeabi_d2iz
                0x08001098                __fixdfsi
 *(.text*)
 .text.StartTask_uart2
                0x080010e8        0xa CMakeFiles/clion_car_motor_hardware.elf.dir/Core/Src/freertos.c.obj
                0x080010e8                StartTask_uart2
 .text.StartTask_PID
                0x080010f2        0xa CMakeFiles/clion_car_motor_hardware.elf.dir/Core/Src/freertos.c.obj
                0x080010f2                StartTask_PID
 .text.StartTask_IMU
                0x080010fc        0xa CMakeFiles/clion_car_motor_hardware.elf.dir/Core/Src/freertos.c.obj
                0x080010fc                StartTask_IMU
 *fill*         0x08001106        0x2 
 .text.StartTask_uart1
                0x08001108       0x14 CMakeFiles/clion_car_motor_hardware.elf.dir/Core/Src/freertos.c.obj
                0x08001108                StartTask_uart1
 .text.vApplicationGetIdleTaskMemory
                0x0800111c       0x18 CMakeFiles/clion_car_motor_hardware.elf.dir/Core/Src/freertos.c.obj
                0x0800111c                vApplicationGetIdleTaskMemory
 .text.MX_FREERTOS_Init
                0x08001134       0xac CMakeFiles/clion_car_motor_hardware.elf.dir/Core/Src/freertos.c.obj
                0x08001134                MX_FREERTOS_Init
 .text.MX_GPIO_Init
                0x080011e0       0xb4 CMakeFiles/clion_car_motor_hardware.elf.dir/Core/Src/gpio.c.obj
                0x080011e0                MX_GPIO_Init
 .text.HAL_TIM_PeriodElapsedCallback
                0x08001294       0x18 CMakeFiles/clion_car_motor_hardware.elf.dir/Core/Src/main.c.obj
                0x08001294                HAL_TIM_PeriodElapsedCallback
 .text.Error_Handler
                0x080012ac        0x4 CMakeFiles/clion_car_motor_hardware.elf.dir/Core/Src/main.c.obj
                0x080012ac                Error_Handler
 .text.SystemClock_Config
                0x080012b0       0xac CMakeFiles/clion_car_motor_hardware.elf.dir/Core/Src/main.c.obj
                0x080012b0                SystemClock_Config
 .text.main     0x0800135c       0x58 CMakeFiles/clion_car_motor_hardware.elf.dir/Core/Src/main.c.obj
                0x0800135c                main
 .text.RetargetInit
                0x080013b4       0x20 CMakeFiles/clion_car_motor_hardware.elf.dir/Core/Src/retarget.c.obj
                0x080013b4                RetargetInit
 .text._isatty  0x080013d4       0x16 CMakeFiles/clion_car_motor_hardware.elf.dir/Core/Src/retarget.c.obj
                0x080013d4                _isatty
 *fill*         0x080013ea        0x2 
 .text._write   0x080013ec       0x34 CMakeFiles/clion_car_motor_hardware.elf.dir/Core/Src/retarget.c.obj
                0x080013ec                _write
 .text._close   0x08001420       0x18 CMakeFiles/clion_car_motor_hardware.elf.dir/Core/Src/retarget.c.obj
                0x08001420                _close
 .text._lseek   0x08001438       0x10 CMakeFiles/clion_car_motor_hardware.elf.dir/Core/Src/retarget.c.obj
                0x08001438                _lseek
 .text._read    0x08001448       0x30 CMakeFiles/clion_car_motor_hardware.elf.dir/Core/Src/retarget.c.obj
                0x08001448                _read
 .text._fstat   0x08001478       0x1a CMakeFiles/clion_car_motor_hardware.elf.dir/Core/Src/retarget.c.obj
                0x08001478                _fstat
 *fill*         0x08001492        0x2 
 .text.HAL_MspInit
                0x08001494       0x44 CMakeFiles/clion_car_motor_hardware.elf.dir/Core/Src/stm32f4xx_hal_msp.c.obj
                0x08001494                HAL_MspInit
 .text.HAL_InitTick
                0x080014d8       0xa4 CMakeFiles/clion_car_motor_hardware.elf.dir/Core/Src/stm32f4xx_hal_timebase_tim.c.obj
                0x080014d8                HAL_InitTick
 .text.NMI_Handler
                0x0800157c        0x2 CMakeFiles/clion_car_motor_hardware.elf.dir/Core/Src/stm32f4xx_it.c.obj
                0x0800157c                NMI_Handler
 .text.HardFault_Handler
                0x0800157e        0x2 CMakeFiles/clion_car_motor_hardware.elf.dir/Core/Src/stm32f4xx_it.c.obj
                0x0800157e                HardFault_Handler
 .text.MemManage_Handler
                0x08001580        0x2 CMakeFiles/clion_car_motor_hardware.elf.dir/Core/Src/stm32f4xx_it.c.obj
                0x08001580                MemManage_Handler
 .text.BusFault_Handler
                0x08001582        0x2 CMakeFiles/clion_car_motor_hardware.elf.dir/Core/Src/stm32f4xx_it.c.obj
                0x08001582                BusFault_Handler
 .text.UsageFault_Handler
                0x08001584        0x2 CMakeFiles/clion_car_motor_hardware.elf.dir/Core/Src/stm32f4xx_it.c.obj
                0x08001584                UsageFault_Handler
 .text.DebugMon_Handler
                0x08001586        0x2 CMakeFiles/clion_car_motor_hardware.elf.dir/Core/Src/stm32f4xx_it.c.obj
                0x08001586                DebugMon_Handler
 .text.TIM4_IRQHandler
                0x08001588       0x10 CMakeFiles/clion_car_motor_hardware.elf.dir/Core/Src/stm32f4xx_it.c.obj
                0x08001588                TIM4_IRQHandler
 .text.USART1_IRQHandler
                0x08001598       0x10 CMakeFiles/clion_car_motor_hardware.elf.dir/Core/Src/stm32f4xx_it.c.obj
                0x08001598                USART1_IRQHandler
 .text.USART2_IRQHandler
                0x080015a8       0x10 CMakeFiles/clion_car_motor_hardware.elf.dir/Core/Src/stm32f4xx_it.c.obj
                0x080015a8                USART2_IRQHandler
 .text.TIM5_IRQHandler
                0x080015b8       0x10 CMakeFiles/clion_car_motor_hardware.elf.dir/Core/Src/stm32f4xx_it.c.obj
                0x080015b8                TIM5_IRQHandler
 .text.TIM6_DAC_IRQHandler
                0x080015c8       0x10 CMakeFiles/clion_car_motor_hardware.elf.dir/Core/Src/stm32f4xx_it.c.obj
                0x080015c8                TIM6_DAC_IRQHandler
 .text._getpid  0x080015d8        0x4 CMakeFiles/clion_car_motor_hardware.elf.dir/Core/Src/syscalls.c.obj
                0x080015d8                _getpid
 .text._kill    0x080015dc       0x10 CMakeFiles/clion_car_motor_hardware.elf.dir/Core/Src/syscalls.c.obj
                0x080015dc                _kill
 .text._exit    0x080015ec        0xc CMakeFiles/clion_car_motor_hardware.elf.dir/Core/Src/syscalls.c.obj
                0x080015ec                _exit
 .text._sbrk    0x080015f8       0x48 CMakeFiles/clion_car_motor_hardware.elf.dir/Core/Src/sysmem.c.obj
                0x080015f8                _sbrk
 .text.SystemInit
                0x08001640       0x14 CMakeFiles/clion_car_motor_hardware.elf.dir/Core/Src/system_stm32f4xx.c.obj
                0x08001640                SystemInit
 .text.MX_TIM4_Init
                0x08001654       0x5c CMakeFiles/clion_car_motor_hardware.elf.dir/Core/Src/tim.c.obj
                0x08001654                MX_TIM4_Init
 .text.MX_TIM5_Init
                0x080016b0       0x5c CMakeFiles/clion_car_motor_hardware.elf.dir/Core/Src/tim.c.obj
                0x080016b0                MX_TIM5_Init
 .text.HAL_TIM_PWM_MspInit
                0x0800170c       0x30 CMakeFiles/clion_car_motor_hardware.elf.dir/Core/Src/tim.c.obj
                0x0800170c                HAL_TIM_PWM_MspInit
 .text.HAL_TIMEx_HallSensor_MspInit
                0x0800173c      0x108 CMakeFiles/clion_car_motor_hardware.elf.dir/Core/Src/tim.c.obj
                0x0800173c                HAL_TIMEx_HallSensor_MspInit
 .text.HAL_TIM_MspPostInit
                0x08001844       0x58 CMakeFiles/clion_car_motor_hardware.elf.dir/Core/Src/tim.c.obj
                0x08001844                HAL_TIM_MspPostInit
 .text.MX_TIM3_Init
                0x0800189c       0x94 CMakeFiles/clion_car_motor_hardware.elf.dir/Core/Src/tim.c.obj
                0x0800189c                MX_TIM3_Init
 .text.MX_USART1_UART_Init
                0x08001930       0x34 CMakeFiles/clion_car_motor_hardware.elf.dir/Core/Src/usart.c.obj
                0x08001930                MX_USART1_UART_Init
 .text.MX_USART2_UART_Init
                0x08001964       0x34 CMakeFiles/clion_car_motor_hardware.elf.dir/Core/Src/usart.c.obj
                0x08001964                MX_USART2_UART_Init
 .text.HAL_UART_MspInit
                0x08001998       0xe0 CMakeFiles/clion_car_motor_hardware.elf.dir/Core/Src/usart.c.obj
                0x08001998                HAL_UART_MspInit
 .text.Reset_Handler
                0x08001a78       0x50 CMakeFiles/clion_car_motor_hardware.elf.dir/Core/Startup/startup_stm32f407igtx.s.obj
                0x08001a78                Reset_Handler
 .text.Default_Handler
                0x08001ac8        0x2 CMakeFiles/clion_car_motor_hardware.elf.dir/Core/Startup/startup_stm32f407igtx.s.obj
                0x08001ac8                RTC_Alarm_IRQHandler
                0x08001ac8                HASH_RNG_IRQHandler
                0x08001ac8                EXTI2_IRQHandler
                0x08001ac8                TIM8_CC_IRQHandler
                0x08001ac8                TIM1_CC_IRQHandler
                0x08001ac8                DMA2_Stream5_IRQHandler
                0x08001ac8                DMA1_Stream5_IRQHandler
                0x08001ac8                PVD_IRQHandler
                0x08001ac8                SDIO_IRQHandler
                0x08001ac8                TAMP_STAMP_IRQHandler
                0x08001ac8                CAN2_RX1_IRQHandler
                0x08001ac8                EXTI3_IRQHandler
                0x08001ac8                TIM8_TRG_COM_TIM14_IRQHandler
                0x08001ac8                TIM1_UP_TIM10_IRQHandler
                0x08001ac8                TIM8_UP_TIM13_IRQHandler
                0x08001ac8                I2C3_ER_IRQHandler
                0x08001ac8                EXTI0_IRQHandler
                0x08001ac8                I2C2_EV_IRQHandler
                0x08001ac8                DMA1_Stream2_IRQHandler
                0x08001ac8                CAN1_RX0_IRQHandler
                0x08001ac8                FPU_IRQHandler
                0x08001ac8                OTG_HS_WKUP_IRQHandler
                0x08001ac8                CAN2_SCE_IRQHandler
                0x08001ac8                DMA2_Stream2_IRQHandler
                0x08001ac8                SPI1_IRQHandler
                0x08001ac8                TIM1_BRK_TIM9_IRQHandler
                0x08001ac8                DCMI_IRQHandler
                0x08001ac8                CAN2_RX0_IRQHandler
                0x08001ac8                DMA2_Stream3_IRQHandler
                0x08001ac8                USART6_IRQHandler
                0x08001ac8                USART3_IRQHandler
                0x08001ac8                CAN1_RX1_IRQHandler
                0x08001ac8                UART5_IRQHandler
                0x08001ac8                DMA2_Stream0_IRQHandler
                0x08001ac8                I2C1_EV_IRQHandler
                0x08001ac8                DMA1_Stream6_IRQHandler
                0x08001ac8                DMA1_Stream1_IRQHandler
                0x08001ac8                UART4_IRQHandler
                0x08001ac8                TIM3_IRQHandler
                0x08001ac8                RCC_IRQHandler
                0x08001ac8                TIM8_BRK_TIM12_IRQHandler
                0x08001ac8                Default_Handler
                0x08001ac8                EXTI15_10_IRQHandler
                0x08001ac8                ADC_IRQHandler
                0x08001ac8                DMA1_Stream7_IRQHandler
                0x08001ac8                TIM7_IRQHandler
                0x08001ac8                CAN2_TX_IRQHandler
                0x08001ac8                DMA2_Stream7_IRQHandler
                0x08001ac8                I2C3_EV_IRQHandler
                0x08001ac8                EXTI9_5_IRQHandler
                0x08001ac8                RTC_WKUP_IRQHandler
                0x08001ac8                ETH_WKUP_IRQHandler
                0x08001ac8                SPI2_IRQHandler
                0x08001ac8                OTG_HS_EP1_IN_IRQHandler
                0x08001ac8                DMA1_Stream0_IRQHandler
                0x08001ac8                CAN1_TX_IRQHandler
                0x08001ac8                EXTI4_IRQHandler
                0x08001ac8                FSMC_IRQHandler
                0x08001ac8                ETH_IRQHandler
                0x08001ac8                OTG_HS_EP1_OUT_IRQHandler
                0x08001ac8                WWDG_IRQHandler
                0x08001ac8                TIM2_IRQHandler
                0x08001ac8                OTG_FS_WKUP_IRQHandler
                0x08001ac8                TIM1_TRG_COM_TIM11_IRQHandler
                0x08001ac8                OTG_HS_IRQHandler
                0x08001ac8                EXTI1_IRQHandler
                0x08001ac8                I2C2_ER_IRQHandler
                0x08001ac8                DMA2_Stream1_IRQHandler
                0x08001ac8                CAN1_SCE_IRQHandler
                0x08001ac8                FLASH_IRQHandler
                0x08001ac8                DMA2_Stream4_IRQHandler
                0x08001ac8                OTG_FS_IRQHandler
                0x08001ac8                SPI3_IRQHandler
                0x08001ac8                DMA1_Stream4_IRQHandler
                0x08001ac8                I2C1_ER_IRQHandler
                0x08001ac8                DMA2_Stream6_IRQHandler
                0x08001ac8                DMA1_Stream3_IRQHandler
 *fill*         0x08001aca        0x2 
 .text.HAL_Init
                0x08001acc       0x34 CMakeFiles/clion_car_motor_hardware.elf.dir/Drivers/STM32F4xx_HAL_Driver/Src/stm32f4xx_hal.c.obj
                0x08001acc                HAL_Init
 .text.HAL_IncTick
                0x08001b00       0x18 CMakeFiles/clion_car_motor_hardware.elf.dir/Drivers/STM32F4xx_HAL_Driver/Src/stm32f4xx_hal.c.obj
                0x08001b00                HAL_IncTick
 .text.HAL_GetTick
                0x08001b18        0xc CMakeFiles/clion_car_motor_hardware.elf.dir/Drivers/STM32F4xx_HAL_Driver/Src/stm32f4xx_hal.c.obj
                0x08001b18                HAL_GetTick
 .text.HAL_NVIC_SetPriorityGrouping
                0x08001b24       0x24 CMakeFiles/clion_car_motor_hardware.elf.dir/Drivers/STM32F4xx_HAL_Driver/Src/stm32f4xx_hal_cortex.c.obj
                0x08001b24                HAL_NVIC_SetPriorityGrouping
 .text.HAL_NVIC_SetPriority
                0x08001b48       0x70 CMakeFiles/clion_car_motor_hardware.elf.dir/Drivers/STM32F4xx_HAL_Driver/Src/stm32f4xx_hal_cortex.c.obj
                0x08001b48                HAL_NVIC_SetPriority
 .text.HAL_NVIC_EnableIRQ
                0x08001bb8       0x1c CMakeFiles/clion_car_motor_hardware.elf.dir/Drivers/STM32F4xx_HAL_Driver/Src/stm32f4xx_hal_cortex.c.obj
                0x08001bb8                HAL_NVIC_EnableIRQ
 .text.HAL_DMA_Abort
                0x08001bd4       0x94 CMakeFiles/clion_car_motor_hardware.elf.dir/Drivers/STM32F4xx_HAL_Driver/Src/stm32f4xx_hal_dma.c.obj
                0x08001bd4                HAL_DMA_Abort
 .text.HAL_DMA_Abort_IT
                0x08001c68       0x26 CMakeFiles/clion_car_motor_hardware.elf.dir/Drivers/STM32F4xx_HAL_Driver/Src/stm32f4xx_hal_dma.c.obj
                0x08001c68                HAL_DMA_Abort_IT
 *fill*         0x08001c8e        0x2 
 .text.HAL_GPIO_Init
                0x08001c90      0x1e4 CMakeFiles/clion_car_motor_hardware.elf.dir/Drivers/STM32F4xx_HAL_Driver/Src/stm32f4xx_hal_gpio.c.obj
                0x08001c90                HAL_GPIO_Init
 .text.HAL_GPIO_WritePin
                0x08001e74        0xc CMakeFiles/clion_car_motor_hardware.elf.dir/Drivers/STM32F4xx_HAL_Driver/Src/stm32f4xx_hal_gpio.c.obj
                0x08001e74                HAL_GPIO_WritePin
 .text.HAL_RCC_OscConfig
                0x08001e80      0x3f8 CMakeFiles/clion_car_motor_hardware.elf.dir/Drivers/STM32F4xx_HAL_Driver/Src/stm32f4xx_hal_rcc.c.obj
                0x08001e80                HAL_RCC_OscConfig
 .text.HAL_RCC_GetSysClockFreq
                0x08002278       0xd4 CMakeFiles/clion_car_motor_hardware.elf.dir/Drivers/STM32F4xx_HAL_Driver/Src/stm32f4xx_hal_rcc.c.obj
                0x08002278                HAL_RCC_GetSysClockFreq
 .text.HAL_RCC_ClockConfig
                0x0800234c      0x160 CMakeFiles/clion_car_motor_hardware.elf.dir/Drivers/STM32F4xx_HAL_Driver/Src/stm32f4xx_hal_rcc.c.obj
                0x0800234c                HAL_RCC_ClockConfig
 .text.HAL_RCC_GetHCLKFreq
                0x080024ac        0xc CMakeFiles/clion_car_motor_hardware.elf.dir/Drivers/STM32F4xx_HAL_Driver/Src/stm32f4xx_hal_rcc.c.obj
                0x080024ac                HAL_RCC_GetHCLKFreq
 .text.HAL_RCC_GetPCLK1Freq
                0x080024b8       0x20 CMakeFiles/clion_car_motor_hardware.elf.dir/Drivers/STM32F4xx_HAL_Driver/Src/stm32f4xx_hal_rcc.c.obj
                0x080024b8                HAL_RCC_GetPCLK1Freq
 .text.HAL_RCC_GetPCLK2Freq
                0x080024d8       0x20 CMakeFiles/clion_car_motor_hardware.elf.dir/Drivers/STM32F4xx_HAL_Driver/Src/stm32f4xx_hal_rcc.c.obj
                0x080024d8                HAL_RCC_GetPCLK2Freq
 .text.HAL_RCC_GetClockConfig
                0x080024f8       0x3c CMakeFiles/clion_car_motor_hardware.elf.dir/Drivers/STM32F4xx_HAL_Driver/Src/stm32f4xx_hal_rcc.c.obj
                0x080024f8                HAL_RCC_GetClockConfig
 .text.TIM_OC1_SetConfig
                0x08002534       0x68 CMakeFiles/clion_car_motor_hardware.elf.dir/Drivers/STM32F4xx_HAL_Driver/Src/stm32f4xx_hal_tim.c.obj
 .text.TIM_OC3_SetConfig
                0x0800259c       0x70 CMakeFiles/clion_car_motor_hardware.elf.dir/Drivers/STM32F4xx_HAL_Driver/Src/stm32f4xx_hal_tim.c.obj
 .text.TIM_OC4_SetConfig
                0x0800260c       0x50 CMakeFiles/clion_car_motor_hardware.elf.dir/Drivers/STM32F4xx_HAL_Driver/Src/stm32f4xx_hal_tim.c.obj
 .text.HAL_TIM_Base_MspInit
                0x0800265c        0x2 CMakeFiles/clion_car_motor_hardware.elf.dir/Drivers/STM32F4xx_HAL_Driver/Src/stm32f4xx_hal_tim.c.obj
                0x0800265c                HAL_TIM_Base_MspInit
 *fill*         0x0800265e        0x2 
 .text.HAL_TIM_Base_Start_IT
                0x08002660       0x88 CMakeFiles/clion_car_motor_hardware.elf.dir/Drivers/STM32F4xx_HAL_Driver/Src/stm32f4xx_hal_tim.c.obj
                0x08002660                HAL_TIM_Base_Start_IT
 .text.HAL_TIM_OC_DelayElapsedCallback
                0x080026e8        0x2 CMakeFiles/clion_car_motor_hardware.elf.dir/Drivers/STM32F4xx_HAL_Driver/Src/stm32f4xx_hal_tim.c.obj
                0x080026e8                HAL_TIM_OC_DelayElapsedCallback
 .text.HAL_TIM_IC_CaptureCallback
                0x080026ea        0x2 CMakeFiles/clion_car_motor_hardware.elf.dir/Drivers/STM32F4xx_HAL_Driver/Src/stm32f4xx_hal_tim.c.obj
                0x080026ea                HAL_TIM_IC_CaptureCallback
 .text.HAL_TIM_PWM_PulseFinishedCallback
                0x080026ec        0x2 CMakeFiles/clion_car_motor_hardware.elf.dir/Drivers/STM32F4xx_HAL_Driver/Src/stm32f4xx_hal_tim.c.obj
                0x080026ec                HAL_TIM_PWM_PulseFinishedCallback
 .text.HAL_TIM_TriggerCallback
                0x080026ee        0x2 CMakeFiles/clion_car_motor_hardware.elf.dir/Drivers/STM32F4xx_HAL_Driver/Src/stm32f4xx_hal_tim.c.obj
                0x080026ee                HAL_TIM_TriggerCallback
 .text.HAL_TIM_IRQHandler
                0x080026f0      0x17a CMakeFiles/clion_car_motor_hardware.elf.dir/Drivers/STM32F4xx_HAL_Driver/Src/stm32f4xx_hal_tim.c.obj
                0x080026f0                HAL_TIM_IRQHandler
 *fill*         0x0800286a        0x2 
 .text.TIM_Base_SetConfig
                0x0800286c       0xc8 CMakeFiles/clion_car_motor_hardware.elf.dir/Drivers/STM32F4xx_HAL_Driver/Src/stm32f4xx_hal_tim.c.obj
                0x0800286c                TIM_Base_SetConfig
 .text.HAL_TIM_Base_Init
                0x08002934       0x58 CMakeFiles/clion_car_motor_hardware.elf.dir/Drivers/STM32F4xx_HAL_Driver/Src/stm32f4xx_hal_tim.c.obj
                0x08002934                HAL_TIM_Base_Init
 .text.HAL_TIM_PWM_Init
                0x0800298c       0x58 CMakeFiles/clion_car_motor_hardware.elf.dir/Drivers/STM32F4xx_HAL_Driver/Src/stm32f4xx_hal_tim.c.obj
                0x0800298c                HAL_TIM_PWM_Init
 .text.TIM_OC2_SetConfig
                0x080029e4       0x70 CMakeFiles/clion_car_motor_hardware.elf.dir/Drivers/STM32F4xx_HAL_Driver/Src/stm32f4xx_hal_tim.c.obj
                0x080029e4                TIM_OC2_SetConfig
 .text.HAL_TIM_PWM_ConfigChannel
                0x08002a54       0xdc CMakeFiles/clion_car_motor_hardware.elf.dir/Drivers/STM32F4xx_HAL_Driver/Src/stm32f4xx_hal_tim.c.obj
                0x08002a54                HAL_TIM_PWM_ConfigChannel
 .text.TIM_TI1_SetConfig
                0x08002b30       0x7c CMakeFiles/clion_car_motor_hardware.elf.dir/Drivers/STM32F4xx_HAL_Driver/Src/stm32f4xx_hal_tim.c.obj
                0x08002b30                TIM_TI1_SetConfig
 .text.TIM_CCxChannelCmd
                0x08002bac       0x1e CMakeFiles/clion_car_motor_hardware.elf.dir/Drivers/STM32F4xx_HAL_Driver/Src/stm32f4xx_hal_tim.c.obj
                0x08002bac                TIM_CCxChannelCmd
 *fill*         0x08002bca        0x2 
 .text.HAL_TIM_PWM_Start
                0x08002bcc      0x104 CMakeFiles/clion_car_motor_hardware.elf.dir/Drivers/STM32F4xx_HAL_Driver/Src/stm32f4xx_hal_tim.c.obj
                0x08002bcc                HAL_TIM_PWM_Start
 .text.HAL_TIMEx_HallSensor_Init
                0x08002cd0       0xd4 CMakeFiles/clion_car_motor_hardware.elf.dir/Drivers/STM32F4xx_HAL_Driver/Src/stm32f4xx_hal_tim_ex.c.obj
                0x08002cd0                HAL_TIMEx_HallSensor_Init
 .text.HAL_TIMEx_MasterConfigSynchronization
                0x08002da4       0x8c CMakeFiles/clion_car_motor_hardware.elf.dir/Drivers/STM32F4xx_HAL_Driver/Src/stm32f4xx_hal_tim_ex.c.obj
                0x08002da4                HAL_TIMEx_MasterConfigSynchronization
 .text.HAL_TIMEx_CommutCallback
                0x08002e30        0x2 CMakeFiles/clion_car_motor_hardware.elf.dir/Drivers/STM32F4xx_HAL_Driver/Src/stm32f4xx_hal_tim_ex.c.obj
                0x08002e30                HAL_TIMEx_CommutCallback
 .text.HAL_TIMEx_BreakCallback
                0x08002e32        0x2 CMakeFiles/clion_car_motor_hardware.elf.dir/Drivers/STM32F4xx_HAL_Driver/Src/stm32f4xx_hal_tim_ex.c.obj
                0x08002e32                HAL_TIMEx_BreakCallback
 .text.UART_EndRxTransfer
                0x08002e34       0x5c CMakeFiles/clion_car_motor_hardware.elf.dir/Drivers/STM32F4xx_HAL_Driver/Src/stm32f4xx_hal_uart.c.obj
 .text.UART_Transmit_IT
                0x08002e90       0x60 CMakeFiles/clion_car_motor_hardware.elf.dir/Drivers/STM32F4xx_HAL_Driver/Src/stm32f4xx_hal_uart.c.obj
 .text.UART_SetConfig
                0x08002ef0      0x110 CMakeFiles/clion_car_motor_hardware.elf.dir/Drivers/STM32F4xx_HAL_Driver/Src/stm32f4xx_hal_uart.c.obj
 .text.UART_WaitOnFlagUntilTimeout
                0x08003000       0x88 CMakeFiles/clion_car_motor_hardware.elf.dir/Drivers/STM32F4xx_HAL_Driver/Src/stm32f4xx_hal_uart.c.obj
 .text.HAL_UART_Init
                0x08003088       0x5e CMakeFiles/clion_car_motor_hardware.elf.dir/Drivers/STM32F4xx_HAL_Driver/Src/stm32f4xx_hal_uart.c.obj
                0x08003088                HAL_UART_Init
 .text.HAL_UART_Transmit
                0x080030e6       0xd8 CMakeFiles/clion_car_motor_hardware.elf.dir/Drivers/STM32F4xx_HAL_Driver/Src/stm32f4xx_hal_uart.c.obj
                0x080030e6                HAL_UART_Transmit
 .text.HAL_UART_Receive
                0x080031be       0xe4 CMakeFiles/clion_car_motor_hardware.elf.dir/Drivers/STM32F4xx_HAL_Driver/Src/stm32f4xx_hal_uart.c.obj
                0x080031be                HAL_UART_Receive
 .text.HAL_UART_TxCpltCallback
                0x080032a2        0x2 CMakeFiles/clion_car_motor_hardware.elf.dir/Drivers/STM32F4xx_HAL_Driver/Src/stm32f4xx_hal_uart.c.obj
                0x080032a2                HAL_UART_TxCpltCallback
 .text.UART_EndTransmit_IT
                0x080032a4       0x1a CMakeFiles/clion_car_motor_hardware.elf.dir/Drivers/STM32F4xx_HAL_Driver/Src/stm32f4xx_hal_uart.c.obj
 .text.HAL_UART_RxCpltCallback
                0x080032be        0x2 CMakeFiles/clion_car_motor_hardware.elf.dir/Drivers/STM32F4xx_HAL_Driver/Src/stm32f4xx_hal_uart.c.obj
                0x080032be                HAL_UART_RxCpltCallback
 .text.HAL_UART_ErrorCallback
                0x080032c0        0x2 CMakeFiles/clion_car_motor_hardware.elf.dir/Drivers/STM32F4xx_HAL_Driver/Src/stm32f4xx_hal_uart.c.obj
                0x080032c0                HAL_UART_ErrorCallback
 .text.UART_DMAAbortOnError
                0x080032c2       0x10 CMakeFiles/clion_car_motor_hardware.elf.dir/Drivers/STM32F4xx_HAL_Driver/Src/stm32f4xx_hal_uart.c.obj
 .text.HAL_UARTEx_RxEventCallback
                0x080032d2        0x2 CMakeFiles/clion_car_motor_hardware.elf.dir/Drivers/STM32F4xx_HAL_Driver/Src/stm32f4xx_hal_uart.c.obj
                0x080032d2                HAL_UARTEx_RxEventCallback
 .text.UART_Receive_IT
                0x080032d4       0xe2 CMakeFiles/clion_car_motor_hardware.elf.dir/Drivers/STM32F4xx_HAL_Driver/Src/stm32f4xx_hal_uart.c.obj
 *fill*         0x080033b6        0x2 
 .text.HAL_UART_IRQHandler
                0x080033b8      0x280 CMakeFiles/clion_car_motor_hardware.elf.dir/Drivers/STM32F4xx_HAL_Driver/Src/stm32f4xx_hal_uart.c.obj
                0x080033b8                HAL_UART_IRQHandler
 .text.makeFreeRtosPriority
                0x08003638        0xc CMakeFiles/clion_car_motor_hardware.elf.dir/Middlewares/Third_Party/FreeRTOS/Source/CMSIS_RTOS/cmsis_os.c.obj
 .text.osKernelStart
                0x08003644        0xa CMakeFiles/clion_car_motor_hardware.elf.dir/Middlewares/Third_Party/FreeRTOS/Source/CMSIS_RTOS/cmsis_os.c.obj
                0x08003644                osKernelStart
 .text.osThreadCreate
                0x0800364e       0x6a CMakeFiles/clion_car_motor_hardware.elf.dir/Middlewares/Third_Party/FreeRTOS/Source/CMSIS_RTOS/cmsis_os.c.obj
                0x0800364e                osThreadCreate
 .text.osDelay  0x080036b8        0xe CMakeFiles/clion_car_motor_hardware.elf.dir/Middlewares/Third_Party/FreeRTOS/Source/CMSIS_RTOS/cmsis_os.c.obj
                0x080036b8                osDelay
 .text.vListInitialise
                0x080036c6       0x16 CMakeFiles/clion_car_motor_hardware.elf.dir/Middlewares/Third_Party/FreeRTOS/Source/list.c.obj
                0x080036c6                vListInitialise
 .text.vListInitialiseItem
                0x080036dc        0x6 CMakeFiles/clion_car_motor_hardware.elf.dir/Middlewares/Third_Party/FreeRTOS/Source/list.c.obj
                0x080036dc                vListInitialiseItem
 .text.vListInsertEnd
                0x080036e2       0x16 CMakeFiles/clion_car_motor_hardware.elf.dir/Middlewares/Third_Party/FreeRTOS/Source/list.c.obj
                0x080036e2                vListInsertEnd
 .text.vListInsert
                0x080036f8       0x32 CMakeFiles/clion_car_motor_hardware.elf.dir/Middlewares/Third_Party/FreeRTOS/Source/list.c.obj
                0x080036f8                vListInsert
 .text.uxListRemove
                0x0800372a       0x26 CMakeFiles/clion_car_motor_hardware.elf.dir/Middlewares/Third_Party/FreeRTOS/Source/list.c.obj
                0x0800372a                uxListRemove
 .text.prvTaskExitError
                0x08003750       0x40 CMakeFiles/clion_car_motor_hardware.elf.dir/Middlewares/Third_Party/FreeRTOS/Source/portable/GCC/ARM_CM4F/port.c.obj
 .text.prvPortStartFirstTask
                0x08003790       0x28 CMakeFiles/clion_car_motor_hardware.elf.dir/Middlewares/Third_Party/FreeRTOS/Source/portable/GCC/ARM_CM4F/port.c.obj
 .text.vPortEnableVFP
                0x080037b8       0x14 CMakeFiles/clion_car_motor_hardware.elf.dir/Middlewares/Third_Party/FreeRTOS/Source/portable/GCC/ARM_CM4F/port.c.obj
 .text.pxPortInitialiseStack
                0x080037cc       0x2c CMakeFiles/clion_car_motor_hardware.elf.dir/Middlewares/Third_Party/FreeRTOS/Source/portable/GCC/ARM_CM4F/port.c.obj
                0x080037cc                pxPortInitialiseStack
 *fill*         0x080037f8        0x8 
 .text.SVC_Handler
                0x08003800       0x24 CMakeFiles/clion_car_motor_hardware.elf.dir/Middlewares/Third_Party/FreeRTOS/Source/portable/GCC/ARM_CM4F/port.c.obj
                0x08003800                SVC_Handler
 .text.vPortEnterCritical
                0x08003824       0x44 CMakeFiles/clion_car_motor_hardware.elf.dir/Middlewares/Third_Party/FreeRTOS/Source/portable/GCC/ARM_CM4F/port.c.obj
                0x08003824                vPortEnterCritical
 .text.vPortExitCritical
                0x08003868       0x2c CMakeFiles/clion_car_motor_hardware.elf.dir/Middlewares/Third_Party/FreeRTOS/Source/portable/GCC/ARM_CM4F/port.c.obj
                0x08003868                vPortExitCritical
 *fill*         0x08003894        0xc 
 .text.PendSV_Handler
                0x080038a0       0x64 CMakeFiles/clion_car_motor_hardware.elf.dir/Middlewares/Third_Party/FreeRTOS/Source/portable/GCC/ARM_CM4F/port.c.obj
                0x080038a0                PendSV_Handler
 .text.SysTick_Handler
                0x08003904       0x2c CMakeFiles/clion_car_motor_hardware.elf.dir/Middlewares/Third_Party/FreeRTOS/Source/portable/GCC/ARM_CM4F/port.c.obj
                0x08003904                SysTick_Handler
 .text.vPortSetupTimerInterrupt
                0x08003930       0x28 CMakeFiles/clion_car_motor_hardware.elf.dir/Middlewares/Third_Party/FreeRTOS/Source/portable/GCC/ARM_CM4F/port.c.obj
                0x08003930                vPortSetupTimerInterrupt
 .text.xPortStartScheduler
                0x08003958      0x118 CMakeFiles/clion_car_motor_hardware.elf.dir/Middlewares/Third_Party/FreeRTOS/Source/portable/GCC/ARM_CM4F/port.c.obj
                0x08003958                xPortStartScheduler
 .text.prvHeapInit
                0x08003a70       0x64 CMakeFiles/clion_car_motor_hardware.elf.dir/Middlewares/Third_Party/FreeRTOS/Source/portable/MemMang/heap_4.c.obj
 .text.prvInsertBlockIntoFreeList
                0x08003ad4       0x64 CMakeFiles/clion_car_motor_hardware.elf.dir/Middlewares/Third_Party/FreeRTOS/Source/portable/MemMang/heap_4.c.obj
 .text.pvPortMalloc
                0x08003b38       0xfc CMakeFiles/clion_car_motor_hardware.elf.dir/Middlewares/Third_Party/FreeRTOS/Source/portable/MemMang/heap_4.c.obj
                0x08003b38                pvPortMalloc
 .text.vPortFree
                0x08003c34       0x7c CMakeFiles/clion_car_motor_hardware.elf.dir/Middlewares/Third_Party/FreeRTOS/Source/portable/MemMang/heap_4.c.obj
                0x08003c34                vPortFree
 .text.prvResetNextTaskUnblockTime
                0x08003cb0       0x2c CMakeFiles/clion_car_motor_hardware.elf.dir/Middlewares/Third_Party/FreeRTOS/Source/tasks.c.obj
 .text.prvInitialiseNewTask
                0x08003cdc       0xfe CMakeFiles/clion_car_motor_hardware.elf.dir/Middlewares/Third_Party/FreeRTOS/Source/tasks.c.obj
 *fill*         0x08003dda        0x2 
 .text.prvInitialiseTaskLists
                0x08003ddc       0x68 CMakeFiles/clion_car_motor_hardware.elf.dir/Middlewares/Third_Party/FreeRTOS/Source/tasks.c.obj
 .text.prvAddNewTaskToReadyList
                0x08003e44       0xa8 CMakeFiles/clion_car_motor_hardware.elf.dir/Middlewares/Third_Party/FreeRTOS/Source/tasks.c.obj
 .text.prvDeleteTCB
                0x08003eec       0x40 CMakeFiles/clion_car_motor_hardware.elf.dir/Middlewares/Third_Party/FreeRTOS/Source/tasks.c.obj
 .text.prvCheckTasksWaitingTermination
                0x08003f2c       0x4c CMakeFiles/clion_car_motor_hardware.elf.dir/Middlewares/Third_Party/FreeRTOS/Source/tasks.c.obj
 .text.prvIdleTask
                0x08003f78       0x28 CMakeFiles/clion_car_motor_hardware.elf.dir/Middlewares/Third_Party/FreeRTOS/Source/tasks.c.obj
 .text.prvAddCurrentTaskToDelayedList
                0x08003fa0       0x98 CMakeFiles/clion_car_motor_hardware.elf.dir/Middlewares/Third_Party/FreeRTOS/Source/tasks.c.obj
 .text.xTaskCreateStatic
                0x08004038       0x7a CMakeFiles/clion_car_motor_hardware.elf.dir/Middlewares/Third_Party/FreeRTOS/Source/tasks.c.obj
                0x08004038                xTaskCreateStatic
 .text.xTaskCreate
                0x080040b2       0x6a CMakeFiles/clion_car_motor_hardware.elf.dir/Middlewares/Third_Party/FreeRTOS/Source/tasks.c.obj
                0x080040b2                xTaskCreate
 .text.vTaskStartScheduler
                0x0800411c       0x84 CMakeFiles/clion_car_motor_hardware.elf.dir/Middlewares/Third_Party/FreeRTOS/Source/tasks.c.obj
                0x0800411c                vTaskStartScheduler
 .text.vTaskSuspendAll
                0x080041a0       0x10 CMakeFiles/clion_car_motor_hardware.elf.dir/Middlewares/Third_Party/FreeRTOS/Source/tasks.c.obj
                0x080041a0                vTaskSuspendAll
 .text.xTaskIncrementTick
                0x080041b0      0x118 CMakeFiles/clion_car_motor_hardware.elf.dir/Middlewares/Third_Party/FreeRTOS/Source/tasks.c.obj
                0x080041b0                xTaskIncrementTick
 .text.xTaskResumeAll
                0x080042c8       0xf8 CMakeFiles/clion_car_motor_hardware.elf.dir/Middlewares/Third_Party/FreeRTOS/Source/tasks.c.obj
                0x080042c8                xTaskResumeAll
 .text.vTaskDelay
                0x080043c0       0x4c CMakeFiles/clion_car_motor_hardware.elf.dir/Middlewares/Third_Party/FreeRTOS/Source/tasks.c.obj
                0x080043c0                vTaskDelay
 .text.vTaskSwitchContext
                0x0800440c       0xa4 CMakeFiles/clion_car_motor_hardware.elf.dir/Middlewares/Third_Party/FreeRTOS/Source/tasks.c.obj
                0x0800440c                vTaskSwitchContext
 .text.__errno  0x080044b0        0xc c:/progra~1/gcc-ar~1.10/bin/../lib/gcc/arm-none-eabi/10.3.1/../../../../arm-none-eabi/lib/thumb/v7e-m+fp/hard\libg.a(lib_a-errno.o)
                0x080044b0                __errno
 .text.__libc_init_array
                0x080044bc       0x48 c:/progra~1/gcc-ar~1.10/bin/../lib/gcc/arm-none-eabi/10.3.1/../../../../arm-none-eabi/lib/thumb/v7e-m+fp/hard\libg.a(lib_a-init.o)
                0x080044bc                __libc_init_array
 .text.memset   0x08004504       0xa4 c:/progra~1/gcc-ar~1.10/bin/../lib/gcc/arm-none-eabi/10.3.1/../../../../arm-none-eabi/lib/thumb/v7e-m+fp/hard\libg.a(lib_a-memset.o)
                0x08004504                memset
 .text.printf   0x080045a8       0x28 c:/progra~1/gcc-ar~1.10/bin/../lib/gcc/arm-none-eabi/10.3.1/../../../../arm-none-eabi/lib/thumb/v7e-m+fp/hard\libg.a(lib_a-printf.o)
                0x080045a8                printf
 .text._puts_r  0x080045d0       0x9c c:/progra~1/gcc-ar~1.10/bin/../lib/gcc/arm-none-eabi/10.3.1/../../../../arm-none-eabi/lib/thumb/v7e-m+fp/hard\libg.a(lib_a-puts.o)
                0x080045d0                _puts_r
 .text.puts     0x0800466c       0x10 c:/progra~1/gcc-ar~1.10/bin/../lib/gcc/arm-none-eabi/10.3.1/../../../../arm-none-eabi/lib/thumb/v7e-m+fp/hard\libg.a(lib_a-puts.o)
                0x0800466c                puts
 .text.cleanup_glue
                0x0800467c       0x48 c:/progra~1/gcc-ar~1.10/bin/../lib/gcc/arm-none-eabi/10.3.1/../../../../arm-none-eabi/lib/thumb/v7e-m+fp/hard\libg.a(lib_a-reent.o)
                0x0800467c                cleanup_glue
 .text._reclaim_reent
                0x080046c4       0x90 c:/progra~1/gcc-ar~1.10/bin/../lib/gcc/arm-none-eabi/10.3.1/../../../../arm-none-eabi/lib/thumb/v7e-m+fp/hard\libg.a(lib_a-reent.o)
                0x080046c4                _reclaim_reent
 .text.setvbuf  0x08004754      0x1b0 c:/progra~1/gcc-ar~1.10/bin/../lib/gcc/arm-none-eabi/10.3.1/../../../../arm-none-eabi/lib/thumb/v7e-m+fp/hard\libg.a(lib_a-setvbuf.o)
                0x08004754                setvbuf
 *fill*         0x08004904        0x4 
 .text._vfprintf_r
                0x08004908     0x1b90 c:/progra~1/gcc-ar~1.10/bin/../lib/gcc/arm-none-eabi/10.3.1/../../../../arm-none-eabi/lib/thumb/v7e-m+fp/hard\libg.a(lib_a-vfprintf.o)
                0x08004908                _vfprintf_r
 .text.__sbprintf
                0x08006498       0x80 c:/progra~1/gcc-ar~1.10/bin/../lib/gcc/arm-none-eabi/10.3.1/../../../../arm-none-eabi/lib/thumb/v7e-m+fp/hard\libg.a(lib_a-vfprintf.o)
 .text.__swsetup_r
                0x08006518       0xd4 c:/progra~1/gcc-ar~1.10/bin/../lib/gcc/arm-none-eabi/10.3.1/../../../../arm-none-eabi/lib/thumb/v7e-m+fp/hard\libg.a(lib_a-wsetup.o)
                0x08006518                __swsetup_r
 .text.startup.register_fini
                0x080065ec       0x14 c:/progra~1/gcc-ar~1.10/bin/../lib/gcc/arm-none-eabi/10.3.1/../../../../arm-none-eabi/lib/thumb/v7e-m+fp/hard\libg.a(lib_a-__call_atexit.o)
 .text.atexit   0x08006600        0xc c:/progra~1/gcc-ar~1.10/bin/../lib/gcc/arm-none-eabi/10.3.1/../../../../arm-none-eabi/lib/thumb/v7e-m+fp/hard\libg.a(lib_a-atexit.o)
                0x08006600                atexit
 .text.quorem   0x0800660c      0x128 c:/progra~1/gcc-ar~1.10/bin/../lib/gcc/arm-none-eabi/10.3.1/../../../../arm-none-eabi/lib/thumb/v7e-m+fp/hard\libg.a(lib_a-dtoa.o)
 *fill*         0x08006734        0x4 
 .text._dtoa_r  0x08006738      0xf3c c:/progra~1/gcc-ar~1.10/bin/../lib/gcc/arm-none-eabi/10.3.1/../../../../arm-none-eabi/lib/thumb/v7e-m+fp/hard\libg.a(lib_a-dtoa.o)
                0x08006738                _dtoa_r
 .text.__sflush_r
                0x08007674      0x130 c:/progra~1/gcc-ar~1.10/bin/../lib/gcc/arm-none-eabi/10.3.1/../../../../arm-none-eabi/lib/thumb/v7e-m+fp/hard\libg.a(lib_a-fflush.o)
                0x08007674                __sflush_r
 .text._fflush_r
                0x080077a4       0x5c c:/progra~1/gcc-ar~1.10/bin/../lib/gcc/arm-none-eabi/10.3.1/../../../../arm-none-eabi/lib/thumb/v7e-m+fp/hard\libg.a(lib_a-fflush.o)
                0x080077a4                _fflush_r
 .text._cleanup_r
                0x08007800        0xc c:/progra~1/gcc-ar~1.10/bin/../lib/gcc/arm-none-eabi/10.3.1/../../../../arm-none-eabi/lib/thumb/v7e-m+fp/hard\libg.a(lib_a-findfp.o)
                0x08007800                _cleanup_r
 .text.__sinit  0x0800780c      0x10c c:/progra~1/gcc-ar~1.10/bin/../lib/gcc/arm-none-eabi/10.3.1/../../../../arm-none-eabi/lib/thumb/v7e-m+fp/hard\libg.a(lib_a-findfp.o)
                0x0800780c                __sinit
 .text.__sfp_lock_acquire
                0x08007918        0xc c:/progra~1/gcc-ar~1.10/bin/../lib/gcc/arm-none-eabi/10.3.1/../../../../arm-none-eabi/lib/thumb/v7e-m+fp/hard\libg.a(lib_a-findfp.o)
                0x08007918                __sfp_lock_acquire
 .text.__sfp_lock_release
                0x08007924        0xc c:/progra~1/gcc-ar~1.10/bin/../lib/gcc/arm-none-eabi/10.3.1/../../../../arm-none-eabi/lib/thumb/v7e-m+fp/hard\libg.a(lib_a-findfp.o)
                0x08007924                __sfp_lock_release
 .text.__libc_fini_array
                0x08007930       0x2c c:/progra~1/gcc-ar~1.10/bin/../lib/gcc/arm-none-eabi/10.3.1/../../../../arm-none-eabi/lib/thumb/v7e-m+fp/hard\libg.a(lib_a-fini.o)
                0x08007930                __libc_fini_array
 .text._malloc_trim_r
                0x0800795c       0xa0 c:/progra~1/gcc-ar~1.10/bin/../lib/gcc/arm-none-eabi/10.3.1/../../../../arm-none-eabi/lib/thumb/v7e-m+fp/hard\libg.a(lib_a-freer.o)
                0x0800795c                _malloc_trim_r
 .text._free_r  0x080079fc      0x20c c:/progra~1/gcc-ar~1.10/bin/../lib/gcc/arm-none-eabi/10.3.1/../../../../arm-none-eabi/lib/thumb/v7e-m+fp/hard\libg.a(lib_a-freer.o)
                0x080079fc                _free_r
 .text.__sfvwrite_r
                0x08007c08      0x2f0 c:/progra~1/gcc-ar~1.10/bin/../lib/gcc/arm-none-eabi/10.3.1/../../../../arm-none-eabi/lib/thumb/v7e-m+fp/hard\libg.a(lib_a-fvwrite.o)
                0x08007c08                __sfvwrite_r
 .text._fwalk_reent
                0x08007ef8       0x48 c:/progra~1/gcc-ar~1.10/bin/../lib/gcc/arm-none-eabi/10.3.1/../../../../arm-none-eabi/lib/thumb/v7e-m+fp/hard\libg.a(lib_a-fwalk.o)
                0x08007ef8                _fwalk_reent
 .text._localeconv_r
                0x08007f40        0x8 c:/progra~1/gcc-ar~1.10/bin/../lib/gcc/arm-none-eabi/10.3.1/../../../../arm-none-eabi/lib/thumb/v7e-m+fp/hard\libg.a(lib_a-localeconv.o)
                0x08007f40                _localeconv_r
 .text.__retarget_lock_init_recursive
                0x08007f48        0x4 c:/progra~1/gcc-ar~1.10/bin/../lib/gcc/arm-none-eabi/10.3.1/../../../../arm-none-eabi/lib/thumb/v7e-m+fp/hard\libg.a(lib_a-lock.o)
                0x08007f48                __retarget_lock_init_recursive
 .text.__retarget_lock_close_recursive
                0x08007f4c        0x4 c:/progra~1/gcc-ar~1.10/bin/../lib/gcc/arm-none-eabi/10.3.1/../../../../arm-none-eabi/lib/thumb/v7e-m+fp/hard\libg.a(lib_a-lock.o)
                0x08007f4c                __retarget_lock_close_recursive
 .text.__retarget_lock_acquire_recursive
                0x08007f50        0x4 c:/progra~1/gcc-ar~1.10/bin/../lib/gcc/arm-none-eabi/10.3.1/../../../../arm-none-eabi/lib/thumb/v7e-m+fp/hard\libg.a(lib_a-lock.o)
                0x08007f50                __retarget_lock_acquire_recursive
 .text.__retarget_lock_release_recursive
                0x08007f54        0x4 c:/progra~1/gcc-ar~1.10/bin/../lib/gcc/arm-none-eabi/10.3.1/../../../../arm-none-eabi/lib/thumb/v7e-m+fp/hard\libg.a(lib_a-lock.o)
                0x08007f54                __retarget_lock_release_recursive
 .text.__smakebuf_r
                0x08007f58       0xe0 c:/progra~1/gcc-ar~1.10/bin/../lib/gcc/arm-none-eabi/10.3.1/../../../../arm-none-eabi/lib/thumb/v7e-m+fp/hard\libg.a(lib_a-makebuf.o)
                0x08007f58                __smakebuf_r
 .text.__swhatbuf_r
                0x08008038       0x60 c:/progra~1/gcc-ar~1.10/bin/../lib/gcc/arm-none-eabi/10.3.1/../../../../arm-none-eabi/lib/thumb/v7e-m+fp/hard\libg.a(lib_a-makebuf.o)
                0x08008038                __swhatbuf_r
 .text.malloc   0x08008098       0x10 c:/progra~1/gcc-ar~1.10/bin/../lib/gcc/arm-none-eabi/10.3.1/../../../../arm-none-eabi/lib/thumb/v7e-m+fp/hard\libg.a(lib_a-malloc.o)
                0x08008098                malloc
 .text._malloc_r
                0x080080a8      0x560 c:/progra~1/gcc-ar~1.10/bin/../lib/gcc/arm-none-eabi/10.3.1/../../../../arm-none-eabi/lib/thumb/v7e-m+fp/hard\libg.a(lib_a-mallocr.o)
                0x080080a8                _malloc_r
 .text.memmove  0x08008608       0xf8 c:/progra~1/gcc-ar~1.10/bin/../lib/gcc/arm-none-eabi/10.3.1/../../../../arm-none-eabi/lib/thumb/v7e-m+fp/hard\libg.a(lib_a-memmove.o)
                0x08008608                memmove
 .text.__malloc_lock
                0x08008700        0xc c:/progra~1/gcc-ar~1.10/bin/../lib/gcc/arm-none-eabi/10.3.1/../../../../arm-none-eabi/lib/thumb/v7e-m+fp/hard\libg.a(lib_a-mlock.o)
                0x08008700                __malloc_lock
 .text.__malloc_unlock
                0x0800870c        0xc c:/progra~1/gcc-ar~1.10/bin/../lib/gcc/arm-none-eabi/10.3.1/../../../../arm-none-eabi/lib/thumb/v7e-m+fp/hard\libg.a(lib_a-mlock.o)
                0x0800870c                __malloc_unlock
 .text._Balloc  0x08008718       0x4c c:/progra~1/gcc-ar~1.10/bin/../lib/gcc/arm-none-eabi/10.3.1/../../../../arm-none-eabi/lib/thumb/v7e-m+fp/hard\libg.a(lib_a-mprec.o)
                0x08008718                _Balloc
 .text._Bfree   0x08008764       0x14 c:/progra~1/gcc-ar~1.10/bin/../lib/gcc/arm-none-eabi/10.3.1/../../../../arm-none-eabi/lib/thumb/v7e-m+fp/hard\libg.a(lib_a-mprec.o)
                0x08008764                _Bfree
 .text.__multadd
                0x08008778       0xa8 c:/progra~1/gcc-ar~1.10/bin/../lib/gcc/arm-none-eabi/10.3.1/../../../../arm-none-eabi/lib/thumb/v7e-m+fp/hard\libg.a(lib_a-mprec.o)
                0x08008778                __multadd
 .text.__hi0bits
                0x08008820       0x40 c:/progra~1/gcc-ar~1.10/bin/../lib/gcc/arm-none-eabi/10.3.1/../../../../arm-none-eabi/lib/thumb/v7e-m+fp/hard\libg.a(lib_a-mprec.o)
                0x08008820                __hi0bits
 .text.__lo0bits
                0x08008860       0x60 c:/progra~1/gcc-ar~1.10/bin/../lib/gcc/arm-none-eabi/10.3.1/../../../../arm-none-eabi/lib/thumb/v7e-m+fp/hard\libg.a(lib_a-mprec.o)
                0x08008860                __lo0bits
 .text.__i2b    0x080088c0       0x5c c:/progra~1/gcc-ar~1.10/bin/../lib/gcc/arm-none-eabi/10.3.1/../../../../arm-none-eabi/lib/thumb/v7e-m+fp/hard\libg.a(lib_a-mprec.o)
                0x080088c0                __i2b
 .text.__multiply
                0x0800891c      0x15c c:/progra~1/gcc-ar~1.10/bin/../lib/gcc/arm-none-eabi/10.3.1/../../../../arm-none-eabi/lib/thumb/v7e-m+fp/hard\libg.a(lib_a-mprec.o)
                0x0800891c                __multiply
 .text.__pow5mult
                0x08008a78       0xc0 c:/progra~1/gcc-ar~1.10/bin/../lib/gcc/arm-none-eabi/10.3.1/../../../../arm-none-eabi/lib/thumb/v7e-m+fp/hard\libg.a(lib_a-mprec.o)
                0x08008a78                __pow5mult
 .text.__lshift
                0x08008b38       0xf0 c:/progra~1/gcc-ar~1.10/bin/../lib/gcc/arm-none-eabi/10.3.1/../../../../arm-none-eabi/lib/thumb/v7e-m+fp/hard\libg.a(lib_a-mprec.o)
                0x08008b38                __lshift
 .text.__mcmp   0x08008c28       0x44 c:/progra~1/gcc-ar~1.10/bin/../lib/gcc/arm-none-eabi/10.3.1/../../../../arm-none-eabi/lib/thumb/v7e-m+fp/hard\libg.a(lib_a-mprec.o)
                0x08008c28                __mcmp
 .text.__mdiff  0x08008c6c      0x14c c:/progra~1/gcc-ar~1.10/bin/../lib/gcc/arm-none-eabi/10.3.1/../../../../arm-none-eabi/lib/thumb/v7e-m+fp/hard\libg.a(lib_a-mprec.o)
                0x08008c6c                __mdiff
 .text.__d2b    0x08008db8       0xd0 c:/progra~1/gcc-ar~1.10/bin/../lib/gcc/arm-none-eabi/10.3.1/../../../../arm-none-eabi/lib/thumb/v7e-m+fp/hard\libg.a(lib_a-mprec.o)
                0x08008db8                __d2b
 .text._realloc_r
                0x08008e88      0x3d8 c:/progra~1/gcc-ar~1.10/bin/../lib/gcc/arm-none-eabi/10.3.1/../../../../arm-none-eabi/lib/thumb/v7e-m+fp/hard\libg.a(lib_a-reallocr.o)
                0x08008e88                _realloc_r
 .text.frexp    0x08009260       0x6c c:/progra~1/gcc-ar~1.10/bin/../lib/gcc/arm-none-eabi/10.3.1/../../../../arm-none-eabi/lib/thumb/v7e-m+fp/hard\libg.a(lib_a-s_frexp.o)
                0x08009260                frexp
 .text._sbrk_r  0x080092cc       0x24 c:/progra~1/gcc-ar~1.10/bin/../lib/gcc/arm-none-eabi/10.3.1/../../../../arm-none-eabi/lib/thumb/v7e-m+fp/hard\libg.a(lib_a-sbrkr.o)
                0x080092cc                _sbrk_r
 .text.__sread  0x080092f0       0x24 c:/progra~1/gcc-ar~1.10/bin/../lib/gcc/arm-none-eabi/10.3.1/../../../../arm-none-eabi/lib/thumb/v7e-m+fp/hard\libg.a(lib_a-stdio.o)
                0x080092f0                __sread
 .text.__swrite
                0x08009314       0x40 c:/progra~1/gcc-ar~1.10/bin/../lib/gcc/arm-none-eabi/10.3.1/../../../../arm-none-eabi/lib/thumb/v7e-m+fp/hard\libg.a(lib_a-stdio.o)
                0x08009314                __swrite
 .text.__sseek  0x08009354       0x20 c:/progra~1/gcc-ar~1.10/bin/../lib/gcc/arm-none-eabi/10.3.1/../../../../arm-none-eabi/lib/thumb/v7e-m+fp/hard\libg.a(lib_a-stdio.o)
                0x08009354                __sseek
 .text.__sclose
                0x08009374        0x8 c:/progra~1/gcc-ar~1.10/bin/../lib/gcc/arm-none-eabi/10.3.1/../../../../arm-none-eabi/lib/thumb/v7e-m+fp/hard\libg.a(lib_a-stdio.o)
                0x08009374                __sclose
 .text.strncpy  0x0800937c       0x64 c:/progra~1/gcc-ar~1.10/bin/../lib/gcc/arm-none-eabi/10.3.1/../../../../arm-none-eabi/lib/thumb/v7e-m+fp/hard\libg.a(lib_a-strncpy.o)
                0x0800937c                strncpy
 .text.__sprint_r.part.0
                0x080093e0       0x78 c:/progra~1/gcc-ar~1.10/bin/../lib/gcc/arm-none-eabi/10.3.1/../../../../arm-none-eabi/lib/thumb/v7e-m+fp/hard\libg.a(lib_a-vfiprintf.o)
 .text.__sprint_r
                0x08009458       0x18 c:/progra~1/gcc-ar~1.10/bin/../lib/gcc/arm-none-eabi/10.3.1/../../../../arm-none-eabi/lib/thumb/v7e-m+fp/hard\libg.a(lib_a-vfiprintf.o)
                0x08009458                __sprint_r
 .text._vfiprintf_r
                0x08009470      0xdfc c:/progra~1/gcc-ar~1.10/bin/../lib/gcc/arm-none-eabi/10.3.1/../../../../arm-none-eabi/lib/thumb/v7e-m+fp/hard\libg.a(lib_a-vfiprintf.o)
                0x08009470                _vfiprintf_r
 .text.__sbprintf
                0x0800a26c       0x80 c:/progra~1/gcc-ar~1.10/bin/../lib/gcc/arm-none-eabi/10.3.1/../../../../arm-none-eabi/lib/thumb/v7e-m+fp/hard\libg.a(lib_a-vfiprintf.o)
 .text._write_r
                0x0800a2ec       0x2c c:/progra~1/gcc-ar~1.10/bin/../lib/gcc/arm-none-eabi/10.3.1/../../../../arm-none-eabi/lib/thumb/v7e-m+fp/hard\libg.a(lib_a-writer.o)
                0x0800a2ec                _write_r
 .text.__register_exitproc
                0x0800a318       0x8c c:/progra~1/gcc-ar~1.10/bin/../lib/gcc/arm-none-eabi/10.3.1/../../../../arm-none-eabi/lib/thumb/v7e-m+fp/hard\libg.a(lib_a-__atexit.o)
                0x0800a318                __register_exitproc
 .text.__assert_func
                0x0800a3a4       0x40 c:/progra~1/gcc-ar~1.10/bin/../lib/gcc/arm-none-eabi/10.3.1/../../../../arm-none-eabi/lib/thumb/v7e-m+fp/hard\libg.a(lib_a-assert.o)
                0x0800a3a4                __assert_func
 .text._calloc_r
                0x0800a3e4       0x78 c:/progra~1/gcc-ar~1.10/bin/../lib/gcc/arm-none-eabi/10.3.1/../../../../arm-none-eabi/lib/thumb/v7e-m+fp/hard\libg.a(lib_a-callocr.o)
                0x0800a3e4                _calloc_r
 .text._close_r
                0x0800a45c       0x24 c:/progra~1/gcc-ar~1.10/bin/../lib/gcc/arm-none-eabi/10.3.1/../../../../arm-none-eabi/lib/thumb/v7e-m+fp/hard\libg.a(lib_a-closer.o)
                0x0800a45c                _close_r
 .text._fclose_r
                0x0800a480       0xcc c:/progra~1/gcc-ar~1.10/bin/../lib/gcc/arm-none-eabi/10.3.1/../../../../arm-none-eabi/lib/thumb/v7e-m+fp/hard\libg.a(lib_a-fclose.o)
                0x0800a480                _fclose_r
 .text.fiprintf
                0x0800a54c       0x28 c:/progra~1/gcc-ar~1.10/bin/../lib/gcc/arm-none-eabi/10.3.1/../../../../arm-none-eabi/lib/thumb/v7e-m+fp/hard\libg.a(lib_a-fiprintf.o)
                0x0800a54c                fiprintf
 .text.__fputwc
                0x0800a574       0xa8 c:/progra~1/gcc-ar~1.10/bin/../lib/gcc/arm-none-eabi/10.3.1/../../../../arm-none-eabi/lib/thumb/v7e-m+fp/hard\libg.a(lib_a-fputwc.o)
                0x0800a574                __fputwc
 .text._fputwc_r
                0x0800a61c       0x68 c:/progra~1/gcc-ar~1.10/bin/../lib/gcc/arm-none-eabi/10.3.1/../../../../arm-none-eabi/lib/thumb/v7e-m+fp/hard\libg.a(lib_a-fputwc.o)
                0x0800a61c                _fputwc_r
 .text._fstat_r
                0x0800a684       0x2c c:/progra~1/gcc-ar~1.10/bin/../lib/gcc/arm-none-eabi/10.3.1/../../../../arm-none-eabi/lib/thumb/v7e-m+fp/hard\libg.a(lib_a-fstatr.o)
                0x0800a684                _fstat_r
 .text._isatty_r
                0x0800a6b0       0x24 c:/progra~1/gcc-ar~1.10/bin/../lib/gcc/arm-none-eabi/10.3.1/../../../../arm-none-eabi/lib/thumb/v7e-m+fp/hard\libg.a(lib_a-isattyr.o)
                0x0800a6b0                _isatty_r
 .text.__locale_mb_cur_max
                0x0800a6d4        0xc c:/progra~1/gcc-ar~1.10/bin/../lib/gcc/arm-none-eabi/10.3.1/../../../../arm-none-eabi/lib/thumb/v7e-m+fp/hard\libg.a(lib_a-locale.o)
                0x0800a6d4                __locale_mb_cur_max
 .text._lseek_r
                0x0800a6e0       0x2c c:/progra~1/gcc-ar~1.10/bin/../lib/gcc/arm-none-eabi/10.3.1/../../../../arm-none-eabi/lib/thumb/v7e-m+fp/hard\libg.a(lib_a-lseekr.o)
                0x0800a6e0                _lseek_r
 .text.__ascii_mbtowc
                0x0800a70c       0x2c c:/progra~1/gcc-ar~1.10/bin/../lib/gcc/arm-none-eabi/10.3.1/../../../../arm-none-eabi/lib/thumb/v7e-m+fp/hard\libg.a(lib_a-mbtowc_r.o)
                0x0800a70c                __ascii_mbtowc
 .text._read_r  0x0800a738       0x2c c:/progra~1/gcc-ar~1.10/bin/../lib/gcc/arm-none-eabi/10.3.1/../../../../arm-none-eabi/lib/thumb/v7e-m+fp/hard\libg.a(lib_a-readr.o)
                0x0800a738                _read_r
 .text.__swbuf_r
                0x0800a764       0xb0 c:/progra~1/gcc-ar~1.10/bin/../lib/gcc/arm-none-eabi/10.3.1/../../../../arm-none-eabi/lib/thumb/v7e-m+fp/hard\libg.a(lib_a-wbuf.o)
                0x0800a764                __swbuf_r
 .text._wcrtomb_r
                0x0800a814       0x3c c:/progra~1/gcc-ar~1.10/bin/../lib/gcc/arm-none-eabi/10.3.1/../../../../arm-none-eabi/lib/thumb/v7e-m+fp/hard\libg.a(lib_a-wcrtomb.o)
                0x0800a814                _wcrtomb_r
 .text.__ascii_wctomb
                0x0800a850       0x1c c:/progra~1/gcc-ar~1.10/bin/../lib/gcc/arm-none-eabi/10.3.1/../../../../arm-none-eabi/lib/thumb/v7e-m+fp/hard\libg.a(lib_a-wctomb_r.o)
                0x0800a850                __ascii_wctomb
 .text.abort    0x0800a86c       0x10 c:/progra~1/gcc-ar~1.10/bin/../lib/gcc/arm-none-eabi/10.3.1/../../../../arm-none-eabi/lib/thumb/v7e-m+fp/hard\libg.a(lib_a-abort.o)
                0x0800a86c                abort
 .text.raise    0x0800a87c       0x5c c:/progra~1/gcc-ar~1.10/bin/../lib/gcc/arm-none-eabi/10.3.1/../../../../arm-none-eabi/lib/thumb/v7e-m+fp/hard\libg.a(lib_a-signal.o)
                0x0800a87c                raise
 .text._kill_r  0x0800a8d8       0x2c c:/progra~1/gcc-ar~1.10/bin/../lib/gcc/arm-none-eabi/10.3.1/../../../../arm-none-eabi/lib/thumb/v7e-m+fp/hard\libg.a(lib_a-signalr.o)
                0x0800a8d8                _kill_r
 .text._getpid_r
                0x0800a904        0x4 c:/progra~1/gcc-ar~1.10/bin/../lib/gcc/arm-none-eabi/10.3.1/../../../../arm-none-eabi/lib/thumb/v7e-m+fp/hard\libg.a(lib_a-signalr.o)
                0x0800a904                _getpid_r
 *(.glue_7)
 .glue_7        0x0800a908        0x0 linker stubs
 *(.glue_7t)
 .glue_7t       0x0800a908        0x0 linker stubs
 *(.eh_frame)
 .eh_frame      0x0800a908        0x0 c:/progra~1/gcc-ar~1.10/bin/../lib/gcc/arm-none-eabi/10.3.1/thumb/v7e-m+fp/hard/crtbegin.o
 *(.init)
 .init          0x0800a908        0x4 c:/progra~1/gcc-ar~1.10/bin/../lib/gcc/arm-none-eabi/10.3.1/thumb/v7e-m+fp/hard/crti.o
                0x0800a908                _init
 .init          0x0800a90c        0x8 c:/progra~1/gcc-ar~1.10/bin/../lib/gcc/arm-none-eabi/10.3.1/thumb/v7e-m+fp/hard/crtn.o
 *(.fini)
 .fini          0x0800a914        0x4 c:/progra~1/gcc-ar~1.10/bin/../lib/gcc/arm-none-eabi/10.3.1/thumb/v7e-m+fp/hard/crti.o
                0x0800a914                _fini
 .fini          0x0800a918        0x8 c:/progra~1/gcc-ar~1.10/bin/../lib/gcc/arm-none-eabi/10.3.1/thumb/v7e-m+fp/hard/crtn.o
                0x0800a920                . = ALIGN (0x4)
                0x0800a920                _etext = .

.vfp11_veneer   0x0800a920        0x0
 .vfp11_veneer  0x0800a920        0x0 linker stubs

.v4_bx          0x0800a920        0x0
 .v4_bx         0x0800a920        0x0 linker stubs

.iplt           0x0800a920        0x0
 .iplt          0x0800a920        0x0 c:/progra~1/gcc-ar~1.10/bin/../lib/gcc/arm-none-eabi/10.3.1/thumb/v7e-m+fp/hard/crtbegin.o

.rodata         0x0800a920      0x4e0
                0x0800a920                . = ALIGN (0x4)
 *(.rodata)
 .rodata        0x0800a920       0x70 CMakeFiles/clion_car_motor_hardware.elf.dir/Core/Src/freertos.c.obj
 *(.rodata*)
 .rodata.str1.4
                0x0800a990       0x2d CMakeFiles/clion_car_motor_hardware.elf.dir/Core/Src/freertos.c.obj
 *fill*         0x0800a9bd        0x3 
 .rodata.StartTask_uart1.str1.4
                0x0800a9c0        0xb CMakeFiles/clion_car_motor_hardware.elf.dir/Core/Src/freertos.c.obj
 *fill*         0x0800a9cb        0x1 
 .rodata.main.str1.4
                0x0800a9cc       0x13 CMakeFiles/clion_car_motor_hardware.elf.dir/Core/Src/main.c.obj
 *fill*         0x0800a9df        0x1 
 .rodata.AHBPrescTable
                0x0800a9e0       0x10 CMakeFiles/clion_car_motor_hardware.elf.dir/Core/Src/system_stm32f4xx.c.obj
                0x0800a9e0                AHBPrescTable
 .rodata.APBPrescTable
                0x0800a9f0        0x8 CMakeFiles/clion_car_motor_hardware.elf.dir/Core/Src/system_stm32f4xx.c.obj
                0x0800a9f0                APBPrescTable
 .rodata.vTaskStartScheduler.str1.4
                0x0800a9f8        0x5 CMakeFiles/clion_car_motor_hardware.elf.dir/Middlewares/Third_Party/FreeRTOS/Source/tasks.c.obj
 *fill*         0x0800a9fd        0x3 
 .rodata._global_impure_ptr
                0x0800aa00        0x4 c:/progra~1/gcc-ar~1.10/bin/../lib/gcc/arm-none-eabi/10.3.1/../../../../arm-none-eabi/lib/thumb/v7e-m+fp/hard\libg.a(lib_a-impure.o)
                0x0800aa00                _global_impure_ptr
 .rodata._puts_r.str1.4
                0x0800aa04        0x2 c:/progra~1/gcc-ar~1.10/bin/../lib/gcc/arm-none-eabi/10.3.1/../../../../arm-none-eabi/lib/thumb/v7e-m+fp/hard\libg.a(lib_a-puts.o)
 *fill*         0x0800aa06        0x2 
 .rodata._vfprintf_r.str1.4
                0x0800aa08       0x42 c:/progra~1/gcc-ar~1.10/bin/../lib/gcc/arm-none-eabi/10.3.1/../../../../arm-none-eabi/lib/thumb/v7e-m+fp/hard\libg.a(lib_a-vfprintf.o)
 *fill*         0x0800aa4a        0x2 
 .rodata.blanks.1
                0x0800aa4c       0x10 c:/progra~1/gcc-ar~1.10/bin/../lib/gcc/arm-none-eabi/10.3.1/../../../../arm-none-eabi/lib/thumb/v7e-m+fp/hard\libg.a(lib_a-vfprintf.o)
 .rodata.zeroes.0
                0x0800aa5c       0x10 c:/progra~1/gcc-ar~1.10/bin/../lib/gcc/arm-none-eabi/10.3.1/../../../../arm-none-eabi/lib/thumb/v7e-m+fp/hard\libg.a(lib_a-vfprintf.o)
 .rodata._dtoa_r.str1.4
                0x0800aa6c       0xa2 c:/progra~1/gcc-ar~1.10/bin/../lib/gcc/arm-none-eabi/10.3.1/../../../../arm-none-eabi/lib/thumb/v7e-m+fp/hard\libg.a(lib_a-dtoa.o)
                                 0xa6 (size before relaxing)
 *fill*         0x0800ab0e        0x2 
 .rodata.__multadd.str1.4
                0x0800ab10       0x7f c:/progra~1/gcc-ar~1.10/bin/../lib/gcc/arm-none-eabi/10.3.1/../../../../arm-none-eabi/lib/thumb/v7e-m+fp/hard\libg.a(lib_a-mprec.o)
                                 0x93 (size before relaxing)
 *fill*         0x0800ab8f        0x1 
 .rodata.__mprec_bigtens
                0x0800ab90       0x28 c:/progra~1/gcc-ar~1.10/bin/../lib/gcc/arm-none-eabi/10.3.1/../../../../arm-none-eabi/lib/thumb/v7e-m+fp/hard\libg.a(lib_a-mprec.o)
                0x0800ab90                __mprec_bigtens
 .rodata.__mprec_tens
                0x0800abb8       0xc8 c:/progra~1/gcc-ar~1.10/bin/../lib/gcc/arm-none-eabi/10.3.1/../../../../arm-none-eabi/lib/thumb/v7e-m+fp/hard\libg.a(lib_a-mprec.o)
                0x0800abb8                __mprec_tens
 .rodata.p05.0  0x0800ac80        0xc c:/progra~1/gcc-ar~1.10/bin/../lib/gcc/arm-none-eabi/10.3.1/../../../../arm-none-eabi/lib/thumb/v7e-m+fp/hard\libg.a(lib_a-mprec.o)
 .rodata._vfiprintf_r.str1.4
                0x0800ac8c       0x2f c:/progra~1/gcc-ar~1.10/bin/../lib/gcc/arm-none-eabi/10.3.1/../../../../arm-none-eabi/lib/thumb/v7e-m+fp/hard\libg.a(lib_a-vfiprintf.o)
 .rodata.blanks.1
                0x0800ac8c       0x10 c:/progra~1/gcc-ar~1.10/bin/../lib/gcc/arm-none-eabi/10.3.1/../../../../arm-none-eabi/lib/thumb/v7e-m+fp/hard\libg.a(lib_a-vfiprintf.o)
 .rodata.zeroes.0
                0x0800ac9c       0x10 c:/progra~1/gcc-ar~1.10/bin/../lib/gcc/arm-none-eabi/10.3.1/../../../../arm-none-eabi/lib/thumb/v7e-m+fp/hard\libg.a(lib_a-vfiprintf.o)
 .rodata.__assert_func.str1.4
                0x0800acac       0x3f c:/progra~1/gcc-ar~1.10/bin/../lib/gcc/arm-none-eabi/10.3.1/../../../../arm-none-eabi/lib/thumb/v7e-m+fp/hard\libg.a(lib_a-assert.o)
                                 0x43 (size before relaxing)
 *fill*         0x0800aceb        0x1 
 .rodata._setlocale_r.str1.4
                0x0800acec        0xa c:/progra~1/gcc-ar~1.10/bin/../lib/gcc/arm-none-eabi/10.3.1/../../../../arm-none-eabi/lib/thumb/v7e-m+fp/hard\libg.a(lib_a-locale.o)
                                  0xd (size before relaxing)
 *fill*         0x0800acf6        0x2 
 .rodata.str1.4
                0x0800acf8        0x2 c:/progra~1/gcc-ar~1.10/bin/../lib/gcc/arm-none-eabi/10.3.1/../../../../arm-none-eabi/lib/thumb/v7e-m+fp/hard\libg.a(lib_a-locale.o)
 *fill*         0x0800acfa        0x2 
 .rodata._ctype_
                0x0800acfc      0x101 c:/progra~1/gcc-ar~1.10/bin/../lib/gcc/arm-none-eabi/10.3.1/../../../../arm-none-eabi/lib/thumb/v7e-m+fp/hard\libg.a(lib_a-ctype_.o)
                0x0800acfc                _ctype_
                0x0800ae00                . = ALIGN (0x4)
 *fill*         0x0800adfd        0x3 

.ARM.extab      0x0800ae00        0x0
                0x0800ae00                . = ALIGN (0x4)
 *(.ARM.extab* .gnu.linkonce.armextab.*)
                0x0800ae00                . = ALIGN (0x4)

.ARM            0x0800ae00        0x8
                0x0800ae00                . = ALIGN (0x4)
                0x0800ae00                __exidx_start = .
 *(.ARM.exidx*)
 .ARM.exidx     0x0800ae00        0x8 c:/progra~1/gcc-ar~1.10/bin/../lib/gcc/arm-none-eabi/10.3.1/thumb/v7e-m+fp/hard\libgcc.a(_udivmoddi4.o)
                0x0800ae08                __exidx_end = .
                0x0800ae08                . = ALIGN (0x4)

.rel.dyn        0x0800ae08        0x0
 .rel.iplt      0x0800ae08        0x0 c:/progra~1/gcc-ar~1.10/bin/../lib/gcc/arm-none-eabi/10.3.1/thumb/v7e-m+fp/hard/crtbegin.o

.preinit_array  0x0800ae08        0x0
                0x0800ae08                . = ALIGN (0x4)
                0x0800ae08                PROVIDE (__preinit_array_start = .)
 *(.preinit_array*)
                0x0800ae08                PROVIDE (__preinit_array_end = .)
                0x0800ae08                . = ALIGN (0x4)

.init_array     0x0800ae08        0x8
                0x0800ae08                . = ALIGN (0x4)
                0x0800ae08                PROVIDE (__init_array_start = .)
 *(SORT_BY_NAME(.init_array.*))
 .init_array.00000
                0x0800ae08        0x4 c:/progra~1/gcc-ar~1.10/bin/../lib/gcc/arm-none-eabi/10.3.1/../../../../arm-none-eabi/lib/thumb/v7e-m+fp/hard\libg.a(lib_a-__call_atexit.o)
 *(.init_array*)
 .init_array    0x0800ae0c        0x4 c:/progra~1/gcc-ar~1.10/bin/../lib/gcc/arm-none-eabi/10.3.1/thumb/v7e-m+fp/hard/crtbegin.o
                0x0800ae10                PROVIDE (__init_array_end = .)
                0x0800ae10                . = ALIGN (0x4)

.fini_array     0x0800ae10        0x4
                0x0800ae10                . = ALIGN (0x4)
                0x0800ae10                PROVIDE (__fini_array_start = .)
 *(SORT_BY_NAME(.fini_array.*))
 *(.fini_array*)
 .fini_array    0x0800ae10        0x4 c:/progra~1/gcc-ar~1.10/bin/../lib/gcc/arm-none-eabi/10.3.1/thumb/v7e-m+fp/hard/crtbegin.o
                0x0800ae14                PROVIDE (__fini_array_end = .)
                0x0800ae14                . = ALIGN (0x4)
                0x0800ae14                _sidata = LOADADDR (.data)

.data           0x20000000      0x9c0 load address 0x0800ae14
                0x20000000                . = ALIGN (0x4)
                0x20000000                _sdata = .
 *(.data)
 *(.data*)
 .data.SystemCoreClock
                0x20000000        0x4 CMakeFiles/clion_car_motor_hardware.elf.dir/Core/Src/system_stm32f4xx.c.obj
                0x20000000                SystemCoreClock
 .data.uwTickFreq
                0x20000004        0x1 CMakeFiles/clion_car_motor_hardware.elf.dir/Drivers/STM32F4xx_HAL_Driver/Src/stm32f4xx_hal.c.obj
                0x20000004                uwTickFreq
 *fill*         0x20000005        0x3 
 .data.uwTickPrio
                0x20000008        0x4 CMakeFiles/clion_car_motor_hardware.elf.dir/Drivers/STM32F4xx_HAL_Driver/Src/stm32f4xx_hal.c.obj
                0x20000008                uwTickPrio
 .data.uxCriticalNesting
                0x2000000c        0x4 CMakeFiles/clion_car_motor_hardware.elf.dir/Middlewares/Third_Party/FreeRTOS/Source/portable/GCC/ARM_CM4F/port.c.obj
 .data._impure_ptr
                0x20000010        0x4 c:/progra~1/gcc-ar~1.10/bin/../lib/gcc/arm-none-eabi/10.3.1/../../../../arm-none-eabi/lib/thumb/v7e-m+fp/hard\libg.a(lib_a-impure.o)
                0x20000010                _impure_ptr
 *fill*         0x20000014        0x4 
 .data.impure_data
                0x20000018      0x428 c:/progra~1/gcc-ar~1.10/bin/../lib/gcc/arm-none-eabi/10.3.1/../../../../arm-none-eabi/lib/thumb/v7e-m+fp/hard\libg.a(lib_a-impure.o)
 .data.__atexit_recursive_mutex
                0x20000440        0x4 c:/progra~1/gcc-ar~1.10/bin/../lib/gcc/arm-none-eabi/10.3.1/../../../../arm-none-eabi/lib/thumb/v7e-m+fp/hard\libg.a(lib_a-__call_atexit.o)
                0x20000440                __atexit_recursive_mutex
 .data.__malloc_av_
                0x20000444      0x408 c:/progra~1/gcc-ar~1.10/bin/../lib/gcc/arm-none-eabi/10.3.1/../../../../arm-none-eabi/lib/thumb/v7e-m+fp/hard\libg.a(lib_a-mallocr.o)
                0x20000444                __malloc_av_
 .data.__malloc_sbrk_base
                0x2000084c        0x4 c:/progra~1/gcc-ar~1.10/bin/../lib/gcc/arm-none-eabi/10.3.1/../../../../arm-none-eabi/lib/thumb/v7e-m+fp/hard\libg.a(lib_a-mallocr.o)
                0x2000084c                __malloc_sbrk_base
 .data.__malloc_trim_threshold
                0x20000850        0x4 c:/progra~1/gcc-ar~1.10/bin/../lib/gcc/arm-none-eabi/10.3.1/../../../../arm-none-eabi/lib/thumb/v7e-m+fp/hard\libg.a(lib_a-mallocr.o)
                0x20000850                __malloc_trim_threshold
 .data.__global_locale
                0x20000854      0x16c c:/progra~1/gcc-ar~1.10/bin/../lib/gcc/arm-none-eabi/10.3.1/../../../../arm-none-eabi/lib/thumb/v7e-m+fp/hard\libg.a(lib_a-locale.o)
                0x20000854                __global_locale
 *(.RamFunc)
 *(.RamFunc*)
                0x200009c0                . = ALIGN (0x4)
                0x200009c0                _edata = .
                0x0800b7d4                _siccmram = LOADADDR (.ccmram)

.igot.plt       0x200009c0        0x0 load address 0x0800b7d4
 .igot.plt      0x200009c0        0x0 c:/progra~1/gcc-ar~1.10/bin/../lib/gcc/arm-none-eabi/10.3.1/thumb/v7e-m+fp/hard/crtbegin.o

.ccmram         0x10000000        0x0 load address 0x0800b7d4
                0x10000000                . = ALIGN (0x4)
                0x10000000                _sccmram = .
 *(.ccmram)
 *(.ccmram*)
                0x10000000                . = ALIGN (0x4)
                0x10000000                _eccmram = .
                0x10000000                . = ALIGN (0x4)

.bss            0x200009c0     0x4600
                0x200009c0                _sbss = .
                0x200009c0                __bss_start__ = _sbss
 *(.bss)
 .bss           0x200009c0       0x1c c:/progra~1/gcc-ar~1.10/bin/../lib/gcc/arm-none-eabi/10.3.1/thumb/v7e-m+fp/hard/crtbegin.o
 *(.bss*)
 .bss.Task_IMUHandle
                0x200009dc        0x4 CMakeFiles/clion_car_motor_hardware.elf.dir/Core/Src/freertos.c.obj
                0x200009dc                Task_IMUHandle
 .bss.Task_PIDHandle
                0x200009e0        0x4 CMakeFiles/clion_car_motor_hardware.elf.dir/Core/Src/freertos.c.obj
                0x200009e0                Task_PIDHandle
 .bss.Task_uart1Handle
                0x200009e4        0x4 CMakeFiles/clion_car_motor_hardware.elf.dir/Core/Src/freertos.c.obj
                0x200009e4                Task_uart1Handle
 .bss.Task_uart2Handle
                0x200009e8        0x4 CMakeFiles/clion_car_motor_hardware.elf.dir/Core/Src/freertos.c.obj
                0x200009e8                Task_uart2Handle
 .bss.xIdleStack
                0x200009ec      0x200 CMakeFiles/clion_car_motor_hardware.elf.dir/Core/Src/freertos.c.obj
 *fill*         0x20000bec        0x4 
 .bss.xIdleTaskTCBBuffer
                0x20000bf0      0x480 CMakeFiles/clion_car_motor_hardware.elf.dir/Core/Src/freertos.c.obj
 .bss.gHuart    0x20001070        0x4 CMakeFiles/clion_car_motor_hardware.elf.dir/Core/Src/retarget.c.obj
                0x20001070                gHuart
 .bss.htim6     0x20001074       0x48 CMakeFiles/clion_car_motor_hardware.elf.dir/Core/Src/stm32f4xx_hal_timebase_tim.c.obj
                0x20001074                htim6
 .bss.__sbrk_heap_end
                0x200010bc        0x4 CMakeFiles/clion_car_motor_hardware.elf.dir/Core/Src/sysmem.c.obj
 .bss.htim3     0x200010c0       0x48 CMakeFiles/clion_car_motor_hardware.elf.dir/Core/Src/tim.c.obj
                0x200010c0                htim3
 .bss.htim4     0x20001108       0x48 CMakeFiles/clion_car_motor_hardware.elf.dir/Core/Src/tim.c.obj
                0x20001108                htim4
 .bss.htim5     0x20001150       0x48 CMakeFiles/clion_car_motor_hardware.elf.dir/Core/Src/tim.c.obj
                0x20001150                htim5
 .bss.huart1    0x20001198       0x44 CMakeFiles/clion_car_motor_hardware.elf.dir/Core/Src/usart.c.obj
                0x20001198                huart1
 .bss.huart2    0x200011dc       0x44 CMakeFiles/clion_car_motor_hardware.elf.dir/Core/Src/usart.c.obj
                0x200011dc                huart2
 .bss.uwTick    0x20001220        0x4 CMakeFiles/clion_car_motor_hardware.elf.dir/Drivers/STM32F4xx_HAL_Driver/Src/stm32f4xx_hal.c.obj
                0x20001220                uwTick
 .bss.ucMaxSysCallPriority
                0x20001224        0x1 CMakeFiles/clion_car_motor_hardware.elf.dir/Middlewares/Third_Party/FreeRTOS/Source/portable/GCC/ARM_CM4F/port.c.obj
 *fill*         0x20001225        0x3 
 .bss.ulMaxPRIGROUPValue
                0x20001228        0x4 CMakeFiles/clion_car_motor_hardware.elf.dir/Middlewares/Third_Party/FreeRTOS/Source/portable/GCC/ARM_CM4F/port.c.obj
 .bss.pxEnd     0x2000122c        0x4 CMakeFiles/clion_car_motor_hardware.elf.dir/Middlewares/Third_Party/FreeRTOS/Source/portable/MemMang/heap_4.c.obj
 .bss.ucHeap    0x20001230     0x3c00 CMakeFiles/clion_car_motor_hardware.elf.dir/Middlewares/Third_Party/FreeRTOS/Source/portable/MemMang/heap_4.c.obj
 .bss.xBlockAllocatedBit
                0x20004e30        0x4 CMakeFiles/clion_car_motor_hardware.elf.dir/Middlewares/Third_Party/FreeRTOS/Source/portable/MemMang/heap_4.c.obj
 .bss.xFreeBytesRemaining
                0x20004e34        0x4 CMakeFiles/clion_car_motor_hardware.elf.dir/Middlewares/Third_Party/FreeRTOS/Source/portable/MemMang/heap_4.c.obj
 .bss.xMinimumEverFreeBytesRemaining
                0x20004e38        0x4 CMakeFiles/clion_car_motor_hardware.elf.dir/Middlewares/Third_Party/FreeRTOS/Source/portable/MemMang/heap_4.c.obj
 .bss.xNumberOfSuccessfulAllocations
                0x20004e3c        0x4 CMakeFiles/clion_car_motor_hardware.elf.dir/Middlewares/Third_Party/FreeRTOS/Source/portable/MemMang/heap_4.c.obj
 .bss.xNumberOfSuccessfulFrees
                0x20004e40        0x4 CMakeFiles/clion_car_motor_hardware.elf.dir/Middlewares/Third_Party/FreeRTOS/Source/portable/MemMang/heap_4.c.obj
 .bss.xStart    0x20004e44        0x8 CMakeFiles/clion_car_motor_hardware.elf.dir/Middlewares/Third_Party/FreeRTOS/Source/portable/MemMang/heap_4.c.obj
 .bss.pxCurrentTCB
                0x20004e4c        0x4 CMakeFiles/clion_car_motor_hardware.elf.dir/Middlewares/Third_Party/FreeRTOS/Source/tasks.c.obj
                0x20004e4c                pxCurrentTCB
 .bss.pxDelayedTaskList
                0x20004e50        0x4 CMakeFiles/clion_car_motor_hardware.elf.dir/Middlewares/Third_Party/FreeRTOS/Source/tasks.c.obj
 .bss.pxOverflowDelayedTaskList
                0x20004e54        0x4 CMakeFiles/clion_car_motor_hardware.elf.dir/Middlewares/Third_Party/FreeRTOS/Source/tasks.c.obj
 .bss.pxReadyTasksLists
                0x20004e58       0x8c CMakeFiles/clion_car_motor_hardware.elf.dir/Middlewares/Third_Party/FreeRTOS/Source/tasks.c.obj
 .bss.uxCurrentNumberOfTasks
                0x20004ee4        0x4 CMakeFiles/clion_car_motor_hardware.elf.dir/Middlewares/Third_Party/FreeRTOS/Source/tasks.c.obj
 .bss.uxDeletedTasksWaitingCleanUp
                0x20004ee8        0x4 CMakeFiles/clion_car_motor_hardware.elf.dir/Middlewares/Third_Party/FreeRTOS/Source/tasks.c.obj
 .bss.uxSchedulerSuspended
                0x20004eec        0x4 CMakeFiles/clion_car_motor_hardware.elf.dir/Middlewares/Third_Party/FreeRTOS/Source/tasks.c.obj
 .bss.uxTaskNumber
                0x20004ef0        0x4 CMakeFiles/clion_car_motor_hardware.elf.dir/Middlewares/Third_Party/FreeRTOS/Source/tasks.c.obj
 .bss.uxTopReadyPriority
                0x20004ef4        0x4 CMakeFiles/clion_car_motor_hardware.elf.dir/Middlewares/Third_Party/FreeRTOS/Source/tasks.c.obj
 .bss.xDelayedTaskList1
                0x20004ef8       0x14 CMakeFiles/clion_car_motor_hardware.elf.dir/Middlewares/Third_Party/FreeRTOS/Source/tasks.c.obj
 .bss.xDelayedTaskList2
                0x20004f0c       0x14 CMakeFiles/clion_car_motor_hardware.elf.dir/Middlewares/Third_Party/FreeRTOS/Source/tasks.c.obj
 .bss.xIdleTaskHandle
                0x20004f20        0x4 CMakeFiles/clion_car_motor_hardware.elf.dir/Middlewares/Third_Party/FreeRTOS/Source/tasks.c.obj
 .bss.xNextTaskUnblockTime
                0x20004f24        0x4 CMakeFiles/clion_car_motor_hardware.elf.dir/Middlewares/Third_Party/FreeRTOS/Source/tasks.c.obj
 .bss.xNumOfOverflows
                0x20004f28        0x4 CMakeFiles/clion_car_motor_hardware.elf.dir/Middlewares/Third_Party/FreeRTOS/Source/tasks.c.obj
 .bss.xPendedTicks
                0x20004f2c        0x4 CMakeFiles/clion_car_motor_hardware.elf.dir/Middlewares/Third_Party/FreeRTOS/Source/tasks.c.obj
 .bss.xPendingReadyList
                0x20004f30       0x14 CMakeFiles/clion_car_motor_hardware.elf.dir/Middlewares/Third_Party/FreeRTOS/Source/tasks.c.obj
 .bss.xSchedulerRunning
                0x20004f44        0x4 CMakeFiles/clion_car_motor_hardware.elf.dir/Middlewares/Third_Party/FreeRTOS/Source/tasks.c.obj
 .bss.xSuspendedTaskList
                0x20004f48       0x14 CMakeFiles/clion_car_motor_hardware.elf.dir/Middlewares/Third_Party/FreeRTOS/Source/tasks.c.obj
 .bss.xTasksWaitingTermination
                0x20004f5c       0x14 CMakeFiles/clion_car_motor_hardware.elf.dir/Middlewares/Third_Party/FreeRTOS/Source/tasks.c.obj
 .bss.xTickCount
                0x20004f70        0x4 CMakeFiles/clion_car_motor_hardware.elf.dir/Middlewares/Third_Party/FreeRTOS/Source/tasks.c.obj
 .bss.xYieldPending
                0x20004f74        0x4 CMakeFiles/clion_car_motor_hardware.elf.dir/Middlewares/Third_Party/FreeRTOS/Source/tasks.c.obj
 .bss.errno     0x20004f78        0x4 c:/progra~1/gcc-ar~1.10/bin/../lib/gcc/arm-none-eabi/10.3.1/../../../../arm-none-eabi/lib/thumb/v7e-m+fp/hard\libg.a(lib_a-reent.o)
                0x20004f78                errno
 .bss.__lock___atexit_recursive_mutex
                0x20004f7c        0x1 c:/progra~1/gcc-ar~1.10/bin/../lib/gcc/arm-none-eabi/10.3.1/../../../../arm-none-eabi/lib/thumb/v7e-m+fp/hard\libg.a(lib_a-lock.o)
                0x20004f7c                __lock___atexit_recursive_mutex
 *fill*         0x20004f7d        0x3 
 .bss.__lock___malloc_recursive_mutex
                0x20004f80        0x1 c:/progra~1/gcc-ar~1.10/bin/../lib/gcc/arm-none-eabi/10.3.1/../../../../arm-none-eabi/lib/thumb/v7e-m+fp/hard\libg.a(lib_a-lock.o)
                0x20004f80                __lock___malloc_recursive_mutex
 *fill*         0x20004f81        0x3 
 .bss.__lock___sfp_recursive_mutex
                0x20004f84        0x1 c:/progra~1/gcc-ar~1.10/bin/../lib/gcc/arm-none-eabi/10.3.1/../../../../arm-none-eabi/lib/thumb/v7e-m+fp/hard\libg.a(lib_a-lock.o)
                0x20004f84                __lock___sfp_recursive_mutex
 *fill*         0x20004f85        0x3 
 .bss.__lock___sinit_recursive_mutex
                0x20004f88        0x1 c:/progra~1/gcc-ar~1.10/bin/../lib/gcc/arm-none-eabi/10.3.1/../../../../arm-none-eabi/lib/thumb/v7e-m+fp/hard\libg.a(lib_a-lock.o)
                0x20004f88                __lock___sinit_recursive_mutex
 *fill*         0x20004f89        0x3 
 .bss.__malloc_current_mallinfo
                0x20004f8c       0x28 c:/progra~1/gcc-ar~1.10/bin/../lib/gcc/arm-none-eabi/10.3.1/../../../../arm-none-eabi/lib/thumb/v7e-m+fp/hard\libg.a(lib_a-mallocr.o)
                0x20004f8c                __malloc_current_mallinfo
 .bss.__malloc_max_sbrked_mem
                0x20004fb4        0x4 c:/progra~1/gcc-ar~1.10/bin/../lib/gcc/arm-none-eabi/10.3.1/../../../../arm-none-eabi/lib/thumb/v7e-m+fp/hard\libg.a(lib_a-mallocr.o)
                0x20004fb4                __malloc_max_sbrked_mem
 .bss.__malloc_max_total_mem
                0x20004fb8        0x4 c:/progra~1/gcc-ar~1.10/bin/../lib/gcc/arm-none-eabi/10.3.1/../../../../arm-none-eabi/lib/thumb/v7e-m+fp/hard\libg.a(lib_a-mallocr.o)
                0x20004fb8                __malloc_max_total_mem
 .bss.__malloc_top_pad
                0x20004fbc        0x4 c:/progra~1/gcc-ar~1.10/bin/../lib/gcc/arm-none-eabi/10.3.1/../../../../arm-none-eabi/lib/thumb/v7e-m+fp/hard\libg.a(lib_a-mallocr.o)
                0x20004fbc                __malloc_top_pad
 *(COMMON)
                0x20004fc0                . = ALIGN (0x4)
                0x20004fc0                _ebss = .
                0x20004fc0                __bss_end__ = _ebss

._user_heap_stack
                0x20004fc0      0x600
                0x20004fc0                . = ALIGN (0x8)
                [!provide]                PROVIDE (end = .)
                0x20004fc0                PROVIDE (_end = .)
                0x200051c0                . = (. + _Min_Heap_Size)
 *fill*         0x20004fc0      0x200 
                0x200055c0                . = (. + _Min_Stack_Size)
 *fill*         0x200051c0      0x400 
                0x200055c0                . = ALIGN (0x8)

/DISCARD/
 libc.a(*)
 libm.a(*)
 libgcc.a(*)

.ARM.attributes
                0x00000000       0x30
 *(.ARM.attributes)
 .ARM.attributes
                0x00000000       0x1e c:/progra~1/gcc-ar~1.10/bin/../lib/gcc/arm-none-eabi/10.3.1/thumb/v7e-m+fp/hard/crti.o
 .ARM.attributes
                0x0000001e       0x34 c:/progra~1/gcc-ar~1.10/bin/../lib/gcc/arm-none-eabi/10.3.1/thumb/v7e-m+fp/hard/crtbegin.o
 .ARM.attributes
                0x00000052       0x34 CMakeFiles/clion_car_motor_hardware.elf.dir/Core/Src/freertos.c.obj
 .ARM.attributes
                0x00000086       0x34 CMakeFiles/clion_car_motor_hardware.elf.dir/Core/Src/gpio.c.obj
 .ARM.attributes
                0x000000ba       0x34 CMakeFiles/clion_car_motor_hardware.elf.dir/Core/Src/main.c.obj
 .ARM.attributes
                0x000000ee       0x34 CMakeFiles/clion_car_motor_hardware.elf.dir/Core/Src/retarget.c.obj
 .ARM.attributes
                0x00000122       0x34 CMakeFiles/clion_car_motor_hardware.elf.dir/Core/Src/stm32f4xx_hal_msp.c.obj
 .ARM.attributes
                0x00000156       0x34 CMakeFiles/clion_car_motor_hardware.elf.dir/Core/Src/stm32f4xx_hal_timebase_tim.c.obj
 .ARM.attributes
                0x0000018a       0x34 CMakeFiles/clion_car_motor_hardware.elf.dir/Core/Src/stm32f4xx_it.c.obj
 .ARM.attributes
                0x000001be       0x34 CMakeFiles/clion_car_motor_hardware.elf.dir/Core/Src/syscalls.c.obj
 .ARM.attributes
                0x000001f2       0x34 CMakeFiles/clion_car_motor_hardware.elf.dir/Core/Src/sysmem.c.obj
 .ARM.attributes
                0x00000226       0x34 CMakeFiles/clion_car_motor_hardware.elf.dir/Core/Src/system_stm32f4xx.c.obj
 .ARM.attributes
                0x0000025a       0x34 CMakeFiles/clion_car_motor_hardware.elf.dir/Core/Src/tim.c.obj
 .ARM.attributes
                0x0000028e       0x34 CMakeFiles/clion_car_motor_hardware.elf.dir/Core/Src/usart.c.obj
 .ARM.attributes
                0x000002c2       0x21 CMakeFiles/clion_car_motor_hardware.elf.dir/Core/Startup/startup_stm32f407igtx.s.obj
 .ARM.attributes
                0x000002e3       0x34 CMakeFiles/clion_car_motor_hardware.elf.dir/Drivers/STM32F4xx_HAL_Driver/Src/stm32f4xx_hal.c.obj
 .ARM.attributes
                0x00000317       0x34 CMakeFiles/clion_car_motor_hardware.elf.dir/Drivers/STM32F4xx_HAL_Driver/Src/stm32f4xx_hal_cortex.c.obj
 .ARM.attributes
                0x0000034b       0x34 CMakeFiles/clion_car_motor_hardware.elf.dir/Drivers/STM32F4xx_HAL_Driver/Src/stm32f4xx_hal_dma.c.obj
 .ARM.attributes
                0x0000037f       0x34 CMakeFiles/clion_car_motor_hardware.elf.dir/Drivers/STM32F4xx_HAL_Driver/Src/stm32f4xx_hal_gpio.c.obj
 .ARM.attributes
                0x000003b3       0x34 CMakeFiles/clion_car_motor_hardware.elf.dir/Drivers/STM32F4xx_HAL_Driver/Src/stm32f4xx_hal_rcc.c.obj
 .ARM.attributes
                0x000003e7       0x34 CMakeFiles/clion_car_motor_hardware.elf.dir/Drivers/STM32F4xx_HAL_Driver/Src/stm32f4xx_hal_tim.c.obj
 .ARM.attributes
                0x0000041b       0x34 CMakeFiles/clion_car_motor_hardware.elf.dir/Drivers/STM32F4xx_HAL_Driver/Src/stm32f4xx_hal_tim_ex.c.obj
 .ARM.attributes
                0x0000044f       0x34 CMakeFiles/clion_car_motor_hardware.elf.dir/Drivers/STM32F4xx_HAL_Driver/Src/stm32f4xx_hal_uart.c.obj
 .ARM.attributes
                0x00000483       0x34 CMakeFiles/clion_car_motor_hardware.elf.dir/Middlewares/Third_Party/FreeRTOS/Source/CMSIS_RTOS/cmsis_os.c.obj
 .ARM.attributes
                0x000004b7       0x34 CMakeFiles/clion_car_motor_hardware.elf.dir/Middlewares/Third_Party/FreeRTOS/Source/list.c.obj
 .ARM.attributes
                0x000004eb       0x34 CMakeFiles/clion_car_motor_hardware.elf.dir/Middlewares/Third_Party/FreeRTOS/Source/portable/GCC/ARM_CM4F/port.c.obj
 .ARM.attributes
                0x0000051f       0x34 CMakeFiles/clion_car_motor_hardware.elf.dir/Middlewares/Third_Party/FreeRTOS/Source/portable/MemMang/heap_4.c.obj
 .ARM.attributes
                0x00000553       0x34 CMakeFiles/clion_car_motor_hardware.elf.dir/Middlewares/Third_Party/FreeRTOS/Source/tasks.c.obj
 .ARM.attributes
                0x00000587       0x1e c:/progra~1/gcc-ar~1.10/bin/../lib/gcc/arm-none-eabi/10.3.1/thumb/v7e-m+fp/hard\libgcc.a(_aeabi_uldivmod.o)
 .ARM.attributes
                0x000005a5       0x34 c:/progra~1/gcc-ar~1.10/bin/../lib/gcc/arm-none-eabi/10.3.1/thumb/v7e-m+fp/hard\libgcc.a(_udivmoddi4.o)
 .ARM.attributes
                0x000005d9       0x1e c:/progra~1/gcc-ar~1.10/bin/../lib/gcc/arm-none-eabi/10.3.1/thumb/v7e-m+fp/hard\libgcc.a(_dvmd_tls.o)
 .ARM.attributes
                0x000005f7       0x34 c:/progra~1/gcc-ar~1.10/bin/../lib/gcc/arm-none-eabi/10.3.1/../../../../arm-none-eabi/lib/thumb/v7e-m+fp/hard\libg.a(lib_a-errno.o)
 .ARM.attributes
                0x0000062b       0x34 c:/progra~1/gcc-ar~1.10/bin/../lib/gcc/arm-none-eabi/10.3.1/../../../../arm-none-eabi/lib/thumb/v7e-m+fp/hard\libg.a(lib_a-impure.o)
 .ARM.attributes
                0x0000065f       0x34 c:/progra~1/gcc-ar~1.10/bin/../lib/gcc/arm-none-eabi/10.3.1/../../../../arm-none-eabi/lib/thumb/v7e-m+fp/hard\libg.a(lib_a-init.o)
 .ARM.attributes
                0x00000693       0x1c c:/progra~1/gcc-ar~1.10/bin/../lib/gcc/arm-none-eabi/10.3.1/../../../../arm-none-eabi/lib/thumb/v7e-m+fp/hard\libg.a(lib_a-memcpy.o)
 .ARM.attributes
                0x000006af       0x34 c:/progra~1/gcc-ar~1.10/bin/../lib/gcc/arm-none-eabi/10.3.1/../../../../arm-none-eabi/lib/thumb/v7e-m+fp/hard\libg.a(lib_a-memset.o)
 .ARM.attributes
                0x000006e3       0x34 c:/progra~1/gcc-ar~1.10/bin/../lib/gcc/arm-none-eabi/10.3.1/../../../../arm-none-eabi/lib/thumb/v7e-m+fp/hard\libg.a(lib_a-printf.o)
 .ARM.attributes
                0x00000717       0x34 c:/progra~1/gcc-ar~1.10/bin/../lib/gcc/arm-none-eabi/10.3.1/../../../../arm-none-eabi/lib/thumb/v7e-m+fp/hard\libg.a(lib_a-puts.o)
 .ARM.attributes
                0x0000074b       0x34 c:/progra~1/gcc-ar~1.10/bin/../lib/gcc/arm-none-eabi/10.3.1/../../../../arm-none-eabi/lib/thumb/v7e-m+fp/hard\libg.a(lib_a-reent.o)
 .ARM.attributes
                0x0000077f       0x34 c:/progra~1/gcc-ar~1.10/bin/../lib/gcc/arm-none-eabi/10.3.1/../../../../arm-none-eabi/lib/thumb/v7e-m+fp/hard\libg.a(lib_a-setvbuf.o)
 .ARM.attributes
                0x000007b3       0x1c c:/progra~1/gcc-ar~1.10/bin/../lib/gcc/arm-none-eabi/10.3.1/../../../../arm-none-eabi/lib/thumb/v7e-m+fp/hard\libg.a(lib_a-strlen.o)
 .ARM.attributes
                0x000007cf       0x34 c:/progra~1/gcc-ar~1.10/bin/../lib/gcc/arm-none-eabi/10.3.1/../../../../arm-none-eabi/lib/thumb/v7e-m+fp/hard\libg.a(lib_a-vfprintf.o)
 .ARM.attributes
                0x00000803       0x34 c:/progra~1/gcc-ar~1.10/bin/../lib/gcc/arm-none-eabi/10.3.1/../../../../arm-none-eabi/lib/thumb/v7e-m+fp/hard\libg.a(lib_a-wsetup.o)
 .ARM.attributes
                0x00000837       0x34 c:/progra~1/gcc-ar~1.10/bin/../lib/gcc/arm-none-eabi/10.3.1/../../../../arm-none-eabi/lib/thumb/v7e-m+fp/hard\libg.a(lib_a-__call_atexit.o)
 .ARM.attributes
                0x0000086b       0x34 c:/progra~1/gcc-ar~1.10/bin/../lib/gcc/arm-none-eabi/10.3.1/../../../../arm-none-eabi/lib/thumb/v7e-m+fp/hard\libg.a(lib_a-atexit.o)
 .ARM.attributes