Archive member included to satisfy reference by file (symbol)

c:/progra~1/gcc-ar~1.10/bin/../lib/gcc/arm-none-eabi/10.3.1/thumb/v7e-m+fp/hard\libgcc.a(_arm_muldf3.o)
                              CMakeFiles/clion_car_motor_hardware.elf.dir/Core/Src/contrl.c.obj (__aeabi_dmul)
c:/progra~1/gcc-ar~1.10/bin/../lib/gcc/arm-none-eabi/10.3.1/thumb/v7e-m+fp/hard\libgcc.a(_arm_addsubdf3.o)
                              CMakeFiles/clion_car_motor_hardware.elf.dir/Core/Src/contrl.c.obj (__aeabi_dadd)
c:/progra~1/gcc-ar~1.10/bin/../lib/gcc/arm-none-eabi/10.3.1/thumb/v7e-m+fp/hard\libgcc.a(_arm_muldivdf3.o)
                              CMakeFiles/clion_car_motor_hardware.elf.dir/Core/Src/mpu6050.c.obj (__aeabi_ddiv)
c:/progra~1/gcc-ar~1.10/bin/../lib/gcc/arm-none-eabi/10.3.1/thumb/v7e-m+fp/hard\libgcc.a(_arm_fixunsdfsi.o)
                              CMakeFiles/clion_car_motor_hardware.elf.dir/Core/Src/contrl.c.obj (__aeabi_d2uiz)
c:/progra~1/gcc-ar~1.10/bin/../lib/gcc/arm-none-eabi/10.3.1/thumb/v7e-m+fp/hard\libgcc.a(_arm_truncdfsf2.o)
                              CMakeFiles/clion_car_motor_hardware.elf.dir/Core/Src/mpu6050.c.obj (__aeabi_d2f)
c:/progra~1/gcc-ar~1.10/bin/../lib/gcc/arm-none-eabi/10.3.1/thumb/v7e-m+fp/hard\libgcc.a(_aeabi_ldivmod.o)
                              CMakeFiles/clion_car_motor_hardware.elf.dir/Drivers/MPU6050_eMPL/inv_mpu.c.obj (__aeabi_ldivmod)
c:/progra~1/gcc-ar~1.10/bin/../lib/gcc/arm-none-eabi/10.3.1/thumb/v7e-m+fp/hard\libgcc.a(_aeabi_uldivmod.o)
                              CMakeFiles/clion_car_motor_hardware.elf.dir/Drivers/STM32F4xx_HAL_Driver/Src/stm32f4xx_hal_rcc.c.obj (__aeabi_uldivmod)
c:/progra~1/gcc-ar~1.10/bin/../lib/gcc/arm-none-eabi/10.3.1/thumb/v7e-m+fp/hard\libgcc.a(_udivmoddi4.o)
                              c:/progra~1/gcc-ar~1.10/bin/../lib/gcc/arm-none-eabi/10.3.1/thumb/v7e-m+fp/hard\libgcc.a(_aeabi_ldivmod.o) (__udivmoddi4)
c:/progra~1/gcc-ar~1.10/bin/../lib/gcc/arm-none-eabi/10.3.1/thumb/v7e-m+fp/hard\libgcc.a(_dvmd_tls.o)
                              c:/progra~1/gcc-ar~1.10/bin/../lib/gcc/arm-none-eabi/10.3.1/thumb/v7e-m+fp/hard\libgcc.a(_aeabi_ldivmod.o) (__aeabi_ldiv0)
c:/progra~1/gcc-ar~1.10/bin/../lib/gcc/arm-none-eabi/10.3.1/../../../../arm-none-eabi/lib/thumb/v7e-m+fp/hard\libg.a(lib_a-errno.o)
                              CMakeFiles/clion_car_motor_hardware.elf.dir/Core/Src/retarget.c.obj (__errno)
c:/progra~1/gcc-ar~1.10/bin/../lib/gcc/arm-none-eabi/10.3.1/../../../../arm-none-eabi/lib/thumb/v7e-m+fp/hard\libg.a(lib_a-exit.o)
                              c:/progra~1/gcc-ar~1.10/bin/../lib/gcc/arm-none-eabi/10.3.1/../../../../arm-none-eabi/lib/thumb/v7e-m+fp/hard/crt0.o (exit)
c:/progra~1/gcc-ar~1.10/bin/../lib/gcc/arm-none-eabi/10.3.1/../../../../arm-none-eabi/lib/thumb/v7e-m+fp/hard\libg.a(lib_a-impure.o)
                              c:/progra~1/gcc-ar~1.10/bin/../lib/gcc/arm-none-eabi/10.3.1/../../../../arm-none-eabi/lib/thumb/v7e-m+fp/hard\libg.a(lib_a-exit.o) (_global_impure_ptr)
c:/progra~1/gcc-ar~1.10/bin/../lib/gcc/arm-none-eabi/10.3.1/../../../../arm-none-eabi/lib/thumb/v7e-m+fp/hard\libg.a(lib_a-init.o)
                              c:/progra~1/gcc-ar~1.10/bin/../lib/gcc/arm-none-eabi/10.3.1/../../../../arm-none-eabi/lib/thumb/v7e-m+fp/hard/crt0.o (__libc_init_array)
c:/progra~1/gcc-ar~1.10/bin/../lib/gcc/arm-none-eabi/10.3.1/../../../../arm-none-eabi/lib/thumb/v7e-m+fp/hard\libg.a(lib_a-memcmp.o)
                              CMakeFiles/clion_car_motor_hardware.elf.dir/Drivers/MPU6050_eMPL/inv_mpu.c.obj (memcmp)
c:/progra~1/gcc-ar~1.10/bin/../lib/gcc/arm-none-eabi/10.3.1/../../../../arm-none-eabi/lib/thumb/v7e-m+fp/hard\libg.a(lib_a-memcpy.o)
                              CMakeFiles/clion_car_motor_hardware.elf.dir/Middlewares/Third_Party/FreeRTOS/Source/queue.c.obj (memcpy)
c:/progra~1/gcc-ar~1.10/bin/../lib/gcc/arm-none-eabi/10.3.1/../../../../arm-none-eabi/lib/thumb/v7e-m+fp/hard\libg.a(lib_a-memset.o)
                              c:/progra~1/gcc-ar~1.10/bin/../lib/gcc/arm-none-eabi/10.3.1/../../../../arm-none-eabi/lib/thumb/v7e-m+fp/hard/crt0.o (memset)
c:/progra~1/gcc-ar~1.10/bin/../lib/gcc/arm-none-eabi/10.3.1/../../../../arm-none-eabi/lib/thumb/v7e-m+fp/hard\libg.a(lib_a-printf.o)
                              CMakeFiles/clion_car_motor_hardware.elf.dir/Core/Src/car_task.c.obj (printf)
c:/progra~1/gcc-ar~1.10/bin/../lib/gcc/arm-none-eabi/10.3.1/../../../../arm-none-eabi/lib/thumb/v7e-m+fp/hard\libg.a(lib_a-puts.o)
                              CMakeFiles/clion_car_motor_hardware.elf.dir/Core/Src/car_task.c.obj (puts)
c:/progra~1/gcc-ar~1.10/bin/../lib/gcc/arm-none-eabi/10.3.1/../../../../arm-none-eabi/lib/thumb/v7e-m+fp/hard\libg.a(lib_a-reent.o)
                              CMakeFiles/clion_car_motor_hardware.elf.dir/Middlewares/Third_Party/FreeRTOS/Source/tasks.c.obj (_reclaim_reent)
c:/progra~1/gcc-ar~1.10/bin/../lib/gcc/arm-none-eabi/10.3.1/../../../../arm-none-eabi/lib/thumb/v7e-m+fp/hard\libg.a(lib_a-setvbuf.o)
[...]
Memory Configuration

Name             Origin             Length             Attributes
CCMRAM           0x10000000         0x00010000         xrw
RAM              0x20000000         0x00020000         xrw
FLASH            0x08000000         0x00100000         xr
*default*        0x00000000         0xffffffff

Linker script and memory map

LOAD c:/progra~1/gcc-ar~1.10/bin/../lib/gcc/arm-none-eabi/10.3.1/thumb/v7e-m+fp/hard/crti.o
LOAD c:/progra~1/gcc-ar~1.10/bin/../lib/gcc/arm-none-eabi/10.3.1/thumb/v7e-m+fp/hard/crtbegin.o
LOAD c:/progra~1/gcc-ar~1.10/bin/../lib/gcc/arm-none-eabi/10.3.1/../../../../arm-none-eabi/lib/thumb/v7e-m+fp/hard/crt0.o
LOAD CMakeFiles/clion_car_motor_hardware.elf.dir/Core/Src/bsp_bldc.c.obj
LOAD CMakeFiles/clion_car_motor_hardware.elf.dir/Core/Src/bsp_hall.c.obj
LOAD CMakeFiles/clion_car_motor_hardware.elf.dir/Core/Src/car_task.c.obj
LOAD CMakeFiles/clion_car_motor_hardware.elf.dir/Core/Src/comminicate.c.obj
LOAD CMakeFiles/clion_car_motor_hardware.elf.dir/Core/Src/contrl.c.obj
LOAD CMakeFiles/clion_car_motor_hardware.elf.dir/Core/Src/delay.c.obj
LOAD CMakeFiles/clion_car_motor_hardware.elf.dir/Core/Src/freertos.c.obj
LOAD CMakeFiles/clion_car_motor_hardware.elf.dir/Core/Src/gpio.c.obj
LOAD CMakeFiles/clion_car_motor_hardware.elf.dir/Core/Src/i2c.c.obj
LOAD CMakeFiles/clion_car_motor_hardware.elf.dir/Core/Src/main.c.obj
LOAD CMakeFiles/clion_car_motor_hardware.elf.dir/Core/Src/mpu6050.c.obj
LOAD CMakeFiles/clion_car_motor_hardware.elf.dir/Core/Src/retarget.c.obj
LOAD CMakeFiles/clion_car_motor_hardware.elf.dir/Core/Src/stm32f4xx_hal_msp.c.obj
LOAD CMakeFiles/clion_car_motor_hardware.elf.dir/Core/Src/stm32f4xx_hal_timebase_tim.c.obj
LOAD CMakeFiles/clion_car_motor_hardware.elf.dir/Core/Src/stm32f4xx_it.c.obj
LOAD CMakeFiles/clion_car_motor_hardware.elf.dir/Core/Src/syscalls.c.obj
LOAD CMakeFiles/clion_car_motor_hardware.elf.dir/Core/Src/sysmem.c.obj
LOAD CMakeFiles/clion_car_motor_hardware.elf.dir/Core/Src/system_stm32f4xx.c.obj
LOAD CMakeFiles/clion_car_motor_hardware.elf.dir/Core/Src/tim.c.obj
LOAD CMakeFiles/clion_car_motor_hardware.elf.dir/Core/Src/usart.c.obj
LOAD CMakeFiles/clion_car_motor_hardware.elf.dir/Core/Startup/startup_stm32f407igtx.s.obj
LOAD CMakeFiles/clion_car_motor_hardware.elf.dir/Drivers/MPU6050_eMPL/inv_mpu.c.obj
LOAD CMakeFiles/clion_car_motor_hardware.elf.dir/Drivers/MPU6050_eMPL/inv_mpu_dmp_motion_driver.c.obj
LOAD CMakeFiles/clion_car_motor_hardware.elf.dir/Drivers/MPU6050_eMPL/inv_mpu_user.c.obj
LOAD CMakeFiles/clion_car_motor_hardware.elf.dir/Drivers/STM32F4xx_HAL_Driver/Src/stm32f4xx_hal.c.obj
LOAD CMakeFiles/clion_car_motor_hardware.elf.dir/Drivers/STM32F4xx_HAL_Driver/Src/stm32f4xx_hal_cortex.c.obj
LOAD CMakeFiles/clion_car_motor_hardware.elf.dir/Drivers/STM32F4xx_HAL_Driver/Src/stm32f4xx_hal_dma.c.obj
LOAD CMakeFiles/clion_car_motor_hardware.elf.dir/Drivers/STM32F4xx_HAL_Driver/Src/stm32f4xx_hal_dma_ex.c.obj
LOAD CMakeFiles/clion_car_motor_hardware.elf.dir/Drivers/STM32F4xx_HAL_Driver/Src/stm32f4xx_hal_exti.c.obj
LOAD CMakeFiles/clion_car_motor_hardware.elf.dir/Drivers/STM32F4xx_HAL_Driver/Src/stm32f4xx_hal_flash.c.obj
LOAD CMakeFiles/clion_car_motor_hardware.elf.dir/Drivers/STM32F4xx_HAL_Driver/Src/stm32f4xx_hal_flash_ex.c.obj
LOAD CMakeFiles/clion_car_motor_hardware.elf.dir/Drivers/STM32F4xx_HAL_Driver/Src/stm32f4xx_hal_flash_ramfunc.c.obj
LOAD CMakeFiles/clion_car_motor_hardware.elf.dir/Drivers/STM32F4xx_HAL_Driver/Src/stm32f4xx_hal_gpio.c.obj
LOAD CMakeFiles/clion_car_motor_hardware.elf.dir/Drivers/STM32F4xx_HAL_Driver/Src/stm32f4xx_hal_pwr.c.obj
LOAD CMakeFiles/clion_car_motor_hardware.elf.dir/Drivers/STM32F4xx_HAL_Driver/Src/stm32f4xx_hal_pwr_ex.c.obj
LOAD CMakeFiles/clion_car_motor_hardware.elf.dir/Drivers/STM32F4xx_HAL_Driver/Src/stm32f4xx_hal_rcc.c.obj
LOAD CMakeFiles/clion_car_motor_hardware.elf.dir/Drivers/STM32F4xx_HAL_Driver/Src/stm32f4xx_hal_rcc_ex.c.obj
LOAD CMakeFiles/clion_car_motor_hardware.elf.dir/Drivers/STM32F4xx_HAL_Driver/Src/stm32f4xx_hal_tim.c.obj
LOAD CMakeFiles/clion_car_motor_hardware.elf.dir/Drivers/STM32F4xx_HAL_Driver/Src/stm32f4xx_hal_tim_ex.c.obj
LOAD CMakeFiles/clion_car_motor_hardware.elf.dir/Drivers/STM32F4xx_HAL_Driver/Src/stm32f4xx_hal_uart.c.obj
LOAD CMakeFiles/clion_car_motor_hardware.elf.dir/Middlewares/Third_Party/FreeRTOS/Source/CMSIS_RTOS/cmsis_os.c.obj
LOAD CMakeFiles/clion_car_motor_hardware.elf.dir/Middlewares/Third_Party/FreeRTOS/Source/croutine.c.obj
LOAD CMakeFiles/clion_car_motor_hardware.elf.dir/Middlewares/Third_Party/FreeRTOS/Source/event_groups.c.obj
LOAD CMakeFiles/clion_car_motor_hardware.elf.dir/Middlewares/Third_Party/FreeRTOS/Source/list.c.obj
LOAD CMakeFiles/clion_car_motor_hardware.elf.dir/Middlewares/Third_Party/FreeRTOS/Source/portable/GCC/ARM_CM4F/port.c.obj
LOAD CMakeFiles/clion_car_motor_hardware.elf.dir/Middlewares/Third_Party/FreeRTOS/Source/portable/MemMang/heap_4.c.obj
LOAD CMakeFiles/clion_car_motor_hardware.elf.dir/Middlewares/Third_Party/FreeRTOS/Source/queue.c.obj
LOAD CMakeFiles/clion_car_motor_hardware.elf.dir/Middlewares/Third_Party/FreeRTOS/Source/stream_buffer.c.obj
LOAD CMakeFiles/clion_car_motor_hardware.elf.dir/Middlewares/Third_Party/FreeRTOS/Source/tasks.c.obj
LOAD CMakeFiles/clion_car_motor_hardware.elf.dir/Middlewares/Third_Party/FreeRTOS/Source/timers.c.obj
START GROUP
LOAD c:/progra~1/gcc-ar~1.10/bin/../lib/gcc/arm-none-eabi/10.3.1/thumb/v7e-m+fp/hard\libgcc.a
LOAD c:/progra~1/gcc-ar~1.10/bin/../lib/gcc/arm-none-eabi/10.3.1/../../../../arm-none-eabi/lib/thumb/v7e-m+fp/hard\libg.a
LOAD c:/progra~1/gcc-ar~1.10/bin/../lib/gcc/arm-none-eabi/10.3.1/../../../../arm-none-eabi/lib/thumb/v7e-m+fp/hard\libc.a
END GROUP
LOAD c:/progra~1/gcc-ar~1.10/bin/../lib/gcc/arm-none-eabi/10.3.1/thumb/v7e-m+fp/hard/crtend.o
LOAD c:/progra~1/gcc-ar~1.10/bin/../lib/gcc/arm-none-eabi/10.3.1/thumb/v7e-m+fp/hard/crtn.o
                0x20020000                _estack = (ORIGIN (RAM) + LENGTH (RAM))
                0x00000200                _Min_Heap_Size = 0x200
                0x00000400                _Min_Stack_Size = 0x400

.isr_vector     0x08000000      0x188
                0x08000000                . = ALIGN (0x4)
 *(.isr_vector)
 .isr_vector    0x08000000      0x188 CMakeFiles/clion_car_motor_hardware.elf.dir/Core/Startup/startup_stm32f407igtx.s.obj
                0x08000000                g_pfnVectors
                0x08000188                . = ALIGN (0x4)

.text           0x080001c0     0xda88
                0x080001c0                . = ALIGN (0x4)
 *(.text)
 .text          0x080001c0       0x40 c:/progra~1/gcc-ar~1.10/bin/../lib/gcc/arm-none-eabi/10.3.1/thumb/v7e-m+fp/hard/crtbegin.o
 .text          0x08000200      0x378 c:/progra~1/gcc-ar~1.10/bin/../lib/gcc/arm-none-eabi/10.3.1/thumb/v7e-m+fp/hard\libgcc.a(_arm_addsubdf3.o)
                0x08000200                __aeabi_drsub
                0x08000208                __aeabi_dsub
                0x08000208                __subdf3
                0x0800020c                __aeabi_dadd
                0x0800020c                __adddf3
                0x08000484                __floatunsidf
                0x08000484                __aeabi_ui2d
                0x080004a4                __floatsidf
                0x080004a4                __aeabi_i2d
                0x080004c8                __aeabi_f2d
                0x080004c8                __extendsfdf2
                0x0800050c                __floatundidf
                0x0800050c                __aeabi_ul2d
                0x0800051c                __floatdidf
                0x0800051c                __aeabi_l2d
 .text          0x08000578      0x424 c:/progra~1/gcc-ar~1.10/bin/../lib/gcc/arm-none-eabi/10.3.1/thumb/v7e-m+fp/hard\libgcc.a(_arm_muldivdf3.o)
                0x08000578                __aeabi_dmul
                0x08000578                __muldf3
                0x080007cc                __divdf3
                0x080007cc                __aeabi_ddiv
 .text          0x0800099c       0xa0 c:/progra~1/gcc-ar~1.10/bin/../lib/gcc/arm-none-eabi/10.3.1/thumb/v7e-m+fp/hard\libgcc.a(_arm_truncdfsf2.o)
                0x0800099c                __truncdfsf2
                0x0800099c                __aeabi_d2f
 .text          0x08000a3c       0x30 c:/progra~1/gcc-ar~1.10/bin/../lib/gcc/arm-none-eabi/10.3.1/thumb/v7e-m+fp/hard\libgcc.a(_aeabi_uldivmod.o)
                0x08000a3c                __aeabi_uldivmod
 .text          0x08000a6c      0x2d0 c:/progra~1/gcc-ar~1.10/bin/../lib/gcc/arm-none-eabi/10.3.1/thumb/v7e-m+fp/hard\libgcc.a(_udivmoddi4.o)
                0x08000a6c                __udivmoddi4
 .text          0x08000d3c        0x4 c:/progra~1/gcc-ar~1.10/bin/../lib/gcc/arm-none-eabi/10.3.1/thumb/v7e-m+fp/hard\libgcc.a(_dvmd_tls.o)
                0x08000d3c                __aeabi_idiv0
                0x08000d3c                __aeabi_ldiv0
 .text          0x08000d40      0x134 c:/progra~1/gcc-ar~1.10/bin/../lib/gcc/arm-none-eabi/10.3.1/../../../../arm-none-eabi/lib/thumb/v7e-m+fp/hard\libg.a(lib_a-memcpy.o)
                0x08000d40                memcpy
 *fill*         0x08000e74        0xc 
 .text          0x08000e80       0xdc c:/progra~1/gcc-ar~1.10/bin/../lib/gcc/arm-none-eabi/10.3.1/../../../../arm-none-eabi/lib/thumb/v7e-m+fp/hard\libg.a(lib_a-strlen.o)
                0x08000e80                strlen
 *fill*         0x08000f5c        0x4 
 .text          0x08000f60       0xa0 c:/progra~1/gcc-ar~1.10/bin/../lib/gcc/arm-none-eabi/10.3.1/../../../../arm-none-eabi/lib/thumb/v7e-m+fp/hard\libg.a(lib_a-memchr.o)
                0x08000f60                memchr
 .text          0x08001000      0x110 c:/progra~1/gcc-ar~1.10/bin/../lib/gcc/arm-none-eabi/10.3.1/thumb/v7e-m+fp/hard\libgcc.a(_arm_cmpdf2.o)
                0x08001000                __gtdf2
                0x08001000                __gedf2
                0x08001008                __ltdf2
                0x08001008                __ledf2
                0x08001010                __nedf2
                0x08001010                __eqdf2
                0x08001010                __cmpdf2
                0x0800108c                __aeabi_cdrcmple
                0x0800109c                __aeabi_cdcmpeq
                0x0800109c                __aeabi_cdcmple
                0x080010ac                __aeabi_dcmpeq
                0x080010c0                __aeabi_dcmplt
                0x080010d4                __aeabi_dcmple
                0x080010e8                __aeabi_dcmpge
                0x080010fc                __aeabi_dcmpgt
 .text          0x08001110       0x2c c:/progra~1/gcc-ar~1.10/bin/../lib/gcc/arm-none-eabi/10.3.1/thumb/v7e-m+fp/hard\libgcc.a(_arm_unorddf2.o)
                0x08001110                __unorddf2
                0x08001110                __aeabi_dcmpun
 .text          0x0800113c       0x50 c:/progra~1/gcc-ar~1.10/bin/../lib/gcc/arm-none-eabi/10.3.1/thumb/v7e-m+fp/hard\libgcc.a(_arm_fixdfsi.o)
                0x0800113c                __aeabi_d2iz
                0x0800113c                __fixdfsi
 *(.text*)
 .text.BLDCMotor_PhaseCtrl
                0x0800118c      0x228 CMakeFiles/clion_car_motor_hardware.elf.dir/Core/Src/bsp_bldc.c.obj
                0x0800118c                BLDCMotor_PhaseCtrl
 .text.HALL_GetPhase
                0x080013b4       0x34 CMakeFiles/clion_car_motor_hardware.elf.dir/Core/Src/bsp_hall.c.obj
                0x080013b4                HALL_GetPhase
 .text.HAL_TIM_IC_CaptureCallback
                0x080013e8       0x58 CMakeFiles/clion_car_motor_hardware.elf.dir/Core/Src/bsp_hall.c.obj
                0x080013e8                HAL_TIM_IC_CaptureCallback
 .text.Car_Task_200HZ
                0x08001440       0x74 CMakeFiles/clion_car_motor_hardware.elf.dir/Core/Src/car_task.c.obj
                0x08001440                Car_Task_200HZ
 .text.Kinematics_Positive
                0x080014b4       0x78 CMakeFiles/clion_car_motor_hardware.elf.dir/Core/Src/comminicate.c.obj
                0x080014b4                Kinematics_Positive
 .text.USART1_SendChar
                0x0800152c       0x14 CMakeFiles/clion_car_motor_hardware.elf.dir/Core/Src/comminicate.c.obj
                0x0800152c                USART1_SendChar
 .text.SendTo_UbuntuPC
                0x08001540       0x68 CMakeFiles/clion_car_motor_hardware.elf.dir/Core/Src/comminicate.c.obj
                0x08001540                SendTo_UbuntuPC
 .text.Read_Encoder
                0x080015a8       0x2c CMakeFiles/clion_car_motor_hardware.elf.dir/Core/Src/contrl.c.obj
                0x080015a8                Read_Encoder
 .text.Robot_Encoder_Get_CNT
                0x080015d4       0x70 CMakeFiles/clion_car_motor_hardware.elf.dir/Core/Src/contrl.c.obj
                0x080015d4                Robot_Encoder_Get_CNT
 .text.delay_us
                0x08001644       0x40 CMakeFiles/clion_car_motor_hardware.elf.dir/Core/Src/delay.c.obj
                0x08001644                delay_us
 .text.delay_ms
                0x08001684       0x18 CMakeFiles/clion_car_motor_hardware.elf.dir/Core/Src/delay.c.obj
                0x08001684                delay_ms
 .text.StartTask_uart2
                0x0800169c        0xc CMakeFiles/clion_car_motor_hardware.elf.dir/Core/Src/freertos.c.obj
                0x0800169c                StartTask_uart2
 .text.StartTask_PID
                0x080016a8       0x20 CMakeFiles/clion_car_motor_hardware.elf.dir/Core/Src/freertos.c.obj
                0x080016a8                StartTask_PID
 .text.StartTask_uart1
                0x080016c8        0xe CMakeFiles/clion_car_motor_hardware.elf.dir/Core/Src/freertos.c.obj
                0x080016c8                StartTask_uart1
 .text.StartTask_IMU
                0x080016d6       0x1a CMakeFiles/clion_car_motor_hardware.elf.dir/Core/Src/freertos.c.obj
                0x080016d6                StartTask_IMU
 .text.vApplicationGetIdleTaskMemory
                0x080016f0       0x18 CMakeFiles/clion_car_motor_hardware.elf.dir/Core/Src/freertos.c.obj
                0x080016f0                vApplicationGetIdleTaskMemory
 .text.MX_FREERTOS_Init
                0x08001708       0xac CMakeFiles/clion_car_motor_hardware.elf.dir/Core/Src/freertos.c.obj
                0x08001708                MX_FREERTOS_Init
 .text.MX_GPIO_Init
                0x080017b4       0xb4 CMakeFiles/clion_car_motor_hardware.elf.dir/Core/Src/gpio.c.obj
                0x080017b4                MX_GPIO_Init
 .text.IIC_Init
                0x08001868       0x94 CMakeFiles/clion_car_motor_hardware.elf.dir/Core/Src/i2c.c.obj
                0x08001868                IIC_Init
 .text.IIC_Start
                0x080018fc       0x48 CMakeFiles/clion_car_motor_hardware.elf.dir/Core/Src/i2c.c.obj
                0x080018fc                IIC_Start
 .text.IIC_Stop
                0x08001944       0x48 CMakeFiles/clion_car_motor_hardware.elf.dir/Core/Src/i2c.c.obj
                0x08001944                IIC_Stop
 .text.IIC_Wait_Ack
                0x0800198c       0x5c CMakeFiles/clion_car_motor_hardware.elf.dir/Core/Src/i2c.c.obj
                0x0800198c                IIC_Wait_Ack
 .text.IIC_Ack  0x080019e8       0x48 CMakeFiles/clion_car_motor_hardware.elf.dir/Core/Src/i2c.c.obj
                0x080019e8                IIC_Ack
 .text.IIC_NAck
                0x08001a30       0x48 CMakeFiles/clion_car_motor_hardware.elf.dir/Core/Src/i2c.c.obj
                0x08001a30                IIC_NAck
 .text.IIC_Send_Byte
                0x08001a78       0x64 CMakeFiles/clion_car_motor_hardware.elf.dir/Core/Src/i2c.c.obj
                0x08001a78                IIC_Send_Byte
 .text.IIC_Read_Byte
                0x08001adc       0x6c CMakeFiles/clion_car_motor_hardware.elf.dir/Core/Src/i2c.c.obj
                0x08001adc                IIC_Read_Byte
 .text.HAL_TIM_PeriodElapsedCallback
                0x08001b48       0x18 CMakeFiles/clion_car_motor_hardware.elf.dir/Core/Src/main.c.obj
                0x08001b48                HAL_TIM_PeriodElapsedCallback
 .text.Error_Handler
                0x08001b60        0x4 CMakeFiles/clion_car_motor_hardware.elf.dir/Core/Src/main.c.obj
                0x08001b60                Error_Handler
 .text.SystemClock_Config
                0x08001b64       0xac CMakeFiles/clion_car_motor_hardware.elf.dir/Core/Src/main.c.obj
                0x08001b64                SystemClock_Config
 .text.main     0x08001c10       0x44 CMakeFiles/clion_car_motor_hardware.elf.dir/Core/Src/main.c.obj
                0x08001c10                main
 .text.MPU_Write_Len
                0x08001c54       0x62 CMakeFiles/clion_car_motor_hardware.elf.dir/Core/Src/mpu6050.c.obj
                0x08001c54                MPU_Write_Len
 .text.MPU_Read_Len
                0x08001cb6       0x6c CMakeFiles/clion_car_motor_hardware.elf.dir/Core/Src/mpu6050.c.obj
                0x08001cb6                MPU_Read_Len
 .text.MPU_Get_Accelerometer
                0x08001d22       0x46 CMakeFiles/clion_car_motor_hardware.elf.dir/Core/Src/mpu6050.c.obj
                0x08001d22                MPU_Get_Accelerometer
 .text.MPU_Write_Byte
                0x08001d68       0x46 CMakeFiles/clion_car_motor_hardware.elf.dir/Core/Src/mpu6050.c.obj
                0x08001d68                MPU_Write_Byte
 .text.MPU_Set_Gyro_Fsr
                0x08001dae       0x10 CMakeFiles/clion_car_motor_hardware.elf.dir/Core/Src/mpu6050.c.obj
                0x08001dae                MPU_Set_Gyro_Fsr
 .text.MPU_Set_Accel_Fsr
                0x08001dbe       0x10 CMakeFiles/clion_car_motor_hardware.elf.dir/Core/Src/mpu6050.c.obj
                0x08001dbe                MPU_Set_Accel_Fsr
 .text.MPU_Set_LPF
                0x08001dce       0x34 CMakeFiles/clion_car_motor_hardware.elf.dir/Core/Src/mpu6050.c.obj
                0x08001dce                MPU_Set_LPF
 .text.MPU_Set_Rate
                0x08001e02       0x32 CMakeFiles/clion_car_motor_hardware.elf.dir/Core/Src/mpu6050.c.obj
                0x08001e02                MPU_Set_Rate
 .text.MPU_Read_Byte
                0x08001e34       0x3a CMakeFiles/clion_car_motor_hardware.elf.dir/Core/Src/mpu6050.c.obj
                0x08001e34                MPU_Read_Byte
 .text.MPU_Init
                0x08001e6e       0x76 CMakeFiles/clion_car_motor_hardware.elf.dir/Core/Src/mpu6050.c.obj
                0x08001e6e                MPU_Init
 .text._isatty  0x08001ee4       0x16 CMakeFiles/clion_car_motor_hardware.elf.dir/Core/Src/retarget.c.obj
                0x08001ee4                _isatty
 *fill*         0x08001efa        0x2 
 .text._write   0x08001efc       0x34 CMakeFiles/clion_car_motor_hardware.elf.dir/Core/Src/retarget.c.obj
                0x08001efc                _write
 .text._close   0x08001f30       0x18 CMakeFiles/clion_car_motor_hardware.elf.dir/Core/Src/retarget.c.obj
                0x08001f30                _close
 .text._lseek   0x08001f48       0x10 CMakeFiles/clion_car_motor_hardware.elf.dir/Core/Src/retarget.c.obj
                0x08001f48                _lseek
 .text._read    0x08001f58       0x30 CMakeFiles/clion_car_motor_hardware.elf.dir/Core/Src/retarget.c.obj
                0x08001f58                _read
 .text._fstat   0x08001f88       0x1a CMakeFiles/clion_car_motor_hardware.elf.dir/Core/Src/retarget.c.obj
                0x08001f88                _fstat
 *fill*         0x08001fa2        0x2 
 .text.HAL_MspInit
                0x08001fa4       0x44 CMakeFiles/clion_car_motor_hardware.elf.dir/Core/Src/stm32f4xx_hal_msp.c.obj
                0x08001fa4                HAL_MspInit
 .text.HAL_InitTick
                0x08001fe8       0xa4 CMakeFiles/clion_car_motor_hardware.elf.dir/Core/Src/stm32f4xx_hal_timebase_tim.c.obj
                0x08001fe8                HAL_InitTick
 .text.NMI_Handler
                0x0800208c        0x2 CMakeFiles/clion_car_motor_hardware.elf.dir/Core/Src/stm32f4xx_it.c.obj
                0x0800208c                NMI_Handler
 .text.HardFault_Handler
                0x0800208e        0x2 CMakeFiles/clion_car_motor_hardware.elf.dir/Core/Src/stm32f4xx_it.c.obj
                0x0800208e                HardFault_Handler
 .text.MemManage_Handler
                0x08002090        0x2 CMakeFiles/clion_car_motor_hardware.elf.dir/Core/Src/stm32f4xx_it.c.obj
                0x08002090                MemManage_Handler
 .text.BusFault_Handler
                0x08002092        0x2 CMakeFiles/clion_car_motor_hardware.elf.dir/Core/Src/stm32f4xx_it.c.obj
                0x08002092                BusFault_Handler
 .text.UsageFault_Handler
                0x08002094        0x2 CMakeFiles/clion_car_motor_hardware.elf.dir/Core/Src/stm32f4xx_it.c.obj
                0x08002094                UsageFault_Handler
 .text.DebugMon_Handler
                0x08002096        0x2 CMakeFiles/clion_car_motor_hardware.elf.dir/Core/Src/stm32f4xx_it.c.obj
                0x08002096                DebugMon_Handler
 .text.TIM4_IRQHandler
                0x08002098       0x10 CMakeFiles/clion_car_motor_hardware.elf.dir/Core/Src/stm32f4xx_it.c.obj
                0x08002098                TIM4_IRQHandler
 .text.USART1_IRQHandler
                0x080020a8       0x20 CMakeFiles/clion_car_motor_hardware.elf.dir/Core/Src/stm32f4xx_it.c.obj
                0x080020a8                USART1_IRQHandler
 .text.USART2_IRQHandler
                0x080020c8       0x10 CMakeFiles/clion_car_motor_hardware.elf.dir/Core/Src/stm32f4xx_it.c.obj
                0x080020c8                USART2_IRQHandler
 .text.TIM5_IRQHandler
                0x080020d8       0x10 CMakeFiles/clion_car_motor_hardware.elf.dir/Core/Src/stm32f4xx_it.c.obj
                0x080020d8                TIM5_IRQHandler
 .text.TIM6_DAC_IRQHandler
                0x080020e8       0x10 CMakeFiles/clion_car_motor_hardware.elf.dir/Core/Src/stm32f4xx_it.c.obj
                0x080020e8                TIM6_DAC_IRQHandler
 .text.HAL_UART_RxCpltCallback
                0x080020f8       0x8c CMakeFiles/clion_car_motor_hardware.elf.dir/Core/Src/stm32f4xx_it.c.obj
                0x080020f8                HAL_UART_RxCpltCallback
 .text._getpid  0x08002184        0x4 CMakeFiles/clion_car_motor_hardware.elf.dir/Core/Src/syscalls.c.obj
                0x08002184                _getpid
 .text._kill    0x08002188       0x10 CMakeFiles/clion_car_motor_hardware.elf.dir/Core/Src/syscalls.c.obj
                0x08002188                _kill
 .text._exit    0x08002198        0xc CMakeFiles/clion_car_motor_hardware.elf.dir/Core/Src/syscalls.c.obj
                0x08002198                _exit
 .text._sbrk    0x080021a4       0x48 CMakeFiles/clion_car_motor_hardware.elf.dir/Core/Src/sysmem.c.obj
                0x080021a4                _sbrk
 .text.SystemInit
                0x080021ec       0x14 CMakeFiles/clion_car_motor_hardware.elf.dir/Core/Src/system_stm32f4xx.c.obj
                0x080021ec                SystemInit
 .text.MX_TIM4_Init
                0x08002200       0x5c CMakeFiles/clion_car_motor_hardware.elf.dir/Core/Src/tim.c.obj
                0x08002200                MX_TIM4_Init
 .text.MX_TIM5_Init
                0x0800225c       0x5c CMakeFiles/clion_car_motor_hardware.elf.dir/Core/Src/tim.c.obj
                0x0800225c                MX_TIM5_Init
 .text.HAL_TIM_PWM_MspInit
                0x080022b8       0x30 CMakeFiles/clion_car_motor_hardware.elf.dir/Core/Src/tim.c.obj
                0x080022b8                HAL_TIM_PWM_MspInit
 .text.HAL_TIMEx_HallSensor_MspInit
                0x080022e8      0x108 CMakeFiles/clion_car_motor_hardware.elf.dir/Core/Src/tim.c.obj
                0x080022e8                HAL_TIMEx_HallSensor_MspInit
 .text.HAL_TIM_MspPostInit
                0x080023f0       0x58 CMakeFiles/clion_car_motor_hardware.elf.dir/Core/Src/tim.c.obj
                0x080023f0                HAL_TIM_MspPostInit
 .text.MX_TIM3_Init
                0x08002448       0x94 CMakeFiles/clion_car_motor_hardware.elf.dir/Core/Src/tim.c.obj
                0x08002448                MX_TIM3_Init
 .text.MX_USART1_UART_Init
                0x080024dc       0x34 CMakeFiles/clion_car_motor_hardware.elf.dir/Core/Src/usart.c.obj
                0x080024dc                MX_USART1_UART_Init
 .text.MX_USART2_UART_Init
                0x08002510       0x34 CMakeFiles/clion_car_motor_hardware.elf.dir/Core/Src/usart.c.obj
                0x08002510                MX_USART2_UART_Init
 .text.HAL_UART_MspInit
                0x08002544       0xec CMakeFiles/clion_car_motor_hardware.elf.dir/Core/Src/usart.c.obj
                0x08002544                HAL_UART_MspInit
 .text.Reset_Handler
                0x08002630       0x50 CMakeFiles/clion_car_motor_hardware.elf.dir/Core/Startup/startup_stm32f407igtx.s.obj
                0x08002630                Reset_Handler
 .text.Default_Handler
                0x08002680        0x2 CMakeFiles/clion_car_motor_hardware.elf.dir/Core/Startup/startup_stm32f407igtx.s.obj
                0x08002680                RTC_Alarm_IRQHandler
                0x08002680                HASH_RNG_IRQHandler
                0x08002680                EXTI2_IRQHandler
                0x08002680                TIM8_CC_IRQHandler
                0x08002680                TIM1_CC_IRQHandler
                0x08002680                DMA2_Stream5_IRQHandler
                0x08002680                DMA1_Stream5_IRQHandler
                0x08002680                PVD_IRQHandler
                0x08002680                SDIO_IRQHandler
                0x08002680                TAMP_STAMP_IRQHandler
                0x08002680                CAN2_RX1_IRQHandler
                0x08002680                EXTI3_IRQHandler
                0x08002680                TIM8_TRG_COM_TIM14_IRQHandler
                0x08002680                TIM1_UP_TIM10_IRQHandler
                0x08002680                TIM8_UP_TIM13_IRQHandler
                0x08002680                I2C3_ER_IRQHandler
                0x08002680                EXTI0_IRQHandler
                0x08002680                I2C2_EV_IRQHandler
                0x08002680                DMA1_Stream2_IRQHandler
                0x08002680                CAN1_RX0_IRQHandler
                0x08002680                FPU_IRQHandler
                0x08002680                OTG_HS_WKUP_IRQHandler
                0x08002680                CAN2_SCE_IRQHandler
                0x08002680                DMA2_Stream2_IRQHandler
                0x08002680                SPI1_IRQHandler
                0x08002680                TIM1_BRK_TIM9_IRQHandler
                0x08002680                DCMI_IRQHandler
                0x08002680                CAN2_RX0_IRQHandler
                0x08002680                DMA2_Stream3_IRQHandler
                0x08002680                USART6_IRQHandler
                0x08002680                USART3_IRQHandler
                0x08002680                CAN1_RX1_IRQHandler
                0x08002680                UART5_IRQHandler
                0x08002680                DMA2_Stream0_IRQHandler
                0x08002680                I2C1_EV_IRQHandler
                0x08002680                DMA1_Stream6_IRQHandler
                0x08002680                DMA1_Stream1_IRQHandler
                0x08002680                UART4_IRQHandler
                0x08002680                TIM3_IRQHandler
                0x08002680                RCC_IRQHandler
                0x08002680                TIM8_BRK_TIM12_IRQHandler
                0x08002680                Default_Handler
                0x08002680                EXTI15_10_IRQHandler
                0x08002680                ADC_IRQHandler
                0x08002680                DMA1_Stream7_IRQHandler
                0x08002680                TIM7_IRQHandler
                0x08002680                CAN2_TX_IRQHandler
                0x08002680                DMA2_Stream7_IRQHandler
                0x08002680                I2C3_EV_IRQHandler
                0x08002680                EXTI9_5_IRQHandler
                0x08002680                RTC_WKUP_IRQHandler
                0x08002680                ETH_WKUP_IRQHandler
                0x08002680                SPI2_IRQHandler
                0x08002680                OTG_HS_EP1_IN_IRQHandler
                0x08002680                DMA1_Stream0_IRQHandler
                0x08002680                CAN1_TX_IRQHandler
                0x08002680                EXTI4_IRQHandler
                0x08002680                FSMC_IRQHandler
                0x08002680                ETH_IRQHandler
                0x08002680                OTG_HS_EP1_OUT_IRQHandler
                0x08002680                WWDG_IRQHandler
                0x08002680                TIM2_IRQHandler
                0x08002680                OTG_FS_WKUP_IRQHandler
                0x08002680                TIM1_TRG_COM_TIM11_IRQHandler
                0x08002680                OTG_HS_IRQHandler
                0x08002680                EXTI1_IRQHandler
                0x08002680                I2C2_ER_IRQHandler
                0x08002680                DMA2_Stream1_IRQHandler
                0x08002680                CAN1_SCE_IRQHandler
                0x08002680                FLASH_IRQHandler
                0x08002680                DMA2_Stream4_IRQHandler
                0x08002680                OTG_FS_IRQHandler
                0x08002680                SPI3_IRQHandler
                0x08002680                DMA1_Stream4_IRQHandler
                0x08002680                I2C1_ER_IRQHandler
                0x08002680                DMA2_Stream6_IRQHandler
                0x08002680                DMA1_Stream3_IRQHandler
 *fill*         0x08002682        0x2 
 .text.set_int_enable
                0x08002684       0x98 CMakeFiles/clion_car_motor_hardware.elf.dir/Drivers/MPU6050_eMPL/inv_mpu.c.obj
 .text.mpu_reset_fifo
                0x0800271c      0x1f8 CMakeFiles/clion_car_motor_hardware.elf.dir/Drivers/MPU6050_eMPL/inv_mpu.c.obj
                0x0800271c                mpu_reset_fifo
 .text.mpu_set_gyro_fsr
                0x08002914       0x98 CMakeFiles/clion_car_motor_hardware.elf.dir/Drivers/MPU6050_eMPL/inv_mpu.c.obj
                0x08002914                mpu_set_gyro_fsr
 .text.mpu_get_accel_fsr
                0x080029ac       0x44 CMakeFiles/clion_car_motor_hardware.elf.dir/Drivers/MPU6050_eMPL/inv_mpu.c.obj
                0x080029ac                mpu_get_accel_fsr
 .text.mpu_set_accel_fsr
                0x080029f0       0x94 CMakeFiles/clion_car_motor_hardware.elf.dir/Drivers/MPU6050_eMPL/inv_mpu.c.obj
                0x080029f0                mpu_set_accel_fsr
 .text.mpu_set_lpf
                0x08002a84       0x94 CMakeFiles/clion_car_motor_hardware.elf.dir/Drivers/MPU6050_eMPL/inv_mpu.c.obj
                0x08002a84                mpu_set_lpf
 .text.mpu_configure_fifo
                0x08002b18       0x64 CMakeFiles/clion_car_motor_hardware.elf.dir/Drivers/MPU6050_eMPL/inv_mpu.c.obj
                0x08002b18                mpu_configure_fifo
 .text.mpu_read_fifo_stream
                0x08002b7c       0xc0 CMakeFiles/clion_car_motor_hardware.elf.dir/Drivers/MPU6050_eMPL/inv_mpu.c.obj
                0x08002b7c                mpu_read_fifo_stream
 .text.mpu_set_bypass
                0x08002c3c      0x168 CMakeFiles/clion_car_motor_hardware.elf.dir/Drivers/MPU6050_eMPL/inv_mpu.c.obj
                0x08002c3c                mpu_set_bypass
 .text.mpu_set_int_latched
                0x08002da4       0x74 CMakeFiles/clion_car_motor_hardware.elf.dir/Drivers/MPU6050_eMPL/inv_mpu.c.obj
                0x08002da4                mpu_set_int_latched
 .text.mpu_lp_accel_mode
                0x08002e18       0xdc CMakeFiles/clion_car_motor_hardware.elf.dir/Drivers/MPU6050_eMPL/inv_mpu.c.obj
                0x08002e18                mpu_lp_accel_mode
 .text.mpu_set_sample_rate
                0x08002ef4       0xa0 CMakeFiles/clion_car_motor_hardware.elf.dir/Drivers/MPU6050_eMPL/inv_mpu.c.obj
                0x08002ef4                mpu_set_sample_rate
 .text.mpu_set_sensors
                0x08002f94       0xe4 CMakeFiles/clion_car_motor_hardware.elf.dir/Drivers/MPU6050_eMPL/inv_mpu.c.obj
                0x08002f94                mpu_set_sensors
 .text.mpu_init
                0x08003078      0x1b8 CMakeFiles/clion_car_motor_hardware.elf.dir/Drivers/MPU6050_eMPL/inv_mpu.c.obj
                0x08003078                mpu_init
 .text.mpu_write_mem
                0x08003230       0x74 CMakeFiles/clion_car_motor_hardware.elf.dir/Drivers/MPU6050_eMPL/inv_mpu.c.obj
                0x08003230                mpu_write_mem
 .text.mpu_read_mem
                0x080032a4       0x74 CMakeFiles/clion_car_motor_hardware.elf.dir/Drivers/MPU6050_eMPL/inv_mpu.c.obj
                0x080032a4                mpu_read_mem
 .text.mpu_load_firmware
                0x08003318       0xb4 CMakeFiles/clion_car_motor_hardware.elf.dir/Drivers/MPU6050_eMPL/inv_mpu.c.obj
                0x08003318                mpu_load_firmware
 .text.mpu_set_dmp_state
                0x080033cc       0x94 CMakeFiles/clion_car_motor_hardware.elf.dir/Drivers/MPU6050_eMPL/inv_mpu.c.obj
                0x080033cc                mpu_set_dmp_state
 .text.mget_ms  0x08003460        0x2 CMakeFiles/clion_car_motor_hardware.elf.dir/Drivers/MPU6050_eMPL/inv_mpu.c.obj
                0x08003460                mget_ms
 *fill*         0x08003462        0x2 
 .text.decode_gesture
                0x08003464       0x3c CMakeFiles/clion_car_motor_hardware.elf.dir/Drivers/MPU6050_eMPL/inv_mpu_dmp_motion_driver.c.obj
 .text.dmp_load_motion_driver_firmware
                0x080034a0       0x18 CMakeFiles/clion_car_motor_hardware.elf.dir/Drivers/MPU6050_eMPL/inv_mpu_dmp_motion_driver.c.obj
                0x080034a0                dmp_load_motion_driver_firmware
 .text.dmp_set_orientation
                0x080034b8      0x14c CMakeFiles/clion_car_motor_hardware.elf.dir/Drivers/MPU6050_eMPL/inv_mpu_dmp_motion_driver.c.obj
                0x080034b8                dmp_set_orientation
 .text.dmp_set_fifo_rate
                0x08003604       0x68 CMakeFiles/clion_car_motor_hardware.elf.dir/Drivers/MPU6050_eMPL/inv_mpu_dmp_motion_driver.c.obj
                0x08003604                dmp_set_fifo_rate
 .text.dmp_set_tap_thresh
                0x0800366c      0x1d4 CMakeFiles/clion_car_motor_hardware.elf.dir/Drivers/MPU6050_eMPL/inv_mpu_dmp_motion_driver.c.obj
                0x0800366c                dmp_set_tap_thresh
 .text.dmp_set_tap_axes
                0x08003840       0x4e CMakeFiles/clion_car_motor_hardware.elf.dir/Drivers/MPU6050_eMPL/inv_mpu_dmp_motion_driver.c.obj
                0x08003840                dmp_set_tap_axes
 .text.dmp_set_tap_count
                0x0800388e       0x2c CMakeFiles/clion_car_motor_hardware.elf.dir/Drivers/MPU6050_eMPL/inv_mpu_dmp_motion_driver.c.obj
                0x0800388e                dmp_set_tap_count
 *fill*         0x080038ba        0x2 
 .text.dmp_set_tap_time
                0x080038bc       0x30 CMakeFiles/clion_car_motor_hardware.elf.dir/Drivers/MPU6050_eMPL/inv_mpu_dmp_motion_driver.c.obj
                0x080038bc                dmp_set_tap_time
 .text.dmp_set_tap_time_multi
                0x080038ec       0x30 CMakeFiles/clion_car_motor_hardware.elf.dir/Drivers/MPU6050_eMPL/inv_mpu_dmp_motion_driver.c.obj
                0x080038ec                dmp_set_tap_time_multi
 .text.dmp_set_shake_reject_thresh
                0x0800391c       0x44 CMakeFiles/clion_car_motor_hardware.elf.dir/Drivers/MPU6050_eMPL/inv_mpu_dmp_motion_driver.c.obj
                0x0800391c                dmp_set_shake_reject_thresh
 .text.dmp_set_shake_reject_time
                0x08003960       0x2c CMakeFiles/clion_car_motor_hardware.elf.dir/Drivers/MPU6050_eMPL/inv_mpu_dmp_motion_driver.c.obj
                0x08003960                dmp_set_shake_reject_time
 .text.dmp_set_shake_reject_timeout
                0x0800398c       0x2c CMakeFiles/clion_car_motor_hardware.elf.dir/Drivers/MPU6050_eMPL/inv_mpu_dmp_motion_driver.c.obj
                0x0800398c                dmp_set_shake_reject_timeout
 .text.dmp_enable_gyro_cal
                0x080039b8       0x44 CMakeFiles/clion_car_motor_hardware.elf.dir/Drivers/MPU6050_eMPL/inv_mpu_dmp_motion_driver.c.obj
                0x080039b8                dmp_enable_gyro_cal
 .text.dmp_enable_lp_quat
                0x080039fc       0x3c CMakeFiles/clion_car_motor_hardware.elf.dir/Drivers/MPU6050_eMPL/inv_mpu_dmp_motion_driver.c.obj
                0x080039fc                dmp_enable_lp_quat
 .text.dmp_enable_6x_lp_quat
                0x08003a38       0x3c CMakeFiles/clion_car_motor_hardware.elf.dir/Drivers/MPU6050_eMPL/inv_mpu_dmp_motion_driver.c.obj
                0x08003a38                dmp_enable_6x_lp_quat
 .text.dmp_enable_feature
                0x08003a74      0x218 CMakeFiles/clion_car_motor_hardware.elf.dir/Drivers/MPU6050_eMPL/inv_mpu_dmp_motion_driver.c.obj
                0x08003a74                dmp_enable_feature
 .text.dmp_read_fifo
                0x08003c8c      0x1f4 CMakeFiles/clion_car_motor_hardware.elf.dir/Drivers/MPU6050_eMPL/inv_mpu_dmp_motion_driver.c.obj
                0x08003c8c                dmp_read_fifo
 .text.inv_row_2_scale
                0x08003e80       0x3a CMakeFiles/clion_car_motor_hardware.elf.dir/Drivers/MPU6050_eMPL/inv_mpu_user.c.obj
                0x08003e80                inv_row_2_scale
 .text.inv_orientation_matrix_to_scalar
                0x08003eba       0x24 CMakeFiles/clion_car_motor_hardware.elf.dir/Drivers/MPU6050_eMPL/inv_mpu_user.c.obj
                0x08003eba                inv_orientation_matrix_to_scalar
 *fill*         0x08003ede        0x2 
 .text.mpu_dmp_init
                0x08003ee0       0xa4 CMakeFiles/clion_car_motor_hardware.elf.dir/Drivers/MPU6050_eMPL/inv_mpu_user.c.obj
                0x08003ee0                mpu_dmp_init
 *fill*         0x08003f84        0x4 
 .text.mpu_dmp_get_data
                0x08003f88      0x1cc CMakeFiles/clion_car_motor_hardware.elf.dir/Drivers/MPU6050_eMPL/inv_mpu_user.c.obj
                0x08003f88                mpu_dmp_get_data
 .text.HAL_Init
                0x08004154       0x34 CMakeFiles/clion_car_motor_hardware.elf.dir/Drivers/STM32F4xx_HAL_Driver/Src/stm32f4xx_hal.c.obj
                0x08004154                HAL_Init
 .text.HAL_IncTick
                0x08004188       0x18 CMakeFiles/clion_car_motor_hardware.elf.dir/Drivers/STM32F4xx_HAL_Driver/Src/stm32f4xx_hal.c.obj
                0x08004188                HAL_IncTick
 .text.HAL_GetTick
                0x080041a0        0xc CMakeFiles/clion_car_motor_hardware.elf.dir/Drivers/STM32F4xx_HAL_Driver/Src/stm32f4xx_hal.c.obj
                0x080041a0                HAL_GetTick
 .text.HAL_NVIC_SetPriorityGrouping
                0x080041ac       0x24 CMakeFiles/clion_car_motor_hardware.elf.dir/Drivers/STM32F4xx_HAL_Driver/Src/stm32f4xx_hal_cortex.c.obj
                0x080041ac                HAL_NVIC_SetPriorityGrouping
 .text.HAL_NVIC_SetPriority
                0x080041d0       0x70 CMakeFiles/clion_car_motor_hardware.elf.dir/Drivers/STM32F4xx_HAL_Driver/Src/stm32f4xx_hal_cortex.c.obj
                0x080041d0                HAL_NVIC_SetPriority
 .text.HAL_NVIC_EnableIRQ
                0x08004240       0x1c CMakeFiles/clion_car_motor_hardware.elf.dir/Drivers/STM32F4xx_HAL_Driver/Src/stm32f4xx_hal_cortex.c.obj
                0x08004240                HAL_NVIC_EnableIRQ
 .text.HAL_DMA_Abort
                0x0800425c       0x94 CMakeFiles/clion_car_motor_hardware.elf.dir/Drivers/STM32F4xx_HAL_Driver/Src/stm32f4xx_hal_dma.c.obj
                0x0800425c                HAL_DMA_Abort
 .text.HAL_DMA_Abort_IT
                0x080042f0       0x26 CMakeFiles/clion_car_motor_hardware.elf.dir/Drivers/STM32F4xx_HAL_Driver/Src/stm32f4xx_hal_dma.c.obj
                0x080042f0                HAL_DMA_Abort_IT
 *fill*         0x08004316        0x2 
 .text.HAL_GPIO_Init
                0x08004318      0x1e4 CMakeFiles/clion_car_motor_hardware.elf.dir/Drivers/STM32F4xx_HAL_Driver/Src/stm32f4xx_hal_gpio.c.obj
                0x08004318                HAL_GPIO_Init
 .text.HAL_GPIO_ReadPin
                0x080044fc        0xe CMakeFiles/clion_car_motor_hardware.elf.dir/Drivers/STM32F4xx_HAL_Driver/Src/stm32f4xx_hal_gpio.c.obj
                0x080044fc                HAL_GPIO_ReadPin
 .text.HAL_GPIO_WritePin
                0x0800450a        0xc CMakeFiles/clion_car_motor_hardware.elf.dir/Drivers/STM32F4xx_HAL_Driver/Src/stm32f4xx_hal_gpio.c.obj
                0x0800450a                HAL_GPIO_WritePin
 *fill*         0x08004516        0x2 
 .text.HAL_RCC_OscConfig
                0x08004518      0x3f8 CMakeFiles/clion_car_motor_hardware.elf.dir/Drivers/STM32F4xx_HAL_Driver/Src/stm32f4xx_hal_rcc.c.obj
                0x08004518                HAL_RCC_OscConfig
 .text.HAL_RCC_GetSysClockFreq
                0x08004910       0xd4 CMakeFiles/clion_car_motor_hardware.elf.dir/Drivers/STM32F4xx_HAL_Driver/Src/stm32f4xx_hal_rcc.c.obj
                0x08004910                HAL_RCC_GetSysClockFreq
 .text.HAL_RCC_ClockConfig
                0x080049e4      0x160 CMakeFiles/clion_car_motor_hardware.elf.dir/Drivers/STM32F4xx_HAL_Driver/Src/stm32f4xx_hal_rcc.c.obj
                0x080049e4                HAL_RCC_ClockConfig
 .text.HAL_RCC_GetHCLKFreq
                0x08004b44        0xc CMakeFiles/clion_car_motor_hardware.elf.dir/Drivers/STM32F4xx_HAL_Driver/Src/stm32f4xx_hal_rcc.c.obj
                0x08004b44                HAL_RCC_GetHCLKFreq
 .text.HAL_RCC_GetPCLK1Freq
                0x08004b50       0x20 CMakeFiles/clion_car_motor_hardware.elf.dir/Drivers/STM32F4xx_HAL_Driver/Src/stm32f4xx_hal_rcc.c.obj
                0x08004b50                HAL_RCC_GetPCLK1Freq
 .text.HAL_RCC_GetPCLK2Freq
                0x08004b70       0x20 CMakeFiles/clion_car_motor_hardware.elf.dir/Drivers/STM32F4xx_HAL_Driver/Src/stm32f4xx_hal_rcc.c.obj
                0x08004b70                HAL_RCC_GetPCLK2Freq
 .text.HAL_RCC_GetClockConfig
                0x08004b90       0x3c CMakeFiles/clion_car_motor_hardware.elf.dir/Drivers/STM32F4xx_HAL_Driver/Src/stm32f4xx_hal_rcc.c.obj
                0x08004b90                HAL_RCC_GetClockConfig
 .text.TIM_OC1_SetConfig
                0x08004bcc       0x68 CMakeFiles/clion_car_motor_hardware.elf.dir/Drivers/STM32F4xx_HAL_Driver/Src/stm32f4xx_hal_tim.c.obj
 .text.TIM_OC3_SetConfig
                0x08004c34       0x70 CMakeFiles/clion_car_motor_hardware.elf.dir/Drivers/STM32F4xx_HAL_Driver/Src/stm32f4xx_hal_tim.c.obj
 .text.TIM_OC4_SetConfig
                0x08004ca4       0x50 CMakeFiles/clion_car_motor_hardware.elf.dir/Drivers/STM32F4xx_HAL_Driver/Src/stm32f4xx_hal_tim.c.obj
 .text.HAL_TIM_Base_MspInit
                0x08004cf4        0x2 CMakeFiles/clion_car_motor_hardware.elf.dir/Drivers/STM32F4xx_HAL_Driver/Src/stm32f4xx_hal_tim.c.obj
                0x08004cf4                HAL_TIM_Base_MspInit
 *fill*         0x08004cf6        0x2 
 .text.HAL_TIM_Base_Start_IT
                0x08004cf8       0x88 CMakeFiles/clion_car_motor_hardware.elf.dir/Drivers/STM32F4xx_HAL_Driver/Src/stm32f4xx_hal_tim.c.obj
                0x08004cf8                HAL_TIM_Base_Start_IT
 .text.HAL_TIM_OC_DelayElapsedCallback
                0x08004d80        0x2 CMakeFiles/clion_car_motor_hardware.elf.dir/Drivers/STM32F4xx_HAL_Driver/Src/stm32f4xx_hal_tim.c.obj
                0x08004d80                HAL_TIM_OC_DelayElapsedCallback
 .text.HAL_TIM_PWM_PulseFinishedCallback
                0x08004d82        0x2 CMakeFiles/clion_car_motor_hardware.elf.dir/Drivers/STM32F4xx_HAL_Driver/Src/stm32f4xx_hal_tim.c.obj
                0x08004d82                HAL_TIM_PWM_PulseFinishedCallback
 .text.HAL_TIM_TriggerCallback
                0x08004d84        0x2 CMakeFiles/clion_car_motor_hardware.elf.dir/Drivers/STM32F4xx_HAL_Driver/Src/stm32f4xx_hal_tim.c.obj
                0x08004d84                HAL_TIM_TriggerCallback
 .text.HAL_TIM_IRQHandler
                0x08004d86      0x17a CMakeFiles/clion_car_motor_hardware.elf.dir/Drivers/STM32F4xx_HAL_Driver/Src/stm32f4xx_hal_tim.c.obj
                0x08004d86                HAL_TIM_IRQHandler
 .text.TIM_Base_SetConfig
                0x08004f00       0xc8 CMakeFiles/clion_car_motor_hardware.elf.dir/Drivers/STM32F4xx_HAL_Driver/Src/stm32f4xx_hal_tim.c.obj
                0x08004f00                TIM_Base_SetConfig
 .text.HAL_TIM_Base_Init
                0x08004fc8       0x58 CMakeFiles/clion_car_motor_hardware.elf.dir/Drivers/STM32F4xx_HAL_Driver/Src/stm32f4xx_hal_tim.c.obj
                0x08004fc8                HAL_TIM_Base_Init
 .text.HAL_TIM_PWM_Init
                0x08005020       0x58 CMakeFiles/clion_car_motor_hardware.elf.dir/Drivers/STM32F4xx_HAL_Driver/Src/stm32f4xx_hal_tim.c.obj
                0x08005020                HAL_TIM_PWM_Init
 .text.TIM_OC2_SetConfig
                0x08005078       0x70 CMakeFiles/clion_car_motor_hardware.elf.dir/Drivers/STM32F4xx_HAL_Driver/Src/stm32f4xx_hal_tim.c.obj
                0x08005078                TIM_OC2_SetConfig
 .text.HAL_TIM_PWM_ConfigChannel
                0x080050e8       0xdc CMakeFiles/clion_car_motor_hardware.elf.dir/Drivers/STM32F4xx_HAL_Driver/Src/stm32f4xx_hal_tim.c.obj
                0x080050e8                HAL_TIM_PWM_ConfigChannel
 .text.TIM_TI1_SetConfig
                0x080051c4       0x7c CMakeFiles/clion_car_motor_hardware.elf.dir/Drivers/STM32F4xx_HAL_Driver/Src/stm32f4xx_hal_tim.c.obj
                0x080051c4                TIM_TI1_SetConfig
 .text.TIM_CCxChannelCmd
                0x08005240       0x1e CMakeFiles/clion_car_motor_hardware.elf.dir/Drivers/STM32F4xx_HAL_Driver/Src/stm32f4xx_hal_tim.c.obj
                0x08005240                TIM_CCxChannelCmd
 *fill*         0x0800525e        0x2 
 .text.HAL_TIM_PWM_Start
                0x08005260      0x104 CMakeFiles/clion_car_motor_hardware.elf.dir/Drivers/STM32F4xx_HAL_Driver/Src/stm32f4xx_hal_tim.c.obj
                0x08005260                HAL_TIM_PWM_Start
 .text.HAL_TIM_PWM_Stop
                0x08005364       0x8c CMakeFiles/clion_car_motor_hardware.elf.dir/Drivers/STM32F4xx_HAL_Driver/Src/stm32f4xx_hal_tim.c.obj
                0x08005364                HAL_TIM_PWM_Stop
 .text.TIM_CCxNChannelCmd
                0x080053f0       0x1e CMakeFiles/clion_car_motor_hardware.elf.dir/Drivers/STM32F4xx_HAL_Driver/Src/stm32f4xx_hal_tim_ex.c.obj
 .text.HAL_TIMEx_HallSensor_Init
                0x0800540e       0xd4 CMakeFiles/clion_car_motor_hardware.elf.dir/Drivers/STM32F4xx_HAL_Driver/Src/stm32f4xx_hal_tim_ex.c.obj
                0x0800540e                HAL_TIMEx_HallSensor_Init
 *fill*         0x080054e2        0x2 
 .text.HAL_TIMEx_PWMN_Start
                0x080054e4       0xf8 CMakeFiles/clion_car_motor_hardware.elf.dir/Drivers/STM32F4xx_HAL_Driver/Src/stm32f4xx_hal_tim_ex.c.obj
                0x080054e4                HAL_TIMEx_PWMN_Start
 .text.HAL_TIMEx_PWMN_Stop
                0x080055dc       0x76 CMakeFiles/clion_car_motor_hardware.elf.dir/Drivers/STM32F4xx_HAL_Driver/Src/stm32f4xx_hal_tim_ex.c.obj
                0x080055dc                HAL_TIMEx_PWMN_Stop
 *fill*         0x08005652        0x2 
 .text.HAL_TIMEx_MasterConfigSynchronization
                0x08005654       0x8c CMakeFiles/clion_car_motor_hardware.elf.dir/Drivers/STM32F4xx_HAL_Driver/Src/stm32f4xx_hal_tim_ex.c.obj
                0x08005654                HAL_TIMEx_MasterConfigSynchronization
 .text.HAL_TIMEx_CommutCallback
                0x080056e0        0x2 CMakeFiles/clion_car_motor_hardware.elf.dir/Drivers/STM32F4xx_HAL_Driver/Src/stm32f4xx_hal_tim_ex.c.obj
                0x080056e0                HAL_TIMEx_CommutCallback
 .text.HAL_TIMEx_BreakCallback
                0x080056e2        0x2 CMakeFiles/clion_car_motor_hardware.elf.dir/Drivers/STM32F4xx_HAL_Driver/Src/stm32f4xx_hal_tim_ex.c.obj
                0x080056e2                HAL_TIMEx_BreakCallback
 .text.UART_EndRxTransfer
                0x080056e4       0x5c CMakeFiles/clion_car_motor_hardware.elf.dir/Drivers/STM32F4xx_HAL_Driver/Src/stm32f4xx_hal_uart.c.obj
 .text.UART_Transmit_IT
                0x08005740       0x60 CMakeFiles/clion_car_motor_hardware.elf.dir/Drivers/STM32F4xx_HAL_Driver/Src/stm32f4xx_hal_uart.c.obj
 .text.UART_SetConfig
                0x080057a0      0x110 CMakeFiles/clion_car_motor_hardware.elf.dir/Drivers/STM32F4xx_HAL_Driver/Src/stm32f4xx_hal_uart.c.obj
 .text.UART_WaitOnFlagUntilTimeout
                0x080058b0       0x88 CMakeFiles/clion_car_motor_hardware.elf.dir/Drivers/STM32F4xx_HAL_Driver/Src/stm32f4xx_hal_uart.c.obj
 .text.HAL_UART_Init
                0x08005938       0x5e CMakeFiles/clion_car_motor_hardware.elf.dir/Drivers/STM32F4xx_HAL_Driver/Src/stm32f4xx_hal_uart.c.obj
                0x08005938                HAL_UART_Init
 .text.HAL_UART_Transmit
                0x08005996       0xd8 CMakeFiles/clion_car_motor_hardware.elf.dir/Drivers/STM32F4xx_HAL_Driver/Src/stm32f4xx_hal_uart.c.obj
                0x08005996                HAL_UART_Transmit
 .text.HAL_UART_Receive
                0x08005a6e       0xe4 CMakeFiles/clion_car_motor_hardware.elf.dir/Drivers/STM32F4xx_HAL_Driver/Src/stm32f4xx_hal_uart.c.obj
                0x08005a6e                HAL_UART_Receive
 .text.HAL_UART_TxCpltCallback
                0x08005b52        0x2 CMakeFiles/clion_car_motor_hardware.elf.dir/Drivers/STM32F4xx_HAL_Driver/Src/stm32f4xx_hal_uart.c.obj
                0x08005b52                HAL_UART_TxCpltCallback
 .text.UART_EndTransmit_IT
                0x08005b54       0x1a CMakeFiles/clion_car_motor_hardware.elf.dir/Drivers/STM32F4xx_HAL_Driver/Src/stm32f4xx_hal_uart.c.obj
 .text.HAL_UART_ErrorCallback
                0x08005b6e        0x2 CMakeFiles/clion_car_motor_hardware.elf.dir/Drivers/STM32F4xx_HAL_Driver/Src/stm32f4xx_hal_uart.c.obj
                0x08005b6e                HAL_UART_ErrorCallback
 .text.UART_DMAAbortOnError
                0x08005b70       0x10 CMakeFiles/clion_car_motor_hardware.elf.dir/Drivers/STM32F4xx_HAL_Driver/Src/stm32f4xx_hal_uart.c.obj
 .text.HAL_UARTEx_RxEventCallback
                0x08005b80        0x2 CMakeFiles/clion_car_motor_hardware.elf.dir/Drivers/STM32F4xx_HAL_Driver/Src/stm32f4xx_hal_uart.c.obj
                0x08005b80                HAL_UARTEx_RxEventCallback
 .text.UART_Receive_IT
                0x08005b82       0xe2 CMakeFiles/clion_car_motor_hardware.elf.dir/Drivers/STM32F4xx_HAL_Driver/Src/stm32f4xx_hal_uart.c.obj
 .text.HAL_UART_IRQHandler
                0x08005c64      0x280 CMakeFiles/clion_car_motor_hardware.elf.dir/Drivers/STM32F4xx_HAL_Driver/Src/stm32f4xx_hal_uart.c.obj
                0x08005c64                HAL_UART_IRQHandler
 .text.UART_Start_Receive_IT
                0x08005ee4       0x3a CMakeFiles/clion_car_motor_hardware.elf.dir/Drivers/STM32F4xx_HAL_Driver/Src/stm32f4xx_hal_uart.c.obj
                0x08005ee4                UART_Start_Receive_IT
 .text.HAL_UART_Receive_IT
                0x08005f1e       0x38 CMakeFiles/clion_car_motor_hardware.elf.dir/Drivers/STM32F4xx_HAL_Driver/Src/stm32f4xx_hal_uart.c.obj
                0x08005f1e                HAL_UART_Receive_IT
 .text.makeFreeRtosPriority
                0x08005f56        0xc CMakeFiles/clion_car_motor_hardware.elf.dir/Middlewares/Third_Party/FreeRTOS/Source/CMSIS_RTOS/cmsis_os.c.obj
 .text.osKernelStart
                0x08005f62        0xa CMakeFiles/clion_car_motor_hardware.elf.dir/Middlewares/Third_Party/FreeRTOS/Source/CMSIS_RTOS/cmsis_os.c.obj
                0x08005f62                osKernelStart
 .text.osThreadCreate
                0x08005f6c       0x6a CMakeFiles/clion_car_motor_hardware.elf.dir/Middlewares/Third_Party/FreeRTOS/Source/CMSIS_RTOS/cmsis_os.c.obj
                0x08005f6c                osThreadCreate
 .text.osDelay  0x08005fd6        0xe CMakeFiles/clion_car_motor_hardware.elf.dir/Middlewares/Third_Party/FreeRTOS/Source/CMSIS_RTOS/cmsis_os.c.obj
                0x08005fd6                osDelay
 .text.vListInitialise
                0x08005fe4       0x16 CMakeFiles/clion_car_motor_hardware.elf.dir/Middlewares/Third_Party/FreeRTOS/Source/list.c.obj
                0x08005fe4                vListInitialise
 .text.vListInitialiseItem
                0x08005ffa        0x6 CMakeFiles/clion_car_motor_hardware.elf.dir/Middlewares/Third_Party/FreeRTOS/Source/list.c.obj
                0x08005ffa                vListInitialiseItem
 .text.vListInsertEnd
                0x08006000       0x16 CMakeFiles/clion_car_motor_hardware.elf.dir/Middlewares/Third_Party/FreeRTOS/Source/list.c.obj
                0x08006000                vListInsertEnd
 .text.vListInsert
                0x08006016       0x32 CMakeFiles/clion_car_motor_hardware.elf.dir/Middlewares/Third_Party/FreeRTOS/Source/list.c.obj
                0x08006016                vListInsert
 .text.uxListRemove
                0x08006048       0x26 CMakeFiles/clion_car_motor_hardware.elf.dir/Middlewares/Third_Party/FreeRTOS/Source/list.c.obj
                0x08006048                uxListRemove
 *fill*         0x0800606e        0x2 
 .text.prvTaskExitError
                0x08006070       0x40 CMakeFiles/clion_car_motor_hardware.elf.dir/Middlewares/Third_Party/FreeRTOS/Source/portable/GCC/ARM_CM4F/port.c.obj
 .text.prvPortStartFirstTask
                0x080060b0       0x28 CMakeFiles/clion_car_motor_hardware.elf.dir/Middlewares/Third_Party/FreeRTOS/Source/portable/GCC/ARM_CM4F/port.c.obj
 .text.vPortEnableVFP
                0x080060d8       0x14 CMakeFiles/clion_car_motor_hardware.elf.dir/Middlewares/Third_Party/FreeRTOS/Source/portable/GCC/ARM_CM4F/port.c.obj
 .text.pxPortInitialiseStack
                0x080060ec       0x2c CMakeFiles/clion_car_motor_hardware.elf.dir/Middlewares/Third_Party/FreeRTOS/Source/portable/GCC/ARM_CM4F/port.c.obj
                0x080060ec                pxPortInitialiseStack
 *fill*         0x08006118        0x8 
 .text.SVC_Handler
                0x08006120       0x24 CMakeFiles/clion_car_motor_hardware.elf.dir/Middlewares/Third_Party/FreeRTOS/Source/portable/GCC/ARM_CM4F/port.c.obj
                0x08006120                SVC_Handler
 .text.vPortEnterCritical
                0x08006144       0x44 CMakeFiles/clion_car_motor_hardware.elf.dir/Middlewares/Third_Party/FreeRTOS/Source/portable/GCC/ARM_CM4F/port.c.obj
                0x08006144                vPortEnterCritical
 .text.vPortExitCritical
                0x08006188       0x2c CMakeFiles/clion_car_motor_hardware.elf.dir/Middlewares/Third_Party/FreeRTOS/Source/portable/GCC/ARM_CM4F/port.c.obj
                0x08006188                vPortExitCritical
 *fill*         0x080061b4        0xc 
 .text.PendSV_Handler
                0x080061c0       0x64 CMakeFiles/clion_car_motor_hardware.elf.dir/Middlewares/Third_Party/FreeRTOS/Source/portable/GCC/ARM_CM4F/port.c.obj
                0x080061c0                PendSV_Handler
 .text.SysTick_Handler
                0x08006224       0x2c CMakeFiles/clion_car_motor_hardware.elf.dir/Middlewares/Third_Party/FreeRTOS/Source/portable/GCC/ARM_CM4F/port.c.obj
                0x08006224                SysTick_Handler
 .text.vPortSetupTimerInterrupt
                0x08006250       0x28 CMakeFiles/clion_car_motor_hardware.elf.dir/Middlewares/Third_Party/FreeRTOS/Source/portable/GCC/ARM_CM4F/port.c.obj
                0x08006250                vPortSetupTimerInterrupt
 .text.xPortStartScheduler
                0x08006278      0x118 CMakeFiles/clion_car_motor_hardware.elf.dir/Middlewares/Third_Party/FreeRTOS/Source/portable/GCC/ARM_CM4F/port.c.obj
                0x08006278                xPortStartScheduler
 .text.prvHeapInit
                0x08006390       0x64 CMakeFiles/clion_car_motor_hardware.elf.dir/Middlewares/Third_Party/FreeRTOS/Source/portable/MemMang/heap_4.c.obj
 .text.prvInsertBlockIntoFreeList
                0x080063f4       0x64 CMakeFiles/clion_car_motor_hardware.elf.dir/Middlewares/Third_Party/FreeRTOS/Source/portable/MemMang/heap_4.c.obj
 .text.pvPortMalloc
                0x08006458       0xfc CMakeFiles/clion_car_motor_hardware.elf.dir/Middlewares/Third_Party/FreeRTOS/Source/portable/MemMang/heap_4.c.obj
                0x08006458                pvPortMalloc
 .text.vPortFree
                0x08006554       0x7c CMakeFiles/clion_car_motor_hardware.elf.dir/Middlewares/Third_Party/FreeRTOS/Source/portable/MemMang/heap_4.c.obj
                0x08006554                vPortFree
 .text.prvResetNextTaskUnblockTime
                0x080065d0       0x2c CMakeFiles/clion_car_motor_hardware.elf.dir/Middlewares/Third_Party/FreeRTOS/Source/tasks.c.obj
 .text.prvInitialiseNewTask
                0x080065fc       0xfe CMakeFiles/clion_car_motor_hardware.elf.dir/Middlewares/Third_Party/FreeRTOS/Source/tasks.c.obj
 *fill*         0x080066fa        0x2 
 .text.prvInitialiseTaskLists
                0x080066fc       0x68 CMakeFiles/clion_car_motor_hardware.elf.dir/Middlewares/Third_Party/FreeRTOS/Source/tasks.c.obj
 .text.prvAddNewTaskToReadyList
                0x08006764       0xa8 CMakeFiles/clion_car_motor_hardware.elf.dir/Middlewares/Third_Party/FreeRTOS/Source/tasks.c.obj
 .text.prvDeleteTCB
                0x0800680c       0x40 CMakeFiles/clion_car_motor_hardware.elf.dir/Middlewares/Third_Party/FreeRTOS/Source/tasks.c.obj
 .text.prvCheckTasksWaitingTermination
                0x0800684c       0x4c CMakeFiles/clion_car_motor_hardware.elf.dir/Middlewares/Third_Party/FreeRTOS/Source/tasks.c.obj
 .text.prvIdleTask
                0x08006898       0x28 CMakeFiles/clion_car_motor_hardware.elf.dir/Middlewares/Third_Party/FreeRTOS/Source/tasks.c.obj
 .text.prvAddCurrentTaskToDelayedList
                0x080068c0       0x98 CMakeFiles/clion_car_motor_hardware.elf.dir/Middlewares/Third_Party/FreeRTOS/Source/tasks.c.obj
 .text.xTaskCreateStatic
                0x08006958       0x7a CMakeFiles/clion_car_motor_hardware.elf.dir/Middlewares/Third_Party/FreeRTOS/Source/tasks.c.obj
                0x08006958                xTaskCreateStatic
 .text.xTaskCreate
                0x080069d2       0x6a CMakeFiles/clion_car_motor_hardware.elf.dir/Middlewares/Third_Party/FreeRTOS/Source/tasks.c.obj
                0x080069d2                xTaskCreate
 .text.vTaskStartScheduler
                0x08006a3c       0x84 CMakeFiles/clion_car_motor_hardware.elf.dir/Middlewares/Third_Party/FreeRTOS/Source/tasks.c.obj
                0x08006a3c                vTaskStartScheduler
 .text.vTaskSuspendAll
                0x08006ac0       0x10 CMakeFiles/clion_car_motor_hardware.elf.dir/Middlewares/Third_Party/FreeRTOS/Source/tasks.c.obj
                0x08006ac0                vTaskSuspendAll
 .text.xTaskIncrementTick
                0x08006ad0      0x118 CMakeFiles/clion_car_motor_hardware.elf.dir/Middlewares/Third_Party/FreeRTOS/Source/tasks.c.obj
                0x08006ad0                xTaskIncrementTick
 .text.xTaskResumeAll
                0x08006be8       0xf8 CMakeFiles/clion_car_motor_hardware.elf.dir/Middlewares/Third_Party/FreeRTOS/Source/tasks.c.obj
                0x08006be8                xTaskResumeAll
 .text.vTaskDelay
                0x08006ce0       0x4c CMakeFiles/clion_car_motor_hardware.elf.dir/Middlewares/Third_Party/FreeRTOS/Source/tasks.c.obj
                0x08006ce0                vTaskDelay
 .text.vTaskSwitchContext
                0x08006d2c       0xa4 CMakeFiles/clion_car_motor_hardware.elf.dir/Middlewares/Third_Party/FreeRTOS/Source/tasks.c.obj
                0x08006d2c                vTaskSwitchContext
 .text.__errno  0x08006dd0        0xc c:/progra~1/gcc-ar~1.10/bin/../lib/gcc/arm-none-eabi/10.3.1/../../../../arm-none-eabi/lib/thumb/v7e-m+fp/hard\libg.a(lib_a-errno.o)
                0x08006dd0                __errno
 .text.__libc_init_array
                0x08006ddc       0x48 c:/progra~1/gcc-ar~1.10/bin/../lib/gcc/arm-none-eabi/10.3.1/../../../../arm-none-eabi/lib/thumb/v7e-m+fp/hard\libg.a(lib_a-init.o)
                0x08006ddc                __libc_init_array
 .text.memcmp   0x08006e24       0x64 c:/progra~1/gcc-ar~1.10/bin/../lib/gcc/arm-none-eabi/10.3.1/../../../../arm-none-eabi/lib/thumb/v7e-m+fp/hard\libg.a(lib_a-memcmp.o)
                0x08006e24                memcmp
 .text.memset   0x08006e88       0xa4 c:/progra~1/gcc-ar~1.10/bin/../lib/gcc/arm-none-eabi/10.3.1/../../../../arm-none-eabi/lib/thumb/v7e-m+fp/hard\libg.a(lib_a-memset.o)
                0x08006e88                memset
 .text.printf   0x08006f2c       0x28 c:/progra~1/gcc-ar~1.10/bin/../lib/gcc/arm-none-eabi/10.3.1/../../../../arm-none-eabi/lib/thumb/v7e-m+fp/hard\libg.a(lib_a-printf.o)
                0x08006f2c                printf
 .text._puts_r  0x08006f54       0x9c c:/progra~1/gcc-ar~1.10/bin/../lib/gcc/arm-none-eabi/10.3.1/../../../../arm-none-eabi/lib/thumb/v7e-m+fp/hard\libg.a(lib_a-puts.o)
                0x08006f54                _puts_r
 .text.puts     0x08006ff0       0x10 c:/progra~1/gcc-ar~1.10/bin/../lib/gcc/arm-none-eabi/10.3.1/../../../../arm-none-eabi/lib/thumb/v7e-m+fp/hard\libg.a(lib_a-puts.o)
                0x08006ff0                puts
 .text.cleanup_glue
                0x08007000       0x48 c:/progra~1/gcc-ar~1.10/bin/../lib/gcc/arm-none-eabi/10.3.1/../../../../arm-none-eabi/lib/thumb/v7e-m+fp/hard\libg.a(lib_a-reent.o)
                0x08007000                cleanup_glue
 .text._reclaim_reent
                0x08007048       0x90 c:/progra~1/gcc-ar~1.10/bin/../lib/gcc/arm-none-eabi/10.3.1/../../../../arm-none-eabi/lib/thumb/v7e-m+fp/hard\libg.a(lib_a-reent.o)
                0x08007048                _reclaim_reent
 .text._vfprintf_r
                0x080070d8     0x1b90 c:/progra~1/gcc-ar~1.10/bin/../lib/gcc/arm-none-eabi/10.3.1/../../../../arm-none-eabi/lib/thumb/v7e-m+fp/hard\libg.a(lib_a-vfprintf.o)
                0x080070d8                _vfprintf_r
 .text.__sbprintf
                0x08008c68       0x80 c:/progra~1/gcc-ar~1.10/bin/../lib/gcc/arm-none-eabi/10.3.1/../../../../arm-none-eabi/lib/thumb/v7e-m+fp/hard\libg.a(lib_a-vfprintf.o)
 .text.__swsetup_r
                0x08008ce8       0xd4 c:/progra~1/gcc-ar~1.10/bin/../lib/gcc/arm-none-eabi/10.3.1/../../../../arm-none-eabi/lib/thumb/v7e-m+fp/hard\libg.a(lib_a-wsetup.o)
                0x08008ce8                __swsetup_r
 .text.startup.register_fini
                0x08008dbc       0x14 c:/progra~1/gcc-ar~1.10/bin/../lib/gcc/arm-none-eabi/10.3.1/../../../../arm-none-eabi/lib/thumb/v7e-m+fp/hard\libg.a(lib_a-__call_atexit.o)
 .text.atexit   0x08008dd0        0xc c:/progra~1/gcc-ar~1.10/bin/../lib/gcc/arm-none-eabi/10.3.1/../../../../arm-none-eabi/lib/thumb/v7e-m+fp/hard\libg.a(lib_a-atexit.o)
                0x08008dd0                atexit
 .text.quorem   0x08008ddc      0x128 c:/progra~1/gcc-ar~1.10/bin/../lib/gcc/arm-none-eabi/10.3.1/../../../../arm-none-eabi/lib/thumb/v7e-m+fp/hard\libg.a(lib_a-dtoa.o)
 *fill*         0x08008f04        0x4 
 .text._dtoa_r  0x08008f08      0xf3c c:/progra~1/gcc-ar~1.10/bin/../lib/gcc/arm-none-eabi/10.3.1/../../../../arm-none-eabi/lib/thumb/v7e-m+fp/hard\libg.a(lib_a-dtoa.o)
                0x08008f08                _dtoa_r
 .text.__sflush_r
                0x08009e44      0x130 c:/progra~1/gcc-ar~1.10/bin/../lib/gcc/arm-none-eabi/10.3.1/../../../../arm-none-eabi/lib/thumb/v7e-m+fp/hard\libg.a(lib_a-fflush.o)
                0x08009e44                __sflush_r
 .text._fflush_r
                0x08009f74       0x5c c:/progra~1/gcc-ar~1.10/bin/../lib/gcc/arm-none-eabi/10.3.1/../../../../arm-none-eabi/lib/thumb/v7e-m+fp/hard\libg.a(lib_a-fflush.o)
                0x08009f74                _fflush_r
 .text._cleanup_r
                0x08009fd0        0xc c:/progra~1/gcc-ar~1.10/bin/../lib/gcc/arm-none-eabi/10.3.1/../../../../arm-none-eabi/lib/thumb/v7e-m+fp/hard\libg.a(lib_a-findfp.o)
                0x08009fd0                _cleanup_r
 .text.__sinit  0x08009fdc      0x10c c:/progra~1/gcc-ar~1.10/bin/../lib/gcc/arm-none-eabi/10.3.1/../../../../arm-none-eabi/lib/thumb/v7e-m+fp/hard\libg.a(lib_a-findfp.o)
                0x08009fdc                __sinit
 .text.__sfp_lock_acquire
                0x0800a0e8        0xc c:/progra~1/gcc-ar~1.10/bin/../lib/gcc/arm-none-eabi/10.3.1/../../../../arm-none-eabi/lib/thumb/v7e-m+fp/hard\libg.a(lib_a-findfp.o)
                0x0800a0e8                __sfp_lock_acquire
 .text.__sfp_lock_release
                0x0800a0f4        0xc c:/progra~1/gcc-ar~1.10/bin/../lib/gcc/arm-none-eabi/10.3.1/../../../../arm-none-eabi/lib/thumb/v7e-m+fp/hard\libg.a(lib_a-findfp.o)
                0x0800a0f4                __sfp_lock_release
 .text.__libc_fini_array
                0x0800a100       0x2c c:/progra~1/gcc-ar~1.10/bin/../lib/gcc/arm-none-eabi/10.3.1/../../../../arm-none-eabi/lib/thumb/v7e-m+fp/hard\libg.a(lib_a-fini.o)
                0x0800a100                __libc_fini_array
 .text._malloc_trim_r
                0x0800a12c       0xa0 c:/progra~1/gcc-ar~1.10/bin/../lib/gcc/arm-none-eabi/10.3.1/../../../../arm-none-eabi/lib/thumb/v7e-m+fp/hard\libg.a(lib_a-freer.o)
                0x0800a12c                _malloc_trim_r
 .text._free_r  0x0800a1cc      0x20c c:/progra~1/gcc-ar~1.10/bin/../lib/gcc/arm-none-eabi/10.3.1/../../../../arm-none-eabi/lib/thumb/v7e-m+fp/hard\libg.a(lib_a-freer.o)
                0x0800a1cc                _free_r
 .text.__sfvwrite_r
                0x0800a3d8      0x2f0 c:/progra~1/gcc-ar~1.10/bin/../lib/gcc/arm-none-eabi/10.3.1/../../../../arm-none-eabi/lib/thumb/v7e-m+fp/hard\libg.a(lib_a-fvwrite.o)
                0x0800a3d8                __sfvwrite_r
 .text._fwalk_reent
                0x0800a6c8       0x48 c:/progra~1/gcc-ar~1.10/bin/../lib/gcc/arm-none-eabi/10.3.1/../../../../arm-none-eabi/lib/thumb/v7e-m+fp/hard\libg.a(lib_a-fwalk.o)
                0x0800a6c8                _fwalk_reent
 .text._localeconv_r
                0x0800a710        0x8 c:/progra~1/gcc-ar~1.10/bin/../lib/gcc/arm-none-eabi/10.3.1/../../../../arm-none-eabi/lib/thumb/v7e-m+fp/hard\libg.a(lib_a-localeconv.o)
                0x0800a710                _localeconv_r
 .text.__retarget_lock_init_recursive
                0x0800a718        0x4 c:/progra~1/gcc-ar~1.10/bin/../lib/gcc/arm-none-eabi/10.3.1/../../../../arm-none-eabi/lib/thumb/v7e-m+fp/hard\libg.a(lib_a-lock.o)
                0x0800a718                __retarget_lock_init_recursive
 .text.__retarget_lock_close_recursive
                0x0800a71c        0x4 c:/progra~1/gcc-ar~1.10/bin/../lib/gcc/arm-none-eabi/10.3.1/../../../../arm-none-eabi/lib/thumb/v7e-m+fp/hard\libg.a(lib_a-lock.o)
                0x0800a71c                __retarget_lock_close_recursive
 .text.__retarget_lock_acquire_recursive
                0x0800a720        0x4 c:/progra~1/gcc-ar~1.10/bin/../lib/gcc/arm-none-eabi/10.3.1/../../../../arm-none-eabi/lib/thumb/v7e-m+fp/hard\libg.a(lib_a-lock.o)
                0x0800a720                __retarget_lock_acquire_recursive
 .text.__retarget_lock_release_recursive
                0x0800a724        0x4 c:/progra~1/gcc-ar~1.10/bin/../lib/gcc/arm-none-eabi/10.3.1/../../../../arm-none-eabi/lib/thumb/v7e-m+fp/hard\libg.a(lib_a-lock.o)
                0x0800a724                __retarget_lock_release_recursive
 .text.__smakebuf_r
                0x0800a728       0xe0 c:/progra~1/gcc-ar~1.10/bin/../lib/gcc/arm-none-eabi/10.3.1/../../../../arm-none-eabi/lib/thumb/v7e-m+fp/hard\libg.a(lib_a-makebuf.o)
                0x0800a728                __smakebuf_r
 .text._malloc_r
                0x0800a808      0x560 c:/progra~1/gcc-ar~1.10/bin/../lib/gcc/arm-none-eabi/10.3.1/../../../../arm-none-eabi/lib/thumb/v7e-m+fp/hard\libg.a(lib_a-mallocr.o)
                0x0800a808                _malloc_r
 .text.memmove  0x0800ad68       0xf8 c:/progra~1/gcc-ar~1.10/bin/../lib/gcc/arm-none-eabi/10.3.1/../../../../arm-none-eabi/lib/thumb/v7e-m+fp/hard\libg.a(lib_a-memmove.o)
                0x0800ad68                memmove
 .text.__malloc_lock
                0x0800ae60        0xc c:/progra~1/gcc-ar~1.10/bin/../lib/gcc/arm-none-eabi/10.3.1/../../../../arm-none-eabi/lib/thumb/v7e-m+fp/hard\libg.a(lib_a-mlock.o)
                0x0800ae60                __malloc_lock
 .text.__malloc_unlock
                0x0800ae6c        0xc c:/progra~1/gcc-ar~1.10/bin/../lib/gcc/arm-none-eabi/10.3.1/../../../../arm-none-eabi/lib/thumb/v7e-m+fp/hard\libg.a(lib_a-mlock.o)
                0x0800ae6c                __malloc_unlock
 .text._Balloc  0x0800ae78       0x4c c:/progra~1/gcc-ar~1.10/bin/../lib/gcc/arm-none-eabi/10.3.1/../../../../arm-none-eabi/lib/thumb/v7e-m+fp/hard\libg.a(lib_a-mprec.o)
                0x0800ae78                _Balloc
 .text._Bfree   0x0800aec4       0x14 c:/progra~1/gcc-ar~1.10/bin/../lib/gcc/arm-none-eabi/10.3.1/../../../../arm-none-eabi/lib/thumb/v7e-m+fp/hard\libg.a(lib_a-mprec.o)
                0x0800aec4                _Bfree
 .text.__multadd
                0x0800aed8       0xa8 c:/progra~1/gcc-ar~1.10/bin/../lib/gcc/arm-none-eabi/10.3.1/../../../../arm-none-eabi/lib/thumb/v7e-m+fp/hard\libg.a(lib_a-mprec.o)
                0x0800aed8                __multadd
 .text.__hi0bits
                0x0800af80       0x40 c:/progra~1/gcc-ar~1.10/bin/../lib/gcc/arm-none-eabi/10.3.1/../../../../arm-none-eabi/lib/thumb/v7e-m+fp/hard\libg.a(lib_a-mprec.o)
                0x0800af80                __hi0bits
 .text.__lo0bits
                0x0800afc0       0x60 c:/progra~1/gcc-ar~1.10/bin/../lib/gcc/arm-none-eabi/10.3.1/../../../../arm-none-eabi/lib/thumb/v7e-m+fp/hard\libg.a(lib_a-mprec.o)
                0x0800afc0                __lo0bits
 .text.__i2b    0x0800b020       0x5c c:/progra~1/gcc-ar~1.10/bin/../lib/gcc/arm-none-eabi/10.3.1/../../../../arm-none-eabi/lib/thumb/v7e-m+fp/hard\libg.a(lib_a-mprec.o)
                0x0800b020                __i2b
 .text.__multiply
                0x0800b07c      0x15c c:/progra~1/gcc-ar~1.10/bin/../lib/gcc/arm-none-eabi/10.3.1/../../../../arm-none-eabi/lib/thumb/v7e-m+fp/hard\libg.a(lib_a-mprec.o)
                0x0800b07c                __multiply
 .text.__pow5mult
                0x0800b1d8       0xc0 c:/progra~1/gcc-ar~1.10/bin/../lib/gcc/arm-none-eabi/10.3.1/../../../../arm-none-eabi/lib/thumb/v7e-m+fp/hard\libg.a(lib_a-mprec.o)
                0x0800b1d8                __pow5mult
 .text.__lshift
                0x0800b298       0xf0 c:/progra~1/gcc-ar~1.10/bin/../lib/gcc/arm-none-eabi/10.3.1/../../../../arm-none-eabi/lib/thumb/v7e-m+fp/hard\libg.a(lib_a-mprec.o)
                0x0800b298                __lshift
 .text.__mcmp   0x0800b388       0x44 c:/progra~1/gcc-ar~1.10/bin/../lib/gcc/arm-none-eabi/10.3.1/../../../../arm-none-eabi/lib/thumb/v7e-m+fp/hard\libg.a(lib_a-mprec.o)
                0x0800b388                __mcmp
 .text.__mdiff  0x0800b3cc      0x14c c:/progra~1/gcc-ar~1.10/bin/../lib/gcc/arm-none-eabi/10.3.1/../../../../arm-none-eabi/lib/thumb/v7e-m+fp/hard\libg.a(lib_a-mprec.o)
                0x0800b3cc                __mdiff
 .text.__d2b    0x0800b518       0xd0 c:/progra~1/gcc-ar~1.10/bin/../lib/gcc/arm-none-eabi/10.3.1/../../../../arm-none-eabi/lib/thumb/v7e-m+fp/hard\libg.a(lib_a-mprec.o)
                0x0800b518                __d2b
 .text._realloc_r
                0x0800b5e8      0x3d8 c:/progra~1/gcc-ar~1.10/bin/../lib/gcc/arm-none-eabi/10.3.1/../../../../arm-none-eabi/lib/thumb/v7e-m+fp/hard\libg.a(lib_a-reallocr.o)
                0x0800b5e8                _realloc_r
 .text.frexp    0x0800b9c0       0x6c c:/progra~1/gcc-ar~1.10/bin/../lib/gcc/arm-none-eabi/10.3.1/../../../../arm-none-eabi/lib/thumb/v7e-m+fp/hard\libg.a(lib_a-s_frexp.o)
                0x0800b9c0                frexp
 .text._sbrk_r  0x0800ba2c       0x24 c:/progra~1/gcc-ar~1.10/bin/../lib/gcc/arm-none-eabi/10.3.1/../../../../arm-none-eabi/lib/thumb/v7e-m+fp/hard\libg.a(lib_a-sbrkr.o)
                0x0800ba2c                _sbrk_r
 .text.__sread  0x0800ba50       0x24 c:/progra~1/gcc-ar~1.10/bin/../lib/gcc/arm-none-eabi/10.3.1/../../../../arm-none-eabi/lib/thumb/v7e-m+fp/hard\libg.a(lib_a-stdio.o)
                0x0800ba50                __sread
 .text.__swrite
                0x0800ba74       0x40 c:/progra~1/gcc-ar~1.10/bin/../lib/gcc/arm-none-eabi/10.3.1/../../../../arm-none-eabi/lib/thumb/v7e-m+fp/hard\libg.a(lib_a-stdio.o)
                0x0800ba74                __swrite
 .text.__sseek  0x0800bab4       0x20 c:/progra~1/gcc-ar~1.10/bin/../lib/gcc/arm-none-eabi/10.3.1/../../../../arm-none-eabi/lib/thumb/v7e-m+fp/hard\libg.a(lib_a-stdio.o)
                0x0800bab4                __sseek
 .text.__sclose
                0x0800bad4        0x8 c:/progra~1/gcc-ar~1.10/bin/../lib/gcc/arm-none-eabi/10.3.1/../../../../arm-none-eabi/lib/thumb/v7e-m+fp/hard\libg.a(lib_a-stdio.o)
                0x0800bad4                __sclose
 .text.strncpy  0x0800badc       0x64 c:/progra~1/gcc-ar~1.10/bin/../lib/gcc/arm-none-eabi/10.3.1/../../../../arm-none-eabi/lib/thumb/v7e-m+fp/hard\libg.a(lib_a-strncpy.o)
                0x0800badc                strncpy
 .text.__sprint_r.part.0
                0x0800bb40       0x78 c:/progra~1/gcc-ar~1.10/bin/../lib/gcc/arm-none-eabi/10.3.1/../../../../arm-none-eabi/lib/thumb/v7e-m+fp/hard\libg.a(lib_a-vfiprintf.o)
 .text.__sprint_r
                0x0800bbb8       0x18 c:/progra~1/gcc-ar~1.10/bin/../lib/gcc/arm-none-eabi/10.3.1/../../../../arm-none-eabi/lib/thumb/v7e-m+fp/hard\libg.a(lib_a-vfiprintf.o)
                0x0800bbb8                __sprint_r
 .text._vfiprintf_r
                0x0800bbd0      0xdfc c:/progra~1/gcc-ar~1.10/bin/../lib/gcc/arm-none-eabi/10.3.1/../../../../arm-none-eabi/lib/thumb/v7e-m+fp/hard\libg.a(lib_a-vfiprintf.o)
                0x0800bbd0                _vfiprintf_r
 .text.__sbprintf
                0x0800c9cc       0x80 c:/progra~1/gcc-ar~1.10/bin/../lib/gcc/arm-none-eabi/10.3.1/../../../../arm-none-eabi/lib/thumb/v7e-m+fp/hard\libg.a(lib_a-vfiprintf.o)
 .text._write_r
                0x0800ca4c       0x2c c:/progra~1/gcc-ar~1.10/bin/../lib/gcc/arm-none-eabi/10.3.1/../../../../arm-none-eabi/lib/thumb/v7e-m+fp/hard\libg.a(lib_a-writer.o)
                0x0800ca4c                _write_r
 .text.__register_exitproc
                0x0800ca78       0x8c c:/progra~1/gcc-ar~1.10/bin/../lib/gcc/arm-none-eabi/10.3.1/../../../../arm-none-eabi/lib/thumb/v7e-m+fp/hard\libg.a(lib_a-__atexit.o)
                0x0800ca78                __register_exitproc
 .text.__assert_func
                0x0800cb04       0x40 c:/progra~1/gcc-ar~1.10/bin/../lib/gcc/arm-none-eabi/10.3.1/../../../../arm-none-eabi/lib/thumb/v7e-m+fp/hard\libg.a(lib_a-assert.o)
                0x0800cb04                __assert_func
 .text._calloc_r
                0x0800cb44       0x78 c:/progra~1/gcc-ar~1.10/bin/../lib/gcc/arm-none-eabi/10.3.1/../../../../arm-none-eabi/lib/thumb/v7e-m+fp/hard\libg.a(lib_a-callocr.o)
                0x0800cb44                _calloc_r
 .text._close_r
                0x0800cbbc       0x24 c:/progra~1/gcc-ar~1.10/bin/../lib/gcc/arm-none-eabi/10.3.1/../../../../arm-none-eabi/lib/thumb/v7e-m+fp/hard\libg.a(lib_a-closer.o)
                0x0800cbbc                _close_r
 .text._fclose_r
                0x0800cbe0       0xcc c:/progra~1/gcc-ar~1.10/bin/../lib/gcc/arm-none-eabi/10.3.1/../../../../arm-none-eabi/lib/thumb/v7e-m+fp/hard\libg.a(lib_a-fclose.o)
                0x0800cbe0                _fclose_r
 .text.fiprintf
                0x0800ccac       0x28 c:/progra~1/gcc-ar~1.10/bin/../lib/gcc/arm-none-eabi/10.3.1/../../../../arm-none-eabi/lib/thumb/v7e-m+fp/hard\libg.a(lib_a-fiprintf.o)
                0x0800ccac                fiprintf
 .text.__fputwc
                0x0800ccd4       0xa8 c:/progra~1/gcc-ar~1.10/bin/../lib/gcc/arm-none-eabi/10.3.1/../../../../arm-none-eabi/lib/thumb/v7e-m+fp/hard\libg.a(lib_a-fputwc.o)
                0x0800ccd4                __fputwc
 .text._fputwc_r
                0x0800cd7c       0x68 c:/progra~1/gcc-ar~1.10/bin/../lib/gcc/arm-none-eabi/10.3.1/../../../../arm-none-eabi/lib/thumb/v7e-m+fp/hard\libg.a(lib_a-fputwc.o)
                0x0800cd7c                _fputwc_r
 .text._fstat_r
                0x0800cde4       0x2c c:/progra~1/gcc-ar~1.10/bin/../lib/gcc/arm-none-eabi/10.3.1/../../../../arm-none-eabi/lib/thumb/v7e-m+fp/hard\libg.a(lib_a-fstatr.o)
                0x0800cde4                _fstat_r
 .text._isatty_r
                0x0800ce10       0x24 c:/progra~1/gcc-ar~1.10/bin/../lib/gcc/arm-none-eabi/10.3.1/../../../../arm-none-eabi/lib/thumb/v7e-m+fp/hard\libg.a(lib_a-isattyr.o)
                0x0800ce10                _isatty_r
 .text.__locale_mb_cur_max
                0x0800ce34        0xc c:/progra~1/gcc-ar~1.10/bin/../lib/gcc/arm-none-eabi/10.3.1/../../../../arm-none-eabi/lib/thumb/v7e-m+fp/hard\libg.a(lib_a-locale.o)
                0x0800ce34                __locale_mb_cur_max
 .text._lseek_r
                0x0800ce40       0x2c c:/progra~1/gcc-ar~1.10/bin/../lib/gcc/arm-none-eabi/10.3.1/../../../../arm-none-eabi/lib/thumb/v7e-m+fp/hard\libg.a(lib_a-lseekr.o)
                0x0800ce40                _lseek_r
 .text.__ascii_mbtowc
                0x0800ce6c       0x2c c:/progra~1/gcc-ar~1.10/bin/../lib/gcc/arm-none-eabi/10.3.1/../../../../arm-none-eabi/lib/thumb/v7e-m+fp/hard\libg.a(lib_a-mbtowc_r.o)
                0x0800ce6c                __ascii_mbtowc
 .text._read_r  0x0800ce98       0x2c c:/progra~1/gcc-ar~1.10/bin/../lib/gcc/arm-none-eabi/10.3.1/../../../../arm-none-eabi/lib/thumb/v7e-m+fp/hard\libg.a(lib_a-readr.o)
                0x0800ce98                _read_r
 .text.__swbuf_r
                0x0800cec4       0xb0 c:/progra~1/gcc-ar~1.10/bin/../lib/gcc/arm-none-eabi/10.3.1/../../../../arm-none-eabi/lib/thumb/v7e-m+fp/hard\libg.a(lib_a-wbuf.o)
                0x0800cec4                __swbuf_r
 .text._wcrtomb_r
                0x0800cf74       0x3c c:/progra~1/gcc-ar~1.10/bin/../lib/gcc/arm-none-eabi/10.3.1/../../../../arm-none-eabi/lib/thumb/v7e-m+fp/hard\libg.a(lib_a-wcrtomb.o)
                0x0800cf74                _wcrtomb_r
 .text.__ascii_wctomb
                0x0800cfb0       0x1c c:/progra~1/gcc-ar~1.10/bin/../lib/gcc/arm-none-eabi/10.3.1/../../../../arm-none-eabi/lib/thumb/v7e-m+fp/hard\libg.a(lib_a-wctomb_r.o)
                0x0800cfb0                __ascii_wctomb
 .text.abort    0x0800cfcc       0x10 c:/progra~1/gcc-ar~1.10/bin/../lib/gcc/arm-none-eabi/10.3.1/../../../../arm-none-eabi/lib/thumb/v7e-m+fp/hard\libg.a(lib_a-abort.o)
                0x0800cfcc                abort
 .text.raise    0x0800cfdc       0x5c c:/progra~1/gcc-ar~1.10/bin/../lib/gcc/arm-none-eabi/10.3.1/../../../../arm-none-eabi/lib/thumb/v7e-m+fp/hard\libg.a(lib_a-signal.o)
                0x0800cfdc                raise
 .text._kill_r  0x0800d038       0x2c c:/progra~1/gcc-ar~1.10/bin/../lib/gcc/arm-none-eabi/10.3.1/../../../../arm-none-eabi/lib/thumb/v7e-m+fp/hard\libg.a(lib_a-signalr.o)
                0x0800d038                _kill_r
 .text._getpid_r
                0x0800d064        0x4 c:/progra~1/gcc-ar~1.10/bin/../lib/gcc/arm-none-eabi/10.3.1/../../../../arm-none-eabi/lib/thumb/v7e-m+fp/hard\libg.a(lib_a-signalr.o)
                0x0800d064                _getpid_r
 .text.asin     0x0800d068       0x68 c:/progra~1/gcc-ar~1.10/bin/../lib/gcc/arm-none-eabi/10.3.1/../../../../arm-none-eabi/lib/thumb/v7e-m+fp/hard\libm.a(lib_a-w_asin.o)
                0x0800d068                asin
 .text.atan2    0x0800d0d0        0x4 c:/progra~1/gcc-ar~1.10/bin/../lib/gcc/arm-none-eabi/10.3.1/../../../../arm-none-eabi/lib/thumb/v7e-m+fp/hard\libm.a(lib_a-w_atan2.o)
                0x0800d0d0                atan2
 *fill*         0x0800d0d4        0x4 
 .text.__ieee754_asin
                0x0800d0d8      0x4a4 c:/progra~1/gcc-ar~1.10/bin/../lib/gcc/arm-none-eabi/10.3.1/../../../../arm-none-eabi/lib/thumb/v7e-m+fp/hard\libm.a(lib_a-e_asin.o)
                0x0800d0d8                __ieee754_asin
 *fill*         0x0800d57c        0x4 
 .text.__ieee754_atan2
                0x0800d580      0x1ac c:/progra~1/gcc-ar~1.10/bin/../lib/gcc/arm-none-eabi/10.3.1/../../../../arm-none-eabi/lib/thumb/v7e-m+fp/hard\libm.a(lib_a-e_atan2.o)
                0x0800d580                __ieee754_atan2
 .text.__ieee754_sqrt
                0x0800d72c      0x198 c:/progra~1/gcc-ar~1.10/bin/../lib/gcc/arm-none-eabi/10.3.1/../../../../arm-none-eabi/lib/thumb/v7e-m+fp/hard\libm.a(lib_a-e_sqrt.o)
                0x0800d72c                __ieee754_sqrt
 *fill*         0x0800d8c4        0x4 
 .text.atan     0x0800d8c8      0x340 c:/progra~1/gcc-ar~1.10/bin/../lib/gcc/arm-none-eabi/10.3.1/../../../../arm-none-eabi/lib/thumb/v7e-m+fp/hard\libm.a(lib_a-s_atan.o)
                0x0800d8c8                atan
 .text.fabs     0x0800dc08       0x14 c:/progra~1/gcc-ar~1.10/bin/../lib/gcc/arm-none-eabi/10.3.1/../../../../arm-none-eabi/lib/thumb/v7e-m+fp/hard\libm.a(lib_a-s_fabs.o)
                0x0800dc08                fabs
 *fill*         0x0800dc1c        0x4 
 .text.nan      0x0800dc20       0x10 c:/progra~1/gcc-ar~1.10/bin/../lib/gcc/arm-none-eabi/10.3.1/../../../../arm-none-eabi/lib/thumb/v7e-m+fp/hard\libm.a(lib_a-s_nan.o)
                0x0800dc20                nan
 *(.glue_7)
 .glue_7        0x0800dc30        0x0 linker stubs
 *(.glue_7t)
 .glue_7t       0x0800dc30        0x0 linker stubs
 *(.eh_frame)
 .eh_frame      0x0800dc30        0x0 c:/progra~1/gcc-ar~1.10/bin/../lib/gcc/arm-none-eabi/10.3.1/thumb/v7e-m+fp/hard/crtbegin.o
 *(.init)
 .init          0x0800dc30        0x4 c:/progra~1/gcc-ar~1.10/bin/../lib/gcc/arm-none-eabi/10.3.1/thumb/v7e-m+fp/hard/crti.o
                0x0800dc30                _init
 .init          0x0800dc34        0x8 c:/progra~1/gcc-ar~1.10/bin/../lib/gcc/arm-none-eabi/10.3.1/thumb/v7e-m+fp/hard/crtn.o
 *(.fini)
 .fini          0x0800dc3c        0x4 c:/progra~1/gcc-ar~1.10/bin/../lib/gcc/arm-none-eabi/10.3.1/thumb/v7e-m+fp/hard/crti.o
                0x0800dc3c                _fini
 .fini          0x0800dc40        0x8 c:/progra~1/gcc-ar~1.10/bin/../lib/gcc/arm-none-eabi/10.3.1/thumb/v7e-m+fp/hard/crtn.o
                0x0800dc48                . = ALIGN (0x4)
                0x0800dc48                _etext = .

.vfp11_veneer   0x0800dc48        0x0
 .vfp11_veneer  0x0800dc48        0x0 linker stubs

.v4_bx          0x0800dc48        0x0
 .v4_bx         0x0800dc48        0x0 linker stubs

.iplt           0x0800dc48        0x0
 .iplt          0x0800dc48        0x0 c:/progra~1/gcc-ar~1.10/bin/../lib/gcc/arm-none-eabi/10.3.1/thumb/v7e-m+fp/hard/crtbegin.o

.rodata         0x0800dc48     0x1250
                0x0800dc48                . = ALIGN (0x4)
 *(.rodata)
 .rodata        0x0800dc48       0x70 CMakeFiles/clion_car_motor_hardware.elf.dir/Core/Src/freertos.c.obj
 *(.rodata*)
 .rodata.HallDirCcw
                0x0800dcb8        0x7 CMakeFiles/clion_car_motor_hardware.elf.dir/Core/Src/bsp_hall.c.obj
                0x0800dcb8                HallDirCcw
 *fill*         0x0800dcbf        0x1 
 .rodata.str1.4
                0x0800dcc0       0x2d CMakeFiles/clion_car_motor_hardware.elf.dir/Core/Src/freertos.c.obj
 *fill*         0x0800dced        0x3 
 .rodata.AHBPrescTable
                0x0800dcf0       0x10 CMakeFiles/clion_car_motor_hardware.elf.dir/Core/Src/system_stm32f4xx.c.obj
                0x0800dcf0                AHBPrescTable
 .rodata.APBPrescTable
                0x0800dd00        0x8 CMakeFiles/clion_car_motor_hardware.elf.dir/Core/Src/system_stm32f4xx.c.obj
                0x0800dd00                APBPrescTable
 .rodata.mpu_init.str1.4
                0x0800dd08       0x91 CMakeFiles/clion_car_motor_hardware.elf.dir/Drivers/MPU6050_eMPL/inv_mpu.c.obj
 *fill*         0x0800dd99        0x3 
 .rodata.hw     0x0800dd9c        0xc CMakeFiles/clion_car_motor_hardware.elf.dir/Drivers/MPU6050_eMPL/inv_mpu.c.obj
                0x0800dd9c                hw
 .rodata.reg    0x0800dda8       0x1b CMakeFiles/clion_car_motor_hardware.elf.dir/Drivers/MPU6050_eMPL/inv_mpu.c.obj
                0x0800dda8                reg
 *fill*         0x0800ddc3        0x1 
 .rodata.test   0x0800ddc4       0x28 CMakeFiles/clion_car_motor_hardware.elf.dir/Drivers/MPU6050_eMPL/inv_mpu.c.obj
                0x0800ddc4                test
 .rodata.dmp_set_orientation.str1.4
                0x0800ddec       0x10 CMakeFiles/clion_car_motor_hardware.elf.dir/Drivers/MPU6050_eMPL/inv_mpu_dmp_motion_driver.c.obj
 .rodata.dmp_set_fifo_rate.str1.4
                0x0800ddfc        0xd CMakeFiles/clion_car_motor_hardware.elf.dir/Drivers/MPU6050_eMPL/inv_mpu_dmp_motion_driver.c.obj
 *fill*         0x0800de09        0x3 
 .rodata.dmp_enable_gyro_cal.str1.4
                0x0800de0c       0x16 CMakeFiles/clion_car_motor_hardware.elf.dir/Drivers/MPU6050_eMPL/inv_mpu_dmp_motion_driver.c.obj
 *fill*         0x0800de22        0x2 
 .rodata.dmp_memory
                0x0800de24      0xbf6 CMakeFiles/clion_car_motor_hardware.elf.dir/Drivers/MPU6050_eMPL/inv_mpu_dmp_motion_driver.c.obj
 *fill*         0x0800ea1a        0x2 
 .rodata.mpu_dmp_init.str1.4
                0x0800ea1c        0x8 CMakeFiles/clion_car_motor_hardware.elf.dir/Drivers/MPU6050_eMPL/inv_mpu_user.c.obj
 .rodata.vTaskStartScheduler.str1.4
                0x0800ea24        0x5 CMakeFiles/clion_car_motor_hardware.elf.dir/Middlewares/Third_Party/FreeRTOS/Source/tasks.c.obj
 *fill*         0x0800ea29        0x3 
 .rodata._global_impure_ptr
                0x0800ea2c        0x4 c:/progra~1/gcc-ar~1.10/bin/../lib/gcc/arm-none-eabi/10.3.1/../../../../arm-none-eabi/lib/thumb/v7e-m+fp/hard\libg.a(lib_a-impure.o)
                0x0800ea2c                _global_impure_ptr
 .rodata._puts_r.str1.4
                0x0800ea30        0x5 c:/progra~1/gcc-ar~1.10/bin/../lib/gcc/arm-none-eabi/10.3.1/../../../../arm-none-eabi/lib/thumb/v7e-m+fp/hard\libg.a(lib_a-puts.o)
                                  0x2 (size before relaxing)
 .rodata._vfprintf_r.str1.4
                0x0800ea30       0x42 c:/progra~1/gcc-ar~1.10/bin/../lib/gcc/arm-none-eabi/10.3.1/../../../../arm-none-eabi/lib/thumb/v7e-m+fp/hard\libg.a(lib_a-vfprintf.o)
 *fill*         0x0800ea72        0x2 
 .rodata.blanks.1
                0x0800ea74       0x10 c:/progra~1/gcc-ar~1.10/bin/../lib/gcc/arm-none-eabi/10.3.1/../../../../arm-none-eabi/lib/thumb/v7e-m+fp/hard\libg.a(lib_a-vfprintf.o)
 .rodata.zeroes.0
                0x0800ea84       0x10 c:/progra~1/gcc-ar~1.10/bin/../lib/gcc/arm-none-eabi/10.3.1/../../../../arm-none-eabi/lib/thumb/v7e-m+fp/hard\libg.a(lib_a-vfprintf.o)
 .rodata._dtoa_r.str1.4
                0x0800ea94       0xa2 c:/progra~1/gcc-ar~1.10/bin/../lib/gcc/arm-none-eabi/10.3.1/../../../../arm-none-eabi/lib/thumb/v7e-m+fp/hard\libg.a(lib_a-dtoa.o)
                                 0xa6 (size before relaxing)
 *fill*         0x0800eb36        0x2 
 .rodata.__multadd.str1.4
                0x0800eb38       0x7f c:/progra~1/gcc-ar~1.10/bin/../lib/gcc/arm-none-eabi/10.3.1/../../../../arm-none-eabi/lib/thumb/v7e-m+fp/hard\libg.a(lib_a-mprec.o)
                                 0x93 (size before relaxing)
 *fill*         0x0800ebb7        0x1 
 .rodata.__mprec_bigtens
                0x0800ebb8       0x28 c:/progra~1/gcc-ar~1.10/bin/../lib/gcc/arm-none-eabi/10.3.1/../../../../arm-none-eabi/lib/thumb/v7e-m+fp/hard\libg.a(lib_a-mprec.o)
                0x0800ebb8                __mprec_bigtens
 .rodata.__mprec_tens
                0x0800ebe0       0xc8 c:/progra~1/gcc-ar~1.10/bin/../lib/gcc/arm-none-eabi/10.3.1/../../../../arm-none-eabi/lib/thumb/v7e-m+fp/hard\libg.a(lib_a-mprec.o)
                0x0800ebe0                __mprec_tens
 .rodata.p05.0  0x0800eca8        0xc c:/progra~1/gcc-ar~1.10/bin/../lib/gcc/arm-none-eabi/10.3.1/../../../../arm-none-eabi/lib/thumb/v7e-m+fp/hard\libg.a(lib_a-mprec.o)
 .rodata._vfiprintf_r.str1.4
                0x0800ecb4       0x2f c:/progra~1/gcc-ar~1.10/bin/../lib/gcc/arm-none-eabi/10.3.1/../../../../arm-none-eabi/lib/thumb/v7e-m+fp/hard\libg.a(lib_a-vfiprintf.o)
 .rodata.blanks.1
                0x0800ecb4       0x10 c:/progra~1/gcc-ar~1.10/bin/../lib/gcc/arm-none-eabi/10.3.1/../../../../arm-none-eabi/lib/thumb/v7e-m+fp/hard\libg.a(lib_a-vfiprintf.o)
 .rodata.zeroes.0
                0x0800ecc4       0x10 c:/progra~1/gcc-ar~1.10/bin/../lib/gcc/arm-none-eabi/10.3.1/../../../../arm-none-eabi/lib/thumb/v7e-m+fp/hard\libg.a(lib_a-vfiprintf.o)
 .rodata.__assert_func.str1.4
                0x0800ecd4       0x3f c:/progra~1/gcc-ar~1.10/bin/../lib/gcc/arm-none-eabi/10.3.1/../../../../arm-none-eabi/lib/thumb/v7e-m+fp/hard\libg.a(lib_a-assert.o)
                                 0x43 (size before relaxing)
 *fill*         0x0800ed13        0x1 
 .rodata._setlocale_r.str1.4
                0x0800ed14        0xa c:/progra~1/gcc-ar~1.10/bin/../lib/gcc/arm-none-eabi/10.3.1/../../../../arm-none-eabi/lib/thumb/v7e-m+fp/hard\libg.a(lib_a-locale.o)
                                  0xd (size before relaxing)
 *fill*         0x0800ed1e        0x2 
 .rodata.str1.4
                0x0800ed20        0x2 c:/progra~1/gcc-ar~1.10/bin/../lib/gcc/arm-none-eabi/10.3.1/../../../../arm-none-eabi/lib/thumb/v7e-m+fp/hard\libg.a(lib_a-locale.o)
 *fill*         0x0800ed22        0x2 
 .rodata._ctype_
                0x0800ed24      0x101 c:/progra~1/gcc-ar~1.10/bin/../lib/gcc/arm-none-eabi/10.3.1/../../../../arm-none-eabi/lib/thumb/v7e-m+fp/hard\libg.a(lib_a-ctype_.o)
                0x0800ed24                _ctype_
 .rodata.asin.str1.4
                0x0800ee25        0x1 c:/progra~1/gcc-ar~1.10/bin/../lib/gcc/arm-none-eabi/10.3.1/../../../../arm-none-eabi/lib/thumb/v7e-m+fp/hard\libm.a(lib_a-w_asin.o)
 *fill*         0x0800ee25        0x3 
 .rodata.CSWTCH.8
                0x0800ee28       0x18 c:/progra~1/gcc-ar~1.10/bin/../lib/gcc/arm-none-eabi/10.3.1/../../../../arm-none-eabi/lib/thumb/v7e-m+fp/hard\libm.a(lib_a-e_atan2.o)
 .rodata.CSWTCH.9
                0x0800ee40       0x18 c:/progra~1/gcc-ar~1.10/bin/../lib/gcc/arm-none-eabi/10.3.1/../../../../arm-none-eabi/lib/thumb/v7e-m+fp/hard\libm.a(lib_a-e_atan2.o)
 .rodata.atanhi
                0x0800ee58       0x20 c:/progra~1/gcc-ar~1.10/bin/../lib/gcc/arm-none-eabi/10.3.1/../../../../arm-none-eabi/lib/thumb/v7e-m+fp/hard\libm.a(lib_a-s_atan.o)
 .rodata.atanlo
                0x0800ee78       0x20 c:/progra~1/gcc-ar~1.10/bin/../lib/gcc/arm-none-eabi/10.3.1/../../../../arm-none-eabi/lib/thumb/v7e-m+fp/hard\libm.a(lib_a-s_atan.o)
                0x0800ee98                . = ALIGN (0x4)

.ARM.extab      0x0800ee98        0x0
                0x0800ee98                . = ALIGN (0x4)
 *(.ARM.extab* .gnu.linkonce.armextab.*)
                0x0800ee98                . = ALIGN (0x4)

.ARM            0x0800ee98        0x8
                0x0800ee98                . = ALIGN (0x4)
                0x0800ee98                __exidx_start = .
 *(.ARM.exidx*)
 .ARM.exidx     0x0800ee98        0x8 c:/progra~1/gcc-ar~1.10/bin/../lib/gcc/arm-none-eabi/10.3.1/thumb/v7e-m+fp/hard\libgcc.a(_udivmoddi4.o)
                0x0800eea0                __exidx_end = .
                0x0800eea0                . = ALIGN (0x4)

.rel.dyn        0x0800eea0        0x0
 .rel.iplt      0x0800eea0        0x0 c:/progra~1/gcc-ar~1.10/bin/../lib/gcc/arm-none-eabi/10.3.1/thumb/v7e-m+fp/hard/crtbegin.o

.preinit_array  0x0800eea0        0x0
                0x0800eea0                . = ALIGN (0x4)
                0x0800eea0                PROVIDE (__preinit_array_start = .)
 *(.preinit_array*)
                0x0800eea0                PROVIDE (__preinit_array_end = .)
                0x0800eea0                . = ALIGN (0x4)

.init_array     0x0800eea0        0x8
                0x0800eea0                . = ALIGN (0x4)
                0x0800eea0                PROVIDE (__init_array_start = .)
 *(SORT_BY_NAME(.init_array.*))
 .init_array.00000
                0x0800eea0        0x4 c:/progra~1/gcc-ar~1.10/bin/../lib/gcc/arm-none-eabi/10.3.1/../../../../arm-none-eabi/lib/thumb/v7e-m+fp/hard\libg.a(lib_a-__call_atexit.o)
 *(.init_array*)
 .init_array    0x0800eea4        0x4 c:/progra~1/gcc-ar~1.10/bin/../lib/gcc/arm-none-eabi/10.3.1/thumb/v7e-m+fp/hard/crtbegin.o
                0x0800eea8                PROVIDE (__init_array_end = .)
                0x0800eea8                . = ALIGN (0x4)

.fini_array     0x0800eea8        0x4
                0x0800eea8                . = ALIGN (0x4)
                0x0800eea8                PROVIDE (__fini_array_start = .)
 *(SORT_BY_NAME(.fini_array.*))
 *(.fini_array*)
 .fini_array    0x0800eea8        0x4 c:/progra~1/gcc-ar~1.10/bin/../lib/gcc/arm-none-eabi/10.3.1/thumb/v7e-m+fp/hard/crtbegin.o
                0x0800eeac                PROVIDE (__fini_array_end = .)
                0x0800eeac                . = ALIGN (0x4)
                0x0800eeac                _sidata = LOADADDR (.data)

.data           0x20000000      0xa00 load address 0x0800eeac
                0x20000000                . = ALIGN (0x4)
                0x20000000                _sdata = .
 *(.data)
 *(.data*)
 .data.Motor_Dir
                0x20000000        0x1 CMakeFiles/clion_car_motor_hardware.elf.dir/Core/Src/bsp_bldc.c.obj
                0x20000000                Motor_Dir
 *fill*         0x20000001        0x3 
 .data.PWM_Duty
                0x20000004        0x4 CMakeFiles/clion_car_motor_hardware.elf.dir/Core/Src/bsp_bldc.c.obj
                0x20000004                PWM_Duty
 .data.fac_us   0x20000008        0x1 CMakeFiles/clion_car_motor_hardware.elf.dir/Core/Src/delay.c.obj
 *fill*         0x20000009        0x3 
 .data.SystemCoreClock
                0x2000000c        0x4 CMakeFiles/clion_car_motor_hardware.elf.dir/Core/Src/system_stm32f4xx.c.obj
                0x2000000c                SystemCoreClock
 .data.st       0x20000010       0x2c CMakeFiles/clion_car_motor_hardware.elf.dir/Drivers/MPU6050_eMPL/inv_mpu.c.obj
 .data.gyro_orientation
                0x2000003c        0x9 CMakeFiles/clion_car_motor_hardware.elf.dir/Drivers/MPU6050_eMPL/inv_mpu_user.c.obj
 .data.uwTickFreq
                0x20000045        0x1 CMakeFiles/clion_car_motor_hardware.elf.dir/Drivers/STM32F4xx_HAL_Driver/Src/stm32f4xx_hal.c.obj
                0x20000045                uwTickFreq
 *fill*         0x20000046        0x2 
 .data.uwTickPrio
                0x20000048        0x4 CMakeFiles/clion_car_motor_hardware.elf.dir/Drivers/STM32F4xx_HAL_Driver/Src/stm32f4xx_hal.c.obj
                0x20000048                uwTickPrio
 .data.uxCriticalNesting
                0x2000004c        0x4 CMakeFiles/clion_car_motor_hardware.elf.dir/Middlewares/Third_Party/FreeRTOS/Source/portable/GCC/ARM_CM4F/port.c.obj
 .data._impure_ptr
                0x20000050        0x4 c:/progra~1/gcc-ar~1.10/bin/../lib/gcc/arm-none-eabi/10.3.1/../../../../arm-none-eabi/lib/thumb/v7e-m+fp/hard\libg.a(lib_a-impure.o)
                0x20000050                _impure_ptr
 *fill*         0x20000054        0x4 